2026-01-14 00:23:25,253 [INFO] WebApp:194 - Connection lost
2026-01-14 00:23:25,479 [INFO] WebApp:191 - Connection restablished
2026-01-14 00:44:53,170 [INFO] WebApp:194 - Connection lost
2026-01-14 00:44:53,340 [INFO] WebApp:191 - Connection restablished
2026-01-14 00:53:27,212 [INFO] WebApp:194 - Connection lost
2026-01-14 00:53:27,472 [INFO] WebApp:191 - Connection restablished
2026-01-14 01:00:17,105 [INFO] WebApp:194 - Connection lost
2026-01-14 01:00:17,324 [INFO] WebApp:191 - Connection restablished
2026-01-14 01:23:27,264 [INFO] WebApp:194 - Connection lost
2026-01-14 01:23:27,490 [INFO] WebApp:191 - Connection restablished
2026-01-14 01:33:43,145 [INFO] WebApp:194 - Connection lost
2026-01-14 01:33:43,310 [INFO] WebApp:191 - Connection restablished
2026-01-14 01:53:27,731 [INFO] WebApp:194 - Connection lost
2026-01-14 01:53:27,914 [INFO] WebApp:191 - Connection restablished
2026-01-14 01:58:38,733 [INFO] WebApp:194 - Connection lost
2026-01-14 01:58:39,028 [INFO] WebApp:191 - Connection restablished
2026-01-14 02:23:29,684 [INFO] WebApp:194 - Connection lost
2026-01-14 02:23:29,896 [INFO] WebApp:191 - Connection restablished
2026-01-14 02:28:39,947 [INFO] WebApp:194 - Connection lost
2026-01-14 02:28:40,156 [INFO] WebApp:191 - Connection restablished
2026-01-14 02:53:30,710 [INFO] WebApp:194 - Connection lost
2026-01-14 02:53:30,935 [INFO] WebApp:191 - Connection restablished
2026-01-14 03:14:23,242 [INFO] WebApp:194 - Connection lost
2026-01-14 03:14:23,407 [INFO] WebApp:191 - Connection restablished
2026-01-14 03:23:31,532 [INFO] WebApp:194 - Connection lost
2026-01-14 03:23:31,693 [INFO] WebApp:191 - Connection restablished
2026-01-14 03:49:33,195 [INFO] WebApp:194 - Connection lost
2026-01-14 03:49:33,400 [INFO] WebApp:191 - Connection restablished
2026-01-14 03:53:31,648 [INFO] WebApp:194 - Connection lost
2026-01-14 03:53:31,797 [INFO] WebApp:191 - Connection restablished
2026-01-14 04:09:33,772 [INFO] WebApp:194 - Connection lost
2026-01-14 04:09:33,995 [INFO] WebApp:191 - Connection restablished
2026-01-14 04:23:31,742 [INFO] WebApp:194 - Connection lost
2026-01-14 04:23:31,951 [INFO] WebApp:191 - Connection restablished
2026-01-14 04:44:39,738 [INFO] WebApp:194 - Connection lost
2026-01-14 04:44:39,945 [INFO] WebApp:191 - Connection restablished
2026-01-14 04:53:32,275 [INFO] WebApp:194 - Connection lost
2026-01-14 04:53:32,480 [INFO] WebApp:191 - Connection restablished
2026-01-14 05:16:09,601 [INFO] WebApp:194 - Connection lost
2026-01-14 05:16:09,740 [INFO] WebApp:191 - Connection restablished
2026-01-14 05:23:32,705 [INFO] WebApp:194 - Connection lost
2026-01-14 05:23:32,895 [INFO] WebApp:191 - Connection restablished
2026-01-14 05:28:41,251 [INFO] WebApp:194 - Connection lost
2026-01-14 05:28:41,457 [INFO] WebApp:191 - Connection restablished
2026-01-14 05:53:33,261 [INFO] WebApp:194 - Connection lost
2026-01-14 05:53:33,466 [INFO] WebApp:191 - Connection restablished
2026-01-14 06:14:10,206 [INFO] WebApp:194 - Connection lost
2026-01-14 06:14:10,405 [INFO] WebApp:191 - Connection restablished
2026-01-14 06:23:36,222 [INFO] WebApp:194 - Connection lost
2026-01-14 06:23:36,392 [INFO] WebApp:191 - Connection restablished
2026-01-14 06:48:25,305 [INFO] WebApp:194 - Connection lost
2026-01-14 06:48:25,451 [INFO] WebApp:191 - Connection restablished
2026-01-14 06:53:36,983 [INFO] WebApp:194 - Connection lost
2026-01-14 06:53:37,187 [INFO] WebApp:191 - Connection restablished
2026-01-14 07:03:31,265 [INFO] WebApp:194 - Connection lost
2026-01-14 07:03:31,418 [INFO] WebApp:191 - Connection restablished
2026-01-14 07:23:37,484 [INFO] WebApp:194 - Connection lost
2026-01-14 07:23:37,637 [INFO] WebApp:191 - Connection restablished
2026-01-14 07:28:44,781 [INFO] WebApp:194 - Connection lost
2026-01-14 07:28:45,043 [INFO] WebApp:191 - Connection restablished
2026-01-14 07:53:37,781 [INFO] WebApp:194 - Connection lost
2026-01-14 07:53:37,932 [INFO] WebApp:191 - Connection restablished
2026-01-14 08:23:37,761 [INFO] WebApp:194 - Connection lost
2026-01-14 08:23:37,914 [INFO] WebApp:191 - Connection restablished
2026-01-14 08:53:39,536 [INFO] WebApp:194 - Connection lost
2026-01-14 08:53:39,692 [INFO] WebApp:191 - Connection restablished
2026-01-14 08:54:18,022 [INFO] WebApp:194 - Connection lost
2026-01-14 08:54:18,177 [INFO] WebApp:191 - Connection restablished
2026-01-14 08:59:27,565 [INFO] WebApp:194 - Connection lost
2026-01-14 08:59:27,717 [INFO] WebApp:191 - Connection restablished
2026-01-14 09:18:04,416 [INFO] WebApp:194 - Connection lost
2026-01-14 09:18:04,561 [INFO] WebApp:191 - Connection restablished
2026-01-14 09:19:09,520 [INFO] WebApp:194 - Connection lost
2026-01-14 09:19:09,668 [INFO] WebApp:191 - Connection restablished
2026-01-14 09:23:40,012 [INFO] WebApp:194 - Connection lost
2026-01-14 09:23:40,170 [INFO] WebApp:191 - Connection restablished
2026-01-14 09:47:49,505 [INFO] WebApp:194 - Connection lost
2026-01-14 09:47:49,660 [INFO] WebApp:191 - Connection restablished
2026-01-14 09:53:40,996 [INFO] WebApp:194 - Connection lost
2026-01-14 09:53:41,150 [INFO] WebApp:191 - Connection restablished
2026-01-14 10:02:19,516 [INFO] WebApp:194 - Connection lost
2026-01-14 10:02:19,671 [INFO] WebApp:191 - Connection restablished
2026-01-14 10:23:43,025 [INFO] WebApp:194 - Connection lost
2026-01-14 10:23:43,179 [INFO] WebApp:191 - Connection restablished
2026-01-14 10:32:04,507 [INFO] WebApp:194 - Connection lost
2026-01-14 10:32:04,663 [INFO] WebApp:191 - Connection restablished
2026-01-14 10:35:57,617 [INFO] UtilMem:75 - End SaveConfig() Used Memory: 873618144 Bytes (1073741824)
2026-01-14 10:35:58,772 [INFO] UtilMem:75 - End SaveConfig() Used Memory: 893228032 Bytes (1073741824)
2026-01-14 10:36:00,528 [INFO] UtilMem:75 - End SaveConfig() Used Memory: 969564896 Bytes (1073741824)
2026-01-14 10:36:00,977 [INFO] BlockDiagram:2775 - set Specific Code input for plugin: NVIC
2026-01-14 10:36:00,977 [INFO] BlockDiagram:2775 - set Specific Code input for plugin: SYS
2026-01-14 10:36:00,977 [INFO] BlockDiagram:2775 - set Specific Code input for plugin: GPIO
2026-01-14 10:36:00,977 [INFO] BlockDiagram:2775 - set Specific Code input for plugin: RCC
2026-01-14 10:36:00,977 [INFO] BlockDiagram:2775 - set Specific Code input for plugin: LPUART
2026-01-14 10:36:00,979 [INFO] CodeGenerator:892 - code generatio: config db path: C:\ST\STM32CubeIDE_1.19.0\STM32CubeIDE\plugins\com.st.stm32cube.common.mx_6.15.0.202507011659\\db\
2026-01-14 10:36:01,102 [INFO] CodeEngine:265 - oldGeneratedFile, C:\Users\CAMMSYS\STM32CubeIDE\workspace_1.19.0\ch2_led_matrix_v2\MXTmpFiles\license.tmp_save
2026-01-14 10:36:01,343 [INFO] CodeEngine:289 - Generated code: C:\Users\CAMMSYS\STM32CubeIDE\workspace_1.19.0\ch2_led_matrix_v2\MXTmpFiles\license.tmp
2026-01-14 10:36:01,413 [INFO] CodeEngine:265 - oldGeneratedFile, C:\Users\CAMMSYS\STM32CubeIDE\workspace_1.19.0\ch2_led_matrix_v2\MXTmpFiles\gpio.tmp_save
2026-01-14 10:36:01,553 [INFO] CodeEngine:289 - Generated code: C:\Users\CAMMSYS\STM32CubeIDE\workspace_1.19.0\ch2_led_matrix_v2\MXTmpFiles\gpio.tmp
2026-01-14 10:36:01,675 [INFO] CodeEngine:265 - oldGeneratedFile, C:\Users\CAMMSYS\STM32CubeIDE\workspace_1.19.0\ch2_led_matrix_v2\Core\Src\stm32l4xx_it.c_save
2026-01-14 10:36:01,889 [INFO] CodeEngine:289 - Generated code: C:\Users\CAMMSYS\STM32CubeIDE\workspace_1.19.0\ch2_led_matrix_v2\Core\Src\stm32l4xx_it.c
2026-01-14 10:36:01,903 [INFO] CodeEngine:265 - oldGeneratedFile, C:\Users\CAMMSYS\STM32CubeIDE\workspace_1.19.0\ch2_led_matrix_v2\Core\Inc\stm32l4xx_it.h_save
2026-01-14 10:36:01,997 [INFO] CodeEngine:289 - Generated code: C:\Users\CAMMSYS\STM32CubeIDE\workspace_1.19.0\ch2_led_matrix_v2\Core\Inc\stm32l4xx_it.h
2026-01-14 10:36:02,030 [INFO] CodeEngine:265 - oldGeneratedFile, C:\Users\CAMMSYS\STM32CubeIDE\workspace_1.19.0\ch2_led_matrix_v2\Core\Src\stm32l4xx_hal_msp.c_save
2026-01-14 10:36:02,177 [INFO] CodeEngine:289 - Generated code: C:\Users\CAMMSYS\STM32CubeIDE\workspace_1.19.0\ch2_led_matrix_v2\Core\Src\stm32l4xx_hal_msp.c
2026-01-14 10:36:02,189 [INFO] CodeEngine:265 - oldGeneratedFile, C:\Users\CAMMSYS\STM32CubeIDE\workspace_1.19.0\ch2_led_matrix_v2\MXTmpFiles\system.tmp_save
2026-01-14 10:36:02,245 [INFO] CodeEngine:289 - Generated code: C:\Users\CAMMSYS\STM32CubeIDE\workspace_1.19.0\ch2_led_matrix_v2\MXTmpFiles\system.tmp
2026-01-14 10:36:02,265 [INFO] CodeEngine:321 - oldGeneratedFile, C:\Users\CAMMSYS\STM32CubeIDE\workspace_1.19.0\ch2_led_matrix_v2\Core\Inc\stm32l4xx_hal_conf.h_save
2026-01-14 10:36:02,327 [INFO] CodeEngine:345 - Generated code: C:\Users\CAMMSYS\STM32CubeIDE\workspace_1.19.0\ch2_led_matrix_v2\Core\Inc\stm32l4xx_hal_conf.h
2026-01-14 10:36:02,360 [INFO] CodeEngine:265 - oldGeneratedFile, C:\Users\CAMMSYS\STM32CubeIDE\workspace_1.19.0\ch2_led_matrix_v2\Core\Inc\main.h_save
2026-01-14 10:36:02,453 [INFO] CodeEngine:289 - Generated code: C:\Users\CAMMSYS\STM32CubeIDE\workspace_1.19.0\ch2_led_matrix_v2\Core\Inc\main.h
2026-01-14 10:36:02,466 [INFO] CodeEngine:265 - oldGeneratedFile, C:\Users\CAMMSYS\STM32CubeIDE\workspace_1.19.0\ch2_led_matrix_v2\Core\Src\main.c_save
2026-01-14 10:36:02,561 [INFO] CodeEngine:289 - Generated code: C:\Users\CAMMSYS\STM32CubeIDE\workspace_1.19.0\ch2_led_matrix_v2\Core\Src\main.c
2026-01-14 10:36:03,355 [INFO] ProjectBuilder:3606 - Time for Copy HAL[1] : 581mS.
2026-01-14 10:36:03,359 [INFO] ProjectBuilder:5216 - Project Generator version: 4.7.0-B52
2026-01-14 10:36:03,421 [INFO] ConfigFileManager:1595 - The Die is : DIE464
2026-01-14 10:36:04,544 [INFO] ProjectBuilder:5496 - Time for Generating toolchain IDE Files: 1184mS.
2026-01-14 10:36:04,545 [INFO] ProjectBuilder:3463 - Time for Copy CMSIS : 1mS.
2026-01-14 10:36:04,557 [INFO] ProjectBuilder:3463 - Time for Copy CMSIS : 0mS.
2026-01-14 10:53:44,085 [INFO] WebApp:194 - Connection lost
2026-01-14 10:53:44,245 [INFO] WebApp:191 - Connection restablished
2026-01-14 11:14:13,964 [INFO] WebApp:194 - Connection lost
2026-01-14 11:14:14,140 [INFO] WebApp:191 - Connection restablished
2026-01-14 11:23:45,832 [INFO] WebApp:194 - Connection lost
2026-01-14 11:23:45,988 [INFO] WebApp:191 - Connection restablished
2026-01-14 11:26:10,505 [INFO] WebApp:194 - Connection lost
2026-01-14 11:26:10,663 [INFO] WebApp:191 - Connection restablished
2026-01-14 11:28:53,026 [INFO] WebApp:194 - Connection lost
2026-01-14 11:28:53,183 [INFO] WebApp:191 - Connection restablished
2026-01-14 11:53:45,509 [INFO] WebApp:194 - Connection lost
2026-01-14 11:53:45,664 [INFO] WebApp:191 - Connection restablished
2026-01-14 11:58:54,398 [INFO] WebApp:194 - Connection lost
2026-01-14 11:58:54,570 [INFO] WebApp:191 - Connection restablished
2026-01-14 12:23:47,513 [INFO] WebApp:194 - Connection lost
2026-01-14 12:23:47,713 [INFO] WebApp:191 - Connection restablished
2026-01-14 12:44:39,046 [INFO] WebApp:194 - Connection lost
2026-01-14 12:44:39,212 [INFO] WebApp:191 - Connection restablished
2026-01-14 12:53:48,039 [INFO] WebApp:194 - Connection lost
2026-01-14 12:53:48,200 [INFO] WebApp:191 - Connection restablished
2026-01-14 13:19:15,500 [INFO] WebApp:194 - Connection lost
2026-01-14 13:19:15,671 [INFO] WebApp:191 - Connection restablished
2026-01-14 13:23:49,741 [INFO] WebApp:194 - Connection lost
2026-01-14 13:23:49,989 [INFO] WebApp:191 - Connection restablished
2026-01-14 13:37:56,483 [INFO] WebApp:194 - Connection lost
2026-01-14 13:37:56,652 [INFO] WebApp:191 - Connection restablished
2026-01-14 13:53:50,513 [INFO] WebApp:194 - Connection lost
2026-01-14 13:53:50,673 [INFO] WebApp:191 - Connection restablished
2026-01-14 13:58:59,987 [INFO] WebApp:194 - Connection lost
2026-01-14 13:59:00,158 [INFO] WebApp:191 - Connection restablished
2026-01-14 14:23:52,000 [INFO] WebApp:194 - Connection lost
2026-01-14 14:23:52,161 [INFO] WebApp:191 - Connection restablished
2026-01-14 14:29:00,502 [INFO] WebApp:194 - Connection lost
2026-01-14 14:29:00,661 [INFO] WebApp:191 - Connection restablished
2026-01-14 14:50:34,168 [INFO] Gpio:278 - dependency for GPIO [LPUART1, RCC, SYS]
2026-01-14 14:50:34,450 [INFO] Gpio:278 - dependency for GPIO [LPUART1, RCC, SYS]
2026-01-14 14:53:52,535 [INFO] WebApp:194 - Connection lost
2026-01-14 14:53:52,795 [INFO] WebApp:191 - Connection restablished
2026-01-14 15:14:23,038 [INFO] WebApp:194 - Connection lost
2026-01-14 15:14:23,202 [INFO] WebApp:191 - Connection restablished
2026-01-14 15:23:53,015 [INFO] WebApp:194 - Connection lost
2026-01-14 15:23:53,175 [INFO] WebApp:191 - Connection restablished
2026-01-14 15:29:01,602 [INFO] WebApp:194 - Connection lost
2026-01-14 15:29:01,763 [INFO] WebApp:191 - Connection restablished
2026-01-14 15:53:54,065 [INFO] WebApp:194 - Connection lost
2026-01-14 15:53:54,230 [INFO] WebApp:191 - Connection restablished
2026-01-14 15:59:02,493 [INFO] WebApp:194 - Connection lost
2026-01-14 15:59:02,640 [INFO] WebApp:191 - Connection restablished
2026-01-14 16:23:54,515 [INFO] WebApp:194 - Connection lost
2026-01-14 16:23:54,705 [INFO] WebApp:191 - Connection restablished
2026-01-14 16:29:03,015 [INFO] WebApp:194 - Connection lost
2026-01-14 16:29:03,164 [INFO] WebApp:191 - Connection restablished
2026-01-14 16:53:56,477 [INFO] WebApp:194 - Connection lost
2026-01-14 16:53:56,635 [INFO] WebApp:191 - Connection restablished
2026-01-14 16:59:04,988 [INFO] WebApp:194 - Connection lost
2026-01-14 16:59:05,167 [INFO] WebApp:191 - Connection restablished
2026-01-14 17:23:57,017 [INFO] WebApp:194 - Connection lost
2026-01-14 17:23:57,182 [INFO] WebApp:191 - Connection restablished
2026-01-14 17:40:46,000 [INFO] WebApp:194 - Connection lost
2026-01-14 17:40:46,180 [INFO] WebApp:191 - Connection restablished
2026-01-14 17:53:58,537 [INFO] WebApp:194 - Connection lost
2026-01-14 17:53:58,692 [INFO] WebApp:191 - Connection restablished
2026-01-14 17:59:07,029 [INFO] WebApp:194 - Connection lost
2026-01-14 17:59:07,190 [INFO] WebApp:191 - Connection restablished
2026-01-14 18:23:59,084 [INFO] WebApp:194 - Connection lost
2026-01-14 18:23:59,255 [INFO] WebApp:191 - Connection restablished
2026-01-14 18:29:08,036 [INFO] WebApp:194 - Connection lost
2026-01-14 18:29:08,198 [INFO] WebApp:191 - Connection restablished
2026-01-14 18:53:59,514 [INFO] WebApp:194 - Connection lost
2026-01-14 18:53:59,691 [INFO] WebApp:191 - Connection restablished
2026-01-14 18:59:04,545 [INFO] WebApp:194 - Connection lost
2026-01-14 18:59:04,705 [INFO] WebApp:191 - Connection restablished
2026-01-14 19:24:00,032 [INFO] WebApp:194 - Connection lost
2026-01-14 19:24:00,197 [INFO] WebApp:191 - Connection restablished
2026-01-14 19:29:08,573 [INFO] WebApp:194 - Connection lost
2026-01-14 19:29:08,727 [INFO] WebApp:191 - Connection restablished
2026-01-14 19:54:00,550 [INFO] WebApp:194 - Connection lost
2026-01-14 19:54:00,768 [INFO] WebApp:191 - Connection restablished
2026-01-14 20:14:30,988 [INFO] WebApp:194 - Connection lost
2026-01-14 20:14:31,200 [INFO] WebApp:191 - Connection restablished
2026-01-14 20:24:00,530 [INFO] WebApp:194 - Connection lost
2026-01-14 20:24:00,718 [INFO] WebApp:191 - Connection restablished
2026-01-14 20:29:09,044 [INFO] WebApp:194 - Connection lost
2026-01-14 20:29:09,207 [INFO] WebApp:191 - Connection restablished
2026-01-14 20:54:02,027 [INFO] WebApp:194 - Connection lost
2026-01-14 20:54:02,279 [INFO] WebApp:191 - Connection restablished
2026-01-14 21:17:51,049 [INFO] WebApp:194 - Connection lost
2026-01-14 21:17:51,284 [INFO] WebApp:191 - Connection restablished
2026-01-14 21:24:03,531 [INFO] WebApp:194 - Connection lost
2026-01-14 21:24:03,698 [INFO] WebApp:191 - Connection restablished
2026-01-14 21:29:08,059 [INFO] WebApp:194 - Connection lost
2026-01-14 21:29:08,282 [INFO] WebApp:191 - Connection restablished
2026-01-14 21:54:05,070 [INFO] WebApp:194 - Connection lost
2026-01-14 21:54:05,333 [INFO] WebApp:191 - Connection restablished
2026-01-14 22:17:08,538 [INFO] WebApp:194 - Connection lost
2026-01-14 22:17:08,701 [INFO] WebApp:191 - Connection restablished
2026-01-14 22:24:05,047 [INFO] WebApp:194 - Connection lost
2026-01-14 22:24:05,230 [INFO] WebApp:191 - Connection restablished
2026-01-14 22:29:14,525 [INFO] WebApp:194 - Connection lost
2026-01-14 22:29:14,737 [INFO] WebApp:191 - Connection restablished
2026-01-14 22:54:05,551 [INFO] WebApp:194 - Connection lost
2026-01-14 22:54:05,712 [INFO] WebApp:191 - Connection restablished
2026-01-14 22:59:14,013 [INFO] WebApp:194 - Connection lost
2026-01-14 22:59:14,199 [INFO] WebApp:191 - Connection restablished
2026-01-14 23:24:06,545 [INFO] WebApp:194 - Connection lost
2026-01-14 23:24:06,706 [INFO] WebApp:191 - Connection restablished
2026-01-14 23:29:16,549 [INFO] WebApp:194 - Connection lost
2026-01-14 23:29:16,707 [INFO] WebApp:191 - Connection restablished
2026-01-14 23:54:07,566 [INFO] WebApp:194 - Connection lost
2026-01-14 23:54:07,718 [INFO] WebApp:191 - Connection restablished
2026-01-14 23:59:14,040 [INFO] WebApp:194 - Connection lost
2026-01-14 23:59:14,208 [INFO] WebApp:191 - Connection restablished
