2026-01-21 00:23:57,106 [INFO] WebApp:194 - Connection lost
2026-01-21 00:23:57,316 [INFO] WebApp:191 - Connection restablished
2026-01-21 00:54:00,601 [INFO] WebApp:194 - Connection lost
2026-01-21 00:54:00,750 [INFO] WebApp:191 - Connection restablished
2026-01-21 01:24:00,651 [INFO] WebApp:194 - Connection lost
2026-01-21 01:24:00,936 [INFO] WebApp:191 - Connection restablished
2026-01-21 01:27:11,618 [INFO] WebApp:194 - Connection lost
2026-01-21 01:27:11,790 [INFO] WebApp:191 - Connection restablished
2026-01-21 01:54:02,631 [INFO] WebApp:194 - Connection lost
2026-01-21 01:54:02,783 [INFO] WebApp:191 - Connection restablished
2026-01-21 02:24:04,612 [INFO] WebApp:194 - Connection lost
2026-01-21 02:24:04,766 [INFO] WebApp:191 - Connection restablished
2026-01-21 02:54:06,639 [INFO] WebApp:194 - Connection lost
2026-01-21 02:54:06,815 [INFO] WebApp:191 - Connection restablished
2026-01-21 03:24:07,555 [INFO] WebApp:194 - Connection lost
2026-01-21 03:24:07,710 [INFO] WebApp:191 - Connection restablished
2026-01-21 03:54:08,604 [INFO] WebApp:194 - Connection lost
2026-01-21 03:54:08,825 [INFO] WebApp:191 - Connection restablished
2026-01-21 04:24:10,102 [INFO] WebApp:194 - Connection lost
2026-01-21 04:24:10,253 [INFO] WebApp:191 - Connection restablished
2026-01-21 04:54:11,129 [INFO] WebApp:194 - Connection lost
2026-01-21 04:54:11,279 [INFO] WebApp:191 - Connection restablished
2026-01-21 05:24:14,101 [INFO] WebApp:194 - Connection lost
2026-01-21 05:24:14,252 [INFO] WebApp:191 - Connection restablished
2026-01-21 05:52:39,255 [INFO] WebApp:194 - Connection lost
2026-01-21 05:52:39,405 [INFO] WebApp:191 - Connection restablished
2026-01-21 05:54:17,659 [INFO] WebApp:194 - Connection lost
2026-01-21 05:54:17,826 [INFO] WebApp:191 - Connection restablished
2026-01-21 06:24:19,570 [INFO] WebApp:194 - Connection lost
2026-01-21 06:24:19,723 [INFO] WebApp:191 - Connection restablished
2026-01-21 06:54:21,092 [INFO] WebApp:194 - Connection lost
2026-01-21 06:54:21,309 [INFO] WebApp:191 - Connection restablished
2026-01-21 07:24:26,128 [INFO] WebApp:194 - Connection lost
2026-01-21 07:24:26,343 [INFO] WebApp:191 - Connection restablished
2026-01-21 07:54:27,619 [INFO] WebApp:194 - Connection lost
2026-01-21 07:54:27,785 [INFO] WebApp:191 - Connection restablished
2026-01-21 08:24:29,163 [INFO] WebApp:194 - Connection lost
2026-01-21 08:24:29,313 [INFO] WebApp:191 - Connection restablished
2026-01-21 08:54:31,825 [INFO] WebApp:194 - Connection lost
2026-01-21 08:54:31,980 [INFO] WebApp:191 - Connection restablished
2026-01-21 09:03:19,324 [INFO] WebApp:194 - Connection lost
2026-01-21 09:03:19,484 [INFO] WebApp:191 - Connection restablished
2026-01-21 09:24:33,755 [INFO] WebApp:194 - Connection lost
2026-01-21 09:24:33,972 [INFO] WebApp:191 - Connection restablished
2026-01-21 09:39:00,781 [INFO] WebApp:194 - Connection lost
2026-01-21 09:39:00,964 [INFO] WebApp:191 - Connection restablished
2026-01-21 09:54:35,834 [INFO] WebApp:194 - Connection lost
2026-01-21 09:54:36,038 [INFO] WebApp:191 - Connection restablished
2026-01-21 10:24:37,869 [INFO] WebApp:194 - Connection lost
2026-01-21 10:24:38,033 [INFO] WebApp:191 - Connection restablished
2026-01-21 10:54:38,832 [INFO] WebApp:194 - Connection lost
2026-01-21 10:54:39,018 [INFO] WebApp:191 - Connection restablished
2026-01-21 11:18:32,364 [INFO] WebApp:194 - Connection lost
2026-01-21 11:18:32,546 [INFO] WebApp:191 - Connection restablished
2026-01-21 11:24:41,361 [INFO] WebApp:194 - Connection lost
2026-01-21 11:24:41,577 [INFO] WebApp:191 - Connection restablished
2026-01-21 11:36:43,899 [INFO] WebApp:194 - Connection lost
2026-01-21 11:37:30,809 [INFO] WebApp:191 - Connection restablished
2026-01-21 11:37:32,844 [INFO] WebApp:194 - Connection lost
2026-01-21 11:37:33,035 [INFO] WebApp:191 - Connection restablished
2026-01-21 11:37:34,849 [INFO] WebApp:194 - Connection lost
2026-01-21 11:37:34,998 [INFO] WebApp:191 - Connection restablished
2026-01-21 11:39:19,862 [INFO] WebApp:194 - Connection lost
2026-01-21 11:39:20,022 [INFO] WebApp:191 - Connection restablished
2026-01-21 11:39:32,321 [INFO] WebApp:194 - Connection lost
2026-01-21 11:39:32,469 [INFO] WebApp:191 - Connection restablished
2026-01-21 11:40:50,610 [INFO] WebApp:194 - Connection lost
2026-01-21 11:40:50,766 [INFO] WebApp:191 - Connection restablished
2026-01-21 11:41:26,431 [INFO] WebApp:194 - Connection lost
2026-01-21 11:41:26,602 [INFO] WebApp:191 - Connection restablished
2026-01-21 11:41:29,683 [INFO] WebApp:194 - Connection lost
2026-01-21 11:41:29,854 [INFO] WebApp:191 - Connection restablished
2026-01-21 11:41:43,790 [INFO] WebApp:194 - Connection lost
2026-01-21 11:41:43,937 [INFO] WebApp:191 - Connection restablished
2026-01-21 11:41:49,876 [INFO] WebApp:194 - Connection lost
2026-01-21 11:41:50,028 [INFO] WebApp:191 - Connection restablished
2026-01-21 11:42:15,169 [INFO] WebApp:194 - Connection lost
2026-01-21 11:42:15,327 [INFO] WebApp:191 - Connection restablished
2026-01-21 11:42:47,363 [INFO] WebApp:194 - Connection lost
2026-01-21 11:42:47,528 [INFO] WebApp:191 - Connection restablished
2026-01-21 11:43:17,199 [INFO] WebApp:403 - JxBrowser engine has been closed 
2026-01-21 14:43:11,718 [INFO] Gpio:278 - dependency for GPIO [LPUART1, RCC, SYS]
2026-01-21 14:43:47,325 [INFO] UtilMem:75 - End SaveConfig() Used Memory: 708970560 Bytes (1073741824)
2026-01-21 14:43:48,641 [INFO] UtilMem:75 - End SaveConfig() Used Memory: 741446968 Bytes (1073741824)
2026-01-21 14:43:48,893 [INFO] UtilMem:75 - End SaveConfig() Used Memory: 795448632 Bytes (1073741824)
2026-01-21 14:43:49,411 [INFO] BlockDiagram:2775 - set Specific Code input for plugin: NVIC
2026-01-21 14:43:49,411 [INFO] BlockDiagram:2775 - set Specific Code input for plugin: TIM1_8L4
2026-01-21 14:43:49,411 [INFO] BlockDiagram:2775 - set Specific Code input for plugin: SYS
2026-01-21 14:43:49,411 [INFO] BlockDiagram:2775 - set Specific Code input for plugin: GPIO
2026-01-21 14:43:49,411 [INFO] BlockDiagram:2775 - set Specific Code input for plugin: RCC
2026-01-21 14:43:49,412 [INFO] BlockDiagram:2775 - set Specific Code input for plugin: LPUART
2026-01-21 14:43:49,415 [INFO] CodeGenerator:892 - code generatio: config db path: C:\ST\STM32CubeIDE_1.19.0\STM32CubeIDE\plugins\com.st.stm32cube.common.mx_6.15.0.202507011659\\db\
2026-01-21 14:43:49,736 [INFO] CodeEngine:265 - oldGeneratedFile, C:\Users\CAMMSYS\STM32CubeIDE\workspace_1.19.0\ch3_IR_remote\MXTmpFiles\license.tmp_save
2026-01-21 14:43:49,940 [INFO] CodeEngine:289 - Generated code: C:\Users\CAMMSYS\STM32CubeIDE\workspace_1.19.0\ch3_IR_remote\MXTmpFiles\license.tmp
2026-01-21 14:43:49,985 [INFO] CodeEngine:265 - oldGeneratedFile, C:\Users\CAMMSYS\STM32CubeIDE\workspace_1.19.0\ch3_IR_remote\MXTmpFiles\gpio.tmp_save
2026-01-21 14:43:50,116 [INFO] CodeEngine:289 - Generated code: C:\Users\CAMMSYS\STM32CubeIDE\workspace_1.19.0\ch3_IR_remote\MXTmpFiles\gpio.tmp
2026-01-21 14:43:50,214 [INFO] CodeEngine:265 - oldGeneratedFile, C:\Users\CAMMSYS\STM32CubeIDE\workspace_1.19.0\ch3_IR_remote\Core\Src\stm32l4xx_it.c_save
2026-01-21 14:43:50,425 [INFO] CodeEngine:289 - Generated code: C:\Users\CAMMSYS\STM32CubeIDE\workspace_1.19.0\ch3_IR_remote\Core\Src\stm32l4xx_it.c
2026-01-21 14:43:50,443 [INFO] CodeEngine:265 - oldGeneratedFile, C:\Users\CAMMSYS\STM32CubeIDE\workspace_1.19.0\ch3_IR_remote\Core\Inc\stm32l4xx_it.h_save
2026-01-21 14:43:50,533 [INFO] CodeEngine:289 - Generated code: C:\Users\CAMMSYS\STM32CubeIDE\workspace_1.19.0\ch3_IR_remote\Core\Inc\stm32l4xx_it.h
2026-01-21 14:43:50,562 [INFO] CodeEngine:265 - oldGeneratedFile, C:\Users\CAMMSYS\STM32CubeIDE\workspace_1.19.0\ch3_IR_remote\Core\Src\stm32l4xx_hal_msp.c_save
2026-01-21 14:43:50,687 [INFO] CodeEngine:289 - Generated code: C:\Users\CAMMSYS\STM32CubeIDE\workspace_1.19.0\ch3_IR_remote\Core\Src\stm32l4xx_hal_msp.c
2026-01-21 14:43:50,704 [INFO] CodeEngine:265 - oldGeneratedFile, C:\Users\CAMMSYS\STM32CubeIDE\workspace_1.19.0\ch3_IR_remote\MXTmpFiles\system.tmp_save
2026-01-21 14:43:50,774 [INFO] CodeEngine:289 - Generated code: C:\Users\CAMMSYS\STM32CubeIDE\workspace_1.19.0\ch3_IR_remote\MXTmpFiles\system.tmp
2026-01-21 14:43:50,811 [INFO] CodeEngine:321 - oldGeneratedFile, C:\Users\CAMMSYS\STM32CubeIDE\workspace_1.19.0\ch3_IR_remote\Core\Inc\stm32l4xx_hal_conf.h_save
2026-01-21 14:43:50,878 [INFO] CodeEngine:345 - Generated code: C:\Users\CAMMSYS\STM32CubeIDE\workspace_1.19.0\ch3_IR_remote\Core\Inc\stm32l4xx_hal_conf.h
2026-01-21 14:43:50,898 [WARN] IPConfigManager:3811 - IP not found : TIM
2026-01-21 14:43:50,900 [WARN] CodeGenerator:4259 - IP not found : null
2026-01-21 14:43:50,921 [INFO] CodeEngine:265 - oldGeneratedFile, C:\Users\CAMMSYS\STM32CubeIDE\workspace_1.19.0\ch3_IR_remote\Core\Inc\main.h_save
2026-01-21 14:43:51,030 [INFO] CodeEngine:289 - Generated code: C:\Users\CAMMSYS\STM32CubeIDE\workspace_1.19.0\ch3_IR_remote\Core\Inc\main.h
2026-01-21 14:43:51,064 [INFO] CodeEngine:265 - oldGeneratedFile, C:\Users\CAMMSYS\STM32CubeIDE\workspace_1.19.0\ch3_IR_remote\Core\Src\main.c_save
2026-01-21 14:43:51,174 [INFO] CodeEngine:289 - Generated code: C:\Users\CAMMSYS\STM32CubeIDE\workspace_1.19.0\ch3_IR_remote\Core\Src\main.c
2026-01-21 14:43:51,889 [INFO] ProjectBuilder:3606 - Time for Copy HAL[1] : 595mS.
2026-01-21 14:43:51,896 [INFO] ProjectBuilder:5216 - Project Generator version: 4.7.0-B52
2026-01-21 14:43:51,950 [INFO] ConfigFileManager:1595 - The Die is : DIE464
2026-01-21 14:43:53,120 [INFO] ProjectBuilder:5496 - Time for Generating toolchain IDE Files: 1224mS.
2026-01-21 14:43:53,123 [INFO] ProjectBuilder:3463 - Time for Copy CMSIS : 2mS.
2026-01-21 14:43:53,129 [INFO] ProjectBuilder:3463 - Time for Copy CMSIS : 0mS.
