2026-01-08 08:51:37,839 [INFO] WebApp:194 - Connection lost
2026-01-08 08:51:42,131 [INFO] WebApp:191 - Connection restablished
2026-01-08 08:51:42,438 [INFO] WebApp:194 - Connection lost
2026-01-08 08:51:42,638 [INFO] WebApp:191 - Connection restablished
2026-01-08 08:51:45,250 [INFO] WebApp:194 - Connection lost
2026-01-08 08:51:45,445 [INFO] WebApp:191 - Connection restablished
2026-01-08 08:52:10,246 [INFO] WebApp:194 - Connection lost
2026-01-08 08:52:10,412 [INFO] WebApp:191 - Connection restablished
2026-01-08 09:21:44,552 [INFO] WebApp:194 - Connection lost
2026-01-08 09:21:44,727 [INFO] WebApp:191 - Connection restablished
2026-01-08 09:26:53,988 [INFO] WebApp:194 - Connection lost
2026-01-08 09:26:54,158 [INFO] WebApp:191 - Connection restablished
2026-01-08 09:51:45,915 [INFO] WebApp:194 - Connection lost
2026-01-08 09:51:46,112 [INFO] WebApp:191 - Connection restablished
2026-01-08 09:54:26,581 [INFO] WebApp:194 - Connection lost
2026-01-08 09:54:26,735 [INFO] WebApp:191 - Connection restablished
2026-01-08 09:56:07,504 [INFO] WebApp:194 - Connection lost
2026-01-08 09:56:07,680 [INFO] WebApp:191 - Connection restablished
2026-01-08 09:57:19,053 [INFO] WebApp:194 - Connection lost
2026-01-08 09:57:19,214 [INFO] WebApp:191 - Connection restablished
2026-01-08 10:21:45,527 [INFO] WebApp:194 - Connection lost
2026-01-08 10:21:45,699 [INFO] WebApp:191 - Connection restablished
2026-01-08 10:47:40,546 [INFO] WebApp:194 - Connection lost
2026-01-08 10:47:40,722 [INFO] WebApp:191 - Connection restablished
2026-01-08 10:50:44,027 [INFO] WebApp:194 - Connection lost
2026-01-08 10:50:44,206 [INFO] WebApp:191 - Connection restablished
2026-01-08 10:51:46,023 [INFO] WebApp:194 - Connection lost
2026-01-08 10:51:46,179 [INFO] WebApp:191 - Connection restablished
2026-01-08 11:21:46,528 [INFO] WebApp:194 - Connection lost
2026-01-08 11:21:46,693 [INFO] WebApp:191 - Connection restablished
2026-01-08 11:51:47,906 [INFO] WebApp:194 - Connection lost
2026-01-08 11:51:48,071 [INFO] WebApp:191 - Connection restablished
2026-01-08 12:21:49,843 [INFO] WebApp:194 - Connection lost
2026-01-08 12:21:50,014 [INFO] WebApp:191 - Connection restablished
2026-01-08 12:51:49,070 [INFO] WebApp:194 - Connection lost
2026-01-08 12:51:49,242 [INFO] WebApp:191 - Connection restablished
2026-01-08 13:21:51,794 [INFO] WebApp:194 - Connection lost
2026-01-08 13:21:51,980 [INFO] WebApp:191 - Connection restablished
2026-01-08 13:51:51,705 [INFO] WebApp:194 - Connection lost
2026-01-08 13:51:51,876 [INFO] WebApp:191 - Connection restablished
2026-01-08 14:21:21,762 [INFO] UtilMem:75 - End SaveConfig() Used Memory: 769550704 Bytes (1073741824)
2026-01-08 14:21:26,991 [INFO] UtilMem:75 - End SaveConfig() Used Memory: 850291056 Bytes (1073741824)
2026-01-08 14:21:27,218 [INFO] UtilMem:75 - End SaveConfig() Used Memory: 880177512 Bytes (1073741824)
2026-01-08 14:21:27,648 [INFO] BlockDiagram:2775 - set Specific Code input for plugin: NVIC
2026-01-08 14:21:27,648 [INFO] BlockDiagram:2775 - set Specific Code input for plugin: SYS
2026-01-08 14:21:27,649 [INFO] BlockDiagram:2775 - set Specific Code input for plugin: GPIO
2026-01-08 14:21:27,649 [INFO] BlockDiagram:2775 - set Specific Code input for plugin: RCC
2026-01-08 14:21:27,649 [INFO] BlockDiagram:2775 - set Specific Code input for plugin: LPUART
2026-01-08 14:21:27,651 [INFO] CodeGenerator:892 - code generatio: config db path: C:\ST\STM32CubeIDE_1.19.0\STM32CubeIDE\plugins\com.st.stm32cube.common.mx_6.15.0.202507011659\\db\
2026-01-08 14:21:27,762 [INFO] CodeEngine:265 - oldGeneratedFile, C:\Users\CAMMSYS\STM32CubeIDE\workspace_1.19.0\ch1_key_mat\MXTmpFiles\license.tmp_save
2026-01-08 14:21:27,942 [INFO] CodeEngine:289 - Generated code: C:\Users\CAMMSYS\STM32CubeIDE\workspace_1.19.0\ch1_key_mat\MXTmpFiles\license.tmp
2026-01-08 14:21:27,989 [INFO] CodeEngine:265 - oldGeneratedFile, C:\Users\CAMMSYS\STM32CubeIDE\workspace_1.19.0\ch1_key_mat\MXTmpFiles\gpio.tmp_save
2026-01-08 14:21:28,108 [INFO] CodeEngine:289 - Generated code: C:\Users\CAMMSYS\STM32CubeIDE\workspace_1.19.0\ch1_key_mat\MXTmpFiles\gpio.tmp
2026-01-08 14:21:28,194 [INFO] CodeEngine:265 - oldGeneratedFile, C:\Users\CAMMSYS\STM32CubeIDE\workspace_1.19.0\ch1_key_mat\Core\Src\stm32l4xx_it.c_save
2026-01-08 14:21:28,374 [INFO] CodeEngine:289 - Generated code: C:\Users\CAMMSYS\STM32CubeIDE\workspace_1.19.0\ch1_key_mat\Core\Src\stm32l4xx_it.c
2026-01-08 14:21:28,387 [INFO] CodeEngine:265 - oldGeneratedFile, C:\Users\CAMMSYS\STM32CubeIDE\workspace_1.19.0\ch1_key_mat\Core\Inc\stm32l4xx_it.h_save
2026-01-08 14:21:28,459 [INFO] CodeEngine:289 - Generated code: C:\Users\CAMMSYS\STM32CubeIDE\workspace_1.19.0\ch1_key_mat\Core\Inc\stm32l4xx_it.h
2026-01-08 14:21:28,481 [INFO] CodeEngine:265 - oldGeneratedFile, C:\Users\CAMMSYS\STM32CubeIDE\workspace_1.19.0\ch1_key_mat\Core\Src\stm32l4xx_hal_msp.c_save
2026-01-08 14:21:28,597 [INFO] CodeEngine:289 - Generated code: C:\Users\CAMMSYS\STM32CubeIDE\workspace_1.19.0\ch1_key_mat\Core\Src\stm32l4xx_hal_msp.c
2026-01-08 14:21:28,603 [INFO] CodeEngine:265 - oldGeneratedFile, C:\Users\CAMMSYS\STM32CubeIDE\workspace_1.19.0\ch1_key_mat\MXTmpFiles\system.tmp_save
2026-01-08 14:21:28,665 [INFO] CodeEngine:289 - Generated code: C:\Users\CAMMSYS\STM32CubeIDE\workspace_1.19.0\ch1_key_mat\MXTmpFiles\system.tmp
2026-01-08 14:21:28,683 [INFO] CodeEngine:321 - oldGeneratedFile, C:\Users\CAMMSYS\STM32CubeIDE\workspace_1.19.0\ch1_key_mat\Core\Inc\stm32l4xx_hal_conf.h_save
2026-01-08 14:21:28,749 [INFO] CodeEngine:345 - Generated code: C:\Users\CAMMSYS\STM32CubeIDE\workspace_1.19.0\ch1_key_mat\Core\Inc\stm32l4xx_hal_conf.h
2026-01-08 14:21:28,776 [INFO] CodeEngine:265 - oldGeneratedFile, C:\Users\CAMMSYS\STM32CubeIDE\workspace_1.19.0\ch1_key_mat\Core\Inc\main.h_save
2026-01-08 14:21:28,876 [INFO] CodeEngine:289 - Generated code: C:\Users\CAMMSYS\STM32CubeIDE\workspace_1.19.0\ch1_key_mat\Core\Inc\main.h
2026-01-08 14:21:28,886 [INFO] CodeEngine:265 - oldGeneratedFile, C:\Users\CAMMSYS\STM32CubeIDE\workspace_1.19.0\ch1_key_mat\Core\Src\main.c_save
2026-01-08 14:21:28,990 [INFO] CodeEngine:289 - Generated code: C:\Users\CAMMSYS\STM32CubeIDE\workspace_1.19.0\ch1_key_mat\Core\Src\main.c
2026-01-08 14:21:29,466 [INFO] ProjectBuilder:3606 - Time for Copy HAL[1] : 351mS.
2026-01-08 14:21:29,469 [INFO] ProjectBuilder:5216 - Project Generator version: 4.7.0-B52
2026-01-08 14:21:29,531 [INFO] ConfigFileManager:1595 - The Die is : DIE464
2026-01-08 14:21:30,480 [INFO] ProjectBuilder:5496 - Time for Generating toolchain IDE Files: 1010mS.
2026-01-08 14:21:30,481 [INFO] ProjectBuilder:3463 - Time for Copy CMSIS : 1mS.
2026-01-08 14:21:30,484 [INFO] ProjectBuilder:3463 - Time for Copy CMSIS : 0mS.
2026-01-08 14:21:54,178 [INFO] WebApp:194 - Connection lost
2026-01-08 14:21:54,339 [INFO] WebApp:191 - Connection restablished
2026-01-08 14:51:53,660 [INFO] WebApp:194 - Connection lost
2026-01-08 14:51:53,879 [INFO] WebApp:191 - Connection restablished
2026-01-08 15:21:54,676 [INFO] WebApp:194 - Connection lost
2026-01-08 15:21:54,855 [INFO] WebApp:191 - Connection restablished
2026-01-08 15:51:55,423 [INFO] WebApp:194 - Connection lost
2026-01-08 15:51:55,610 [INFO] WebApp:191 - Connection restablished
2026-01-08 16:21:56,231 [INFO] WebApp:194 - Connection lost
2026-01-08 16:21:56,399 [INFO] WebApp:191 - Connection restablished
2026-01-08 16:51:56,191 [INFO] WebApp:194 - Connection lost
2026-01-08 16:51:56,384 [INFO] WebApp:191 - Connection restablished
