2025-12-10 23:31:58,592 [INFO] WebApp:194 - Connection lost
2025-12-10 23:32:01,063 [INFO] WebApp:191 - Connection restablished
2025-12-10 23:38:42,894 [INFO] MainUpdater:2872 - connection check result : 10
2025-12-10 23:38:43,395 [INFO] McuFinderGlobals:76 - Set McuFinderConnectedMode to true
2025-12-10 23:38:43,401 [INFO] MultiScanPanel:200 - Auto-refresh data requested => check proxy status ongoing
2025-12-10 23:38:43,404 [INFO] FinderPluginLoader:96 - Searching for filters in installed packs
2025-12-10 23:38:45,122 [INFO] LoadUrlFilesThread:185 - End of LoadServerUrlFiles without Thread
2025-12-10 23:38:45,124 [INFO] DetailPanel:341 - Set advertising image to /Users/qfe/STM32Cube/Repository//en.prom-st67w-expansion-board.png
2025-12-10 23:39:11,102 [INFO] MultiScanPanel:200 - Auto-refresh data requested => check proxy status ongoing
2025-12-10 23:39:11,394 [INFO] LoadUrlFilesThread:185 - End of LoadServerUrlFiles without Thread
2025-12-10 23:39:11,395 [INFO] DetailPanel:341 - Set advertising image to /Users/qfe/STM32Cube/Repository//en.prom-st67w-expansion-board.png
2025-12-10 23:40:43,617 [INFO] MainUpdater:2872 - connection check result : 10
2025-12-10 23:40:43,645 [INFO] MainUpdater:2872 - connection check result : 10
2025-12-10 23:40:44,352 [INFO] MicroXplorer:468 - Change Database Path : 
2025-12-10 23:40:44,353 [INFO] MicroXplorer:498 - Change Database Version : DB.6.0.150
2025-12-10 23:40:44,449 [ERROR] ProjectManagerView:395 - 
java.lang.NullPointerException: Cannot invoke "javax.swing.JTextField.getText()" because the return value of "java.util.List.get(int)" is null
	at com.st.microxplorer.plugins.projectmanager.gui.ProjectChoiceTab$9.caretUpdate(ProjectChoiceTab.java:2706) ~[filemanager.jar:?]
	at javax.swing.text.JTextComponent.fireCaretUpdate(JTextComponent.java:408) ~[?:?]
	at javax.swing.text.JTextComponent$MutableCaretEvent.fire(JTextComponent.java:4484) ~[?:?]
	at javax.swing.text.JTextComponent$MutableCaretEvent.stateChanged(JTextComponent.java:4506) ~[?:?]
	at javax.swing.text.DefaultCaret.fireStateChanged(DefaultCaret.java:857) ~[?:?]
	at javax.swing.text.DefaultCaret.changeCaretPosition(DefaultCaret.java:1343) ~[?:?]
	at javax.swing.text.DefaultCaret.handleSetDot(DefaultCaret.java:1242) ~[?:?]
	at javax.swing.text.DefaultCaret.setDot(DefaultCaret.java:1223) ~[?:?]
	at javax.swing.text.DefaultCaret$Handler.insertUpdate(DefaultCaret.java:1819) ~[?:?]
	at javax.swing.text.AbstractDocument.fireInsertUpdate(AbstractDocument.java:227) ~[?:?]
	at javax.swing.text.AbstractDocument.handleInsertString(AbstractDocument.java:781) ~[?:?]
	at javax.swing.text.AbstractDocument.insertString(AbstractDocument.java:740) ~[?:?]
	at javax.swing.text.PlainDocument.insertString(PlainDocument.java:131) ~[?:?]
	at javax.swing.text.AbstractDocument.replace(AbstractDocument.java:699) ~[?:?]
	at javax.swing.text.JTextComponent.setText(JTextComponent.java:1725) ~[?:?]
	at com.st.microxplorer.plugins.projectmanager.gui.ProjectChoiceTab.createHeapStackFields(ProjectChoiceTab.java:993) ~[filemanager.jar:?]
	at com.st.microxplorer.plugins.projectmanager.gui.ProjectChoiceTab.buildLinkSettingsPanel(ProjectChoiceTab.java:3813) ~[filemanager.jar:?]
	at com.st.microxplorer.plugins.projectmanager.gui.ProjectChoiceTab.defineWindowsFields(ProjectChoiceTab.java:1987) ~[filemanager.jar:?]
	at com.st.microxplorer.plugins.projectmanager.gui.ProjectChoiceTab.updateSettings(ProjectChoiceTab.java:558) ~[filemanager.jar:?]
	at com.st.microxplorer.plugins.projectmanager.gui.ProjectSettingsPanel.UpdateDialog(ProjectSettingsPanel.java:247) ~[filemanager.jar:?]
	at com.st.microxplorer.plugins.projectmanager.ProjectManagerView.propertyChange(ProjectManagerView.java:392) ~[filemanager.jar:?]
	at java.beans.PropertyChangeSupport.fire(PropertyChangeSupport.java:343) ~[?:?]
	at java.beans.PropertyChangeSupport.firePropertyChange(PropertyChangeSupport.java:335) ~[?:?]
	at java.beans.PropertyChangeSupport.firePropertyChange(PropertyChangeSupport.java:268) ~[?:?]
	at com.st.microxplorer.util.MXPropertyChangeSupport.firePropertyChange(MXPropertyChangeSupport.java:54) ~[STM32CubeMX.jar:?]
	at com.st.microxplorer.mxsystem.MxSystem.closeConfig(MxSystem.java:899) ~[STM32CubeMX.jar:?]
	at com.st.microxplorer.maingui.MainPanel.closeConfig(MainPanel.java:792) ~[STM32CubeMX.jar:?]
	at com.st.microxplorer.plugins.filemanager.engine.OpenFileManager.loadConfigurationFile(OpenFileManager.java:288) ~[filemanager.jar:?]
	at com.st.microxplorer.plugins.filemanager.engine.MainFileManager.userLoadConfig(MainFileManager.java:364) ~[filemanager.jar:?]
	at com.st.microxplorer.plugins.filemanager.FileManagerView.getSpecificTask(FileManagerView.java:268) ~[filemanager.jar:?]
	at com.st.stm32cube.common.mx.editor.CubeMxEditor.getMxTabbedPaneInstance(CubeMxEditor.java:1191) ~[com.st.stm32cube.common.mx_6.15.0.202507011659/:?]
	at com.st.stm32cube.common.mx.editor.CubeMxEditor$12$1.createSwingComponent(CubeMxEditor.java:1068) ~[com.st.stm32cube.common.mx_6.15.0.202507011659/:?]
	at com.st.stm32cube.common.mx.oss.core.awtswtbridge.EmbeddedSwingComposite.doComponentCreation(EmbeddedSwingComposite.java:492) ~[com.st.stm32cube.common.mx.oss_6.15.0.202507011659/:?]
	at com.st.stm32cube.common.mx.oss.core.awtswtbridge.EmbeddedSwingComposite$4.run(EmbeddedSwingComposite.java:291) ~[com.st.stm32cube.common.mx.oss_6.15.0.202507011659/:?]
	at com.st.stm32cube.common.mx.oss.core.awtswtbridge.AwtEnvironment$2.run(AwtEnvironment.java:166) ~[com.st.stm32cube.common.mx.oss_6.15.0.202507011659/:?]
	at java.awt.event.InvocationEvent.dispatch(InvocationEvent.java:318) ~[?:?]
	at java.awt.EventQueue.dispatchEventImpl(EventQueue.java:773) ~[?:?]
	at java.awt.EventQueue$4.run(EventQueue.java:720) ~[?:?]
	at java.awt.EventQueue$4.run(EventQueue.java:714) ~[?:?]
	at java.security.AccessController.doPrivileged(AccessController.java:400) ~[?:?]
	at java.security.ProtectionDomain$JavaSecurityAccessImpl.doIntersectionPrivilege(ProtectionDomain.java:87) ~[?:?]
	at java.awt.EventQueue.dispatchEvent(EventQueue.java:742) ~[?:?]
	at java.awt.EventDispatchThread.pumpOneEventForFilters(EventDispatchThread.java:203) ~[?:?]
	at java.awt.EventDispatchThread.pumpEventsForFilter(EventDispatchThread.java:124) ~[?:?]
	at java.awt.EventDispatchThread.pumpEventsForHierarchy(EventDispatchThread.java:113) ~[?:?]
	at java.awt.EventDispatchThread.pumpEvents(EventDispatchThread.java:109) ~[?:?]
	at java.awt.EventDispatchThread.pumpEvents(EventDispatchThread.java:101) ~[?:?]
	at java.awt.EventDispatchThread.run(EventDispatchThread.java:90) ~[?:?]
2025-12-10 23:40:44,476 [WARN] ThirdParty:871 - waiting for thirdparty lock release [close project]
2025-12-10 23:40:44,476 [INFO] ThirdParty:873 - entering critical section [close project]
2025-12-10 23:40:44,477 [INFO] ThirdParty:883 - exiting critical section [close project]
2025-12-10 23:40:44,479 [INFO] PinOutPanel:1589 - setPackage(No Configuration,No Configuration)
2025-12-10 23:40:44,498 [INFO] UtilMem:75 - Begin LoadConfig() Used Memory: 700924000 Bytes (1073741824)
2025-12-10 23:40:44,519 [INFO] MicroXplorer:468 - Change Database Path : 
2025-12-10 23:40:44,519 [INFO] MicroXplorer:498 - Change Database Version : DB.6.0.150
2025-12-10 23:40:44,519 [INFO] OpenFileManager:355 - Change cursor
2025-12-10 23:40:44,658 [INFO] RulesReader:64 - Compatibility file has been processed (317 Rules)
2025-12-10 23:40:44,697 [INFO] Mcu:2029 - Initializing MCU STM32L412RBTxP STM32L412RBTxP STM32L412RBT6P
2025-12-10 23:40:46,768 [INFO] Context:786 - Trying to add GPIOservice into a context  which must be forbidden
2025-12-10 23:40:47,896 [INFO] Rule:233 - rule Adapt Old IOC before rework replace old CORTEX_M33/CORTEX_M55 attributes by the new one. is applicable
2025-12-10 23:40:47,898 [INFO] Rule:233 - rule Rename parametre of RCC RCC_APBDBG_DIV2 to RCC_TIMPRES_DIV2 is applicable
2025-12-10 23:40:47,901 [INFO] Rule:233 - rule Rename DIE493 pin PA10 [PA12] -> PA10 is applicable
2025-12-10 23:40:47,901 [INFO] Rule:233 - rule Rename DIE493 pin PA9 [PA11] -> PA9 is applicable
2025-12-10 23:40:47,901 [INFO] Rule:233 - rule Rename DIE492 PartNumber CPN STM32WBA5MJGHx -> STM32WBA5MMGHx is applicable
2025-12-10 23:40:47,901 [INFO] Rule:233 - rule Rename DIE492 PartNumber  Name STM32WBA5MJGHx -> STM32WBA5MMGHx is applicable
2025-12-10 23:40:47,901 [INFO] Rule:233 - rule Rename DIE492 PartNumber UserName STM32WBA5MJGHx -> STM32WBA5MMGHx is applicable
2025-12-10 23:40:47,901 [INFO] Rule:233 - rule Rename DIE492 PartNumber DeviceId STM32WBA5MJGHx -> STM32WBA5MMGHx is applicable
2025-12-10 23:40:47,901 [INFO] Rule:233 - rule Adapt Old IOC CSI. is applicable
2025-12-10 23:40:47,901 [INFO] Rule:233 - rule Adapt Old IOC DCMIPP. is applicable
2025-12-10 23:40:47,901 [INFO] Rule:233 - rule Adapt Old IOC DCMIPP Mode Parallel. is applicable
2025-12-10 23:40:47,901 [INFO] Rule:233 - rule Adapt Old IOC LTDC. is applicable
2025-12-10 23:40:47,902 [INFO] Rule:233 - rule Rename STM32MP2 RIF Peripheral LTDC RIF.RISUP.LTDC_L0L1.Privilege -> RIF.RISUP.LTDC_L1L2.Privilege is applicable
2025-12-10 23:40:47,902 [INFO] Rule:233 - rule Rename STM32MP2 RIF Peripheral LTDC RIF.RISUP.LTDC_L0L1.Privilege -> RIF.RISUP.LTDC_L1L2.Privilege is applicable
2025-12-10 23:40:47,902 [INFO] Rule:233 - rule Rename STM32MP2 RIF Peripheral LTDC RIF.RISUP.LTDC_L0L1.Lock -> RIF.RISUP.LTDC_L1L2.Lock is applicable
2025-12-10 23:40:47,902 [INFO] Rule:233 - rule Rename STM32MP2 RIF Peripheral LTDC RIF.RISUP.LTDC_L2.Lock -> RIF.RISUP.LTDC_L3.Lock is applicable
2025-12-10 23:40:47,902 [INFO] Rule:233 - rule Adapt the old IOC example for updating the SYS when it is misconfigured. is applicable
2025-12-10 23:40:47,903 [INFO] Rule:233 - rule Rename STM32C09 Mcu.Package LQFP64 -> LQFP48 is applicable
2025-12-10 23:40:47,904 [INFO] Rule:233 - rule Adapt the old IOC example for updating the SYS when it is misconfigured. is applicable
2025-12-10 23:40:47,904 [INFO] Rule:233 - rule Adapt the old IOC example for updating the SYS when it is misconfigured. is applicable
2025-12-10 23:40:47,914 [INFO] DbConfProperties:307 - Apply Compatibility (4/20 Rules)
2025-12-10 23:40:47,955 [INFO] ImportTextPane:234 - (OptionalMessage_ERROR) Pin16 (VP_RIF_VS_RIF1) cannot be retrieved for this MCU
2025-12-10 23:40:48,140 [INFO] RtosManager:558 - Registered RTOS mode: class=CMSIS, group=RTOS, mode=CMSIS_V1, owner=FREERTOS
2025-12-10 23:40:48,141 [INFO] RtosManager:558 - Registered RTOS mode: class=CMSIS, group=RTOS2, mode=CMSIS_V2, owner=FREERTOS
2025-12-10 23:40:48,141 [INFO] RtosManager:558 - Registered RTOS mode: class=RTOS, group=Core, mode=CMSIS_V1, owner=FREERTOS
2025-12-10 23:40:48,141 [INFO] RtosManager:558 - Registered RTOS mode: class=RTOS, group=Core, mode=CMSIS_V2, owner=FREERTOS
2025-12-10 23:40:48,141 [WARN] ModelIntegratedComponent:184 - Missing modes for component STMicroelectronics:FreeRTOS:0.0.1:STMicroelectronics:RTOS:FreeRTOS:Core:::10.2.0:
2025-12-10 23:40:48,156 [WARN] ModelIntegratedComponent:63 - No mode defined for component null
2025-12-10 23:40:48,156 [WARN] ModelIntegratedComponent:63 - No mode defined for component null
2025-12-10 23:40:48,156 [WARN] ModelIntegratedComponent:63 - No mode defined for component null
2025-12-10 23:40:48,156 [WARN] ModelIntegratedComponent:63 - No mode defined for component null
2025-12-10 23:40:48,156 [WARN] ModelIntegratedComponent:63 - No mode defined for component null
2025-12-10 23:40:48,156 [WARN] ModelIntegratedComponent:63 - No mode defined for component null
2025-12-10 23:40:48,156 [WARN] ModelIntegratedComponent:63 - No mode defined for component null
2025-12-10 23:40:48,157 [WARN] ModelIntegratedComponent:63 - No mode defined for component null
2025-12-10 23:40:48,157 [WARN] ModelIntegratedComponent:63 - No mode defined for component null
2025-12-10 23:40:48,157 [WARN] ModelIntegratedComponent:63 - No mode defined for component null
2025-12-10 23:40:48,157 [WARN] ModelIntegratedComponent:63 - No mode defined for component null
2025-12-10 23:40:48,158 [WARN] ModelIntegratedComponent:63 - No mode defined for component null
2025-12-10 23:40:48,158 [WARN] ModelIntegratedComponent:63 - No mode defined for component null
2025-12-10 23:40:48,158 [WARN] ModelIntegratedComponent:63 - No mode defined for component null
2025-12-10 23:40:48,158 [WARN] ModelIntegratedComponent:63 - No mode defined for component null
2025-12-10 23:40:48,159 [WARN] ModelIntegratedComponent:63 - No mode defined for component null
2025-12-10 23:40:48,159 [WARN] ModelIntegratedComponent:63 - No mode defined for component null
2025-12-10 23:40:48,159 [WARN] ModelIntegratedComponent:63 - No mode defined for component null
2025-12-10 23:40:48,159 [WARN] ModelIntegratedComponent:63 - No mode defined for component null
2025-12-10 23:40:48,159 [WARN] ModelIntegratedComponent:63 - No mode defined for component null
2025-12-10 23:40:48,159 [WARN] ModelIntegratedComponent:63 - No mode defined for component null
2025-12-10 23:40:48,159 [WARN] ModelIntegratedComponent:63 - No mode defined for component null
2025-12-10 23:40:48,159 [WARN] ModelIntegratedComponent:63 - No mode defined for component null
2025-12-10 23:40:48,159 [WARN] ModelIntegratedComponent:63 - No mode defined for component null
2025-12-10 23:40:48,159 [WARN] ModelIntegratedComponent:63 - No mode defined for component null
2025-12-10 23:40:48,160 [WARN] ModelIntegratedComponent:63 - No mode defined for component null
2025-12-10 23:40:48,160 [WARN] ModelIntegratedComponent:63 - No mode defined for component null
2025-12-10 23:40:48,160 [WARN] ModelIntegratedComponent:63 - No mode defined for component null
2025-12-10 23:40:48,161 [WARN] ModelIntegratedComponent:63 - No mode defined for component null
2025-12-10 23:40:48,161 [WARN] ModelIntegratedComponent:63 - No mode defined for component null
2025-12-10 23:40:48,161 [WARN] ModelIntegratedComponent:63 - No mode defined for component null
2025-12-10 23:40:48,161 [WARN] ModelIntegratedComponent:63 - No mode defined for component null
2025-12-10 23:40:48,162 [WARN] ModelIntegratedComponent:63 - No mode defined for component null
2025-12-10 23:40:48,162 [WARN] ModelIntegratedComponent:63 - No mode defined for component null
2025-12-10 23:40:48,162 [WARN] ModelIntegratedComponent:63 - No mode defined for component null
2025-12-10 23:40:48,164 [WARN] ModelPack:524 - Component already loaded: STMicroelectronics:HAL Drivers:0.0.0:STMicroelectronics:Device:STMicro_Driver:XSPI:HAL::0.0.1:HAL_XSPI
2025-12-10 23:40:48,220 [INFO] ThirdPartyModel:298 - Start build external matchings
2025-12-10 23:40:48,561 [INFO] ThirdPartyModel:316 - End build external matchings
2025-12-10 23:40:48,593 [INFO] ImportTextPane:234 - (OptionalMessage_ERROR) IP (RCC) : Invalid parameter (FamilyName)
2025-12-10 23:40:48,596 [INFO] ImportTextPane:234 - (OptionalMessage_ERROR) IP (RCC) : Parameter (USBFreq_Value) has invalid value (4000000)
2025-12-10 23:40:48,846 [INFO] UtilMem:75 - End LoadConfig() Used Memory: 902555744 Bytes (1073741824)
2025-12-10 23:40:48,995 [WARN] ThirdParty:833 - waiting for thirdparty lock release [change project]
2025-12-10 23:40:49,006 [INFO] ThirdParty:835 - entering critical section [change project]
2025-12-10 23:40:49,006 [INFO] ThirdParty:1030 - CMSIS Pack Vendor :STMicroelectronics X-CUBE-PM33A1 1.0.0
2025-12-10 23:40:49,007 [INFO] ThirdParty:1030 - CMSIS Pack Vendor :STMicroelectronics USBPD 4.1
2025-12-10 23:40:49,007 [INFO] ThirdParty:1030 - CMSIS Pack Vendor :STMicroelectronics X-CUBE-NFC9 1.0.0
2025-12-10 23:40:49,007 [INFO] ThirdParty:1030 - CMSIS Pack Vendor :STMicroelectronics USB_HOST 2.0.0
2025-12-10 23:40:49,007 [INFO] ThirdParty:1030 - CMSIS Pack Vendor :STMicroelectronics FP-SNS-MOTENVWB1 1.4.0
2025-12-10 23:40:49,007 [INFO] ThirdParty:1030 - CMSIS Pack Vendor :STMicroelectronics X-CUBE-AZRTOS-F4 1.1.0
2025-12-10 23:40:49,007 [INFO] ThirdParty:1030 - CMSIS Pack Vendor :STMicroelectronics LIBJPEG 8.0.0
2025-12-10 23:40:49,007 [INFO] ThirdParty:1030 - CMSIS Pack Vendor :STMicroelectronics FP-ATR-ASTRA1 2.0.2
2025-12-10 23:40:49,007 [INFO] ThirdParty:1030 - CMSIS Pack Vendor :STMicroelectronics X-CUBE-BLE1 7.1.0
2025-12-10 23:40:49,007 [INFO] ThirdParty:1030 - CMSIS Pack Vendor :STMicroelectronics X-CUBE-SMBUS 2.1.0
2025-12-10 23:40:49,007 [INFO] ThirdParty:1030 - CMSIS Pack Vendor :wolfSSL I-CUBE-wolfMQTT 1.19.2
2025-12-10 23:40:49,007 [INFO] ThirdParty:1030 - CMSIS Pack Vendor :STMicroelectronics USB_DEVICE 3.0.0
2025-12-10 23:40:49,007 [INFO] ThirdParty:1030 - CMSIS Pack Vendor :STMicroelectronics X-CUBE-ISPU 2.1.0
2025-12-10 23:40:49,007 [INFO] ThirdParty:1030 - CMSIS Pack Vendor :STMicroelectronics X-CUBE-FREERTOS 1.4.0
2025-12-10 23:40:49,007 [INFO] ThirdParty:1030 - CMSIS Pack Vendor :STMicroelectronics X-CUBE-EEPRMA1 5.2.0
2025-12-10 23:40:49,007 [INFO] ThirdParty:1030 - CMSIS Pack Vendor :STMicroelectronics X-CUBE-IPS 3.2.0
2025-12-10 23:40:49,007 [INFO] ThirdParty:1030 - CMSIS Pack Vendor :STMicroelectronics X-CUBE-BLEMGR 4.1.0
2025-12-10 23:40:49,007 [INFO] ThirdParty:1030 - CMSIS Pack Vendor :STMicroelectronics X-CUBE-AZRTOS-WB 2.0.0
2025-12-10 23:40:49,007 [INFO] ThirdParty:1030 - CMSIS Pack Vendor :wolfSSL I-CUBE-wolfSSL 5.8.4
2025-12-10 23:40:49,007 [INFO] ThirdParty:1030 - CMSIS Pack Vendor :Cesanta I-CUBE-Mongoose 7.20.0
2025-12-10 23:40:49,008 [INFO] ThirdParty:1030 - CMSIS Pack Vendor :STMicroelectronics X-CUBE-NFC12 1.0.0
2025-12-10 23:40:49,008 [INFO] ThirdParty:1030 - CMSIS Pack Vendor :STMicroelectronics X-CUBE-AZRTOS-F7 1.1.0
2025-12-10 23:40:49,009 [INFO] ThirdParty:1030 - CMSIS Pack Vendor :STMicroelectronics X-CUBE-AZRTOS-L5 2.0.0
2025-12-10 23:40:49,010 [INFO] ThirdParty:1030 - CMSIS Pack Vendor :STMicroelectronics USB_DEVICE 2.0.0
2025-12-10 23:40:49,010 [INFO] ThirdParty:1030 - CMSIS Pack Vendor :STMicroelectronics X-CUBE-NFC6 3.1.0
2025-12-10 23:40:49,010 [INFO] ThirdParty:1030 - CMSIS Pack Vendor :STMicroelectronics X-CUBE-ST67W61 1.1.0
2025-12-10 23:40:49,011 [INFO] ThirdParty:1030 - CMSIS Pack Vendor :quantropi X-CUBE-qispace-sdk-base 2.1.0
2025-12-10 23:40:49,011 [INFO] ThirdParty:1030 - CMSIS Pack Vendor :STMicroelectronics X-CUBE-MEMS1 12.0.0
2025-12-10 23:40:49,011 [INFO] ThirdParty:1030 - CMSIS Pack Vendor :STMicroelectronics FP-SNS-MOTENV1 5.1.0
2025-12-10 23:40:49,011 [INFO] ThirdParty:1030 - CMSIS Pack Vendor :STMicroelectronics FreeRTOS 0.0.1
2025-12-10 23:40:49,011 [INFO] ThirdParty:1030 - CMSIS Pack Vendor :STMicroelectronics X-CUBE-AZRTOS-G0 1.1.0
2025-12-10 23:40:49,011 [INFO] ThirdParty:1030 - CMSIS Pack Vendor :STMicroelectronics X-CUBE-NFC4 3.0.0
2025-12-10 23:40:49,011 [INFO] ThirdParty:1030 - CMSIS Pack Vendor :STMicroelectronics X-CUBE-SUBG2 5.0.0
2025-12-10 23:40:49,011 [INFO] ThirdParty:1030 - CMSIS Pack Vendor :STMicroelectronics STM32_WPAN 1.0.0
2025-12-10 23:40:49,011 [INFO] ThirdParty:1030 - CMSIS Pack Vendor :EmbeddedOffice I-CUBE-FS-RTOS 1.0.1
2025-12-10 23:40:49,011 [INFO] ThirdParty:1030 - CMSIS Pack Vendor :STMicroelectronics lwIP 2.0.3
2025-12-10 23:40:49,011 [INFO] ThirdParty:1030 - CMSIS Pack Vendor :WES I-CUBE-Cesium 1.4.0
2025-12-10 23:40:49,012 [INFO] ThirdParty:1030 - CMSIS Pack Vendor :STMicroelectronics USB_HOST 1.0.0
2025-12-10 23:40:49,012 [INFO] ThirdParty:1030 - CMSIS Pack Vendor :STMicroelectronics X-CUBE-AZRTOS-G4 2.0.0
2025-12-10 23:40:49,012 [INFO] ThirdParty:1030 - CMSIS Pack Vendor :STMicroelectronics X-CUBE-WB05N 2.0.0
2025-12-10 23:40:49,012 [INFO] ThirdParty:1030 - CMSIS Pack Vendor :STMicroelectronics PDM2PCM 3.1.0
2025-12-10 23:40:49,013 [INFO] ThirdParty:1030 - CMSIS Pack Vendor :STMicroelectronics PDM2PCM 3.3.0
2025-12-10 23:40:49,013 [INFO] ThirdParty:1030 - CMSIS Pack Vendor :wolfSSL I-CUBE-wolfTPM 3.8.0
2025-12-10 23:40:49,013 [INFO] ThirdParty:1030 - CMSIS Pack Vendor :STMicroelectronics X-CUBE-AZRTOS-H7 3.4.0
2025-12-10 23:40:49,013 [INFO] ThirdParty:1030 - CMSIS Pack Vendor :STMicroelectronics X-CUBE-DISPLAY 3.0.0
2025-12-10 23:40:49,013 [INFO] ThirdParty:1030 - CMSIS Pack Vendor :wolfSSL I-CUBE-wolfSSH 1.4.20
2025-12-10 23:40:49,013 [INFO] ThirdParty:1030 - CMSIS Pack Vendor :STMicroelectronics X-CUBE-NFC7 2.0.0
2025-12-10 23:40:49,013 [INFO] ThirdParty:1030 - CMSIS Pack Vendor :STMicroelectronics X-CUBE-TCPP 4.2.0
2025-12-10 23:40:49,013 [INFO] ThirdParty:1030 - CMSIS Pack Vendor :STMicroelectronics FP-ATR-SIGFOX1 3.2.0
2025-12-10 23:40:49,013 [INFO] ThirdParty:1030 - CMSIS Pack Vendor :STMicroelectronics X-CUBE-NFC10 1.0.0
2025-12-10 23:40:49,013 [INFO] ThirdParty:1030 - CMSIS Pack Vendor :STMicroelectronics HAL Drivers 0.0.0
2025-12-10 23:40:49,013 [INFO] ThirdParty:1030 - CMSIS Pack Vendor :STMicroelectronics MBEDTLS 2.16.2
2025-12-10 23:40:49,014 [INFO] ThirdParty:1030 - CMSIS Pack Vendor :STMicroelectronics X-CUBE-ST60 1.1.0
2025-12-10 23:40:49,014 [INFO] ThirdParty:1030 - CMSIS Pack Vendor :STMicroelectronics X-CUBE-ALS 1.0.2
2025-12-10 23:40:49,014 [INFO] ThirdParty:1030 - CMSIS Pack Vendor :emotas I-CUBE-CANOPEN 1.3.0
2025-12-10 23:40:49,014 [INFO] ThirdParty:1030 - CMSIS Pack Vendor :STMicroelectronics MBEDTLS 2.14.1
2025-12-10 23:40:49,014 [INFO] ThirdParty:1030 - CMSIS Pack Vendor :STMicroelectronics X-CUBE-GNSS1 7.1.0
2025-12-10 23:40:49,014 [INFO] ThirdParty:1030 - CMSIS Pack Vendor :ITTIA_DB I-CUBE-ITTIADB 8.9.0
2025-12-10 23:40:49,014 [INFO] ThirdParty:1030 - CMSIS Pack Vendor :STMicroelectronics X-CUBE-TOUCHGFX 4.26.0
2025-12-10 23:40:49,014 [INFO] ThirdParty:1030 - CMSIS Pack Vendor :STMicroelectronics X-CUBE-STSE01 1.0.0
2025-12-10 23:40:49,014 [INFO] ThirdParty:1030 - CMSIS Pack Vendor :STMicroelectronics FP-SNS-STBOX1 2.1.0
2025-12-10 23:40:49,014 [INFO] ThirdParty:1030 - CMSIS Pack Vendor :STMicroelectronics X-CUBE-AI 10.2.0
2025-12-10 23:40:49,014 [INFO] ThirdParty:1030 - CMSIS Pack Vendor :STMicroelectronics FP-SNS-STAIOTCFT 1.0.0
2025-12-10 23:40:49,014 [INFO] ThirdParty:1030 - CMSIS Pack Vendor :STMicroelectronics ThreadX 1.0.0
2025-12-10 23:40:49,014 [INFO] ThirdParty:1030 - CMSIS Pack Vendor :STMicroelectronics FP-SNS-SMARTAG2 1.2.0
2025-12-10 23:40:49,014 [INFO] ThirdParty:1030 - CMSIS Pack Vendor :STMicroelectronics FP-SNS-FLIGHT1 5.1.0
2025-12-10 23:40:49,014 [INFO] ThirdParty:1030 - CMSIS Pack Vendor :STMicroelectronics X-CUBE-AZRTOS-WL 2.0.0
2025-12-10 23:40:49,014 [INFO] ThirdParty:1030 - CMSIS Pack Vendor :SEGGER I-CUBE-embOS 1.3.1
2025-12-10 23:40:49,014 [INFO] ThirdParty:1030 - CMSIS Pack Vendor :STMicroelectronics X-CUBE-ALGOBUILD 1.4.0
2025-12-10 23:40:49,014 [INFO] ThirdParty:1030 - CMSIS Pack Vendor :STMicroelectronics X-CUBE-DPower 1.3.0
2025-12-10 23:40:49,014 [INFO] ThirdParty:1030 - CMSIS Pack Vendor :STMicroelectronics USB_DEVICE 1.0.0
2025-12-10 23:40:49,014 [INFO] ThirdParty:1030 - CMSIS Pack Vendor :STMicroelectronics X-CUBE-AZRTOS-H7RS 1.2.0
2025-12-10 23:40:49,014 [INFO] ThirdParty:1030 - CMSIS Pack Vendor :STMicroelectronics X-CUBE-AZRTOS-L4 2.0.0
2025-12-10 23:40:49,014 [INFO] ThirdParty:1030 - CMSIS Pack Vendor :STMicroelectronics ThreadX 0.0.2
2025-12-10 23:40:49,014 [INFO] ThirdParty:1030 - CMSIS Pack Vendor :STMicroelectronics lwIP 2.1.2
2025-12-10 23:40:49,014 [INFO] ThirdParty:1030 - CMSIS Pack Vendor :STMicroelectronics X-CUBE-SFXS2LP1 4.0.0
2025-12-10 23:40:49,014 [INFO] ThirdParty:1030 - CMSIS Pack Vendor :STMicroelectronics X-CUBE-BLE2 3.3.0
2025-12-10 23:40:49,014 [INFO] ThirdParty:1030 - CMSIS Pack Vendor :Avnet-IOTCONNECT X-CUBE-iotc-st67-sdk 1.0.0
2025-12-10 23:40:49,014 [INFO] ThirdParty:1030 - CMSIS Pack Vendor :STMicroelectronics X-CUBE-TOF1 3.4.3
2025-12-10 23:40:49,014 [INFO] ThirdParty:1030 - CMSIS Pack Vendor :Infineon AIROC-Wi-Fi-Bluetooth-STM32 1.8.0
2025-12-10 23:40:49,014 [INFO] ThirdParty:1030 - CMSIS Pack Vendor :STMicroelectronics PDM2PCM 3.2.0
2025-12-10 23:40:49,015 [INFO] ThirdParty:841 - exiting critical section [change project]
2025-12-10 23:40:49,833 [INFO] PinOutPanel:1589 - setPackage(No Configuration,No Configuration)
2025-12-10 23:40:49,838 [INFO] PinOutPanel:1589 - setPackage(STM32L412RBTxP,LQFP64)
2025-12-10 23:40:51,491 [INFO] UtilMem:75 - Before build in PCC Used Memory: 739306248 Bytes (1073741824)
2025-12-10 23:40:52,299 [INFO] UtilMem:75 - After build in PCC Used Memory: 833678088 Bytes (1073741824)
2025-12-10 23:40:52,356 [INFO] IPUIPlugin:80 - create IPUIPlugin
2025-12-10 23:40:52,356 [INFO] IPUIPlugin:80 - create IPUIPlugin
2025-12-10 23:40:52,357 [INFO] IPUIPlugin:80 - create IPUIPlugin
2025-12-10 23:40:52,358 [INFO] IPUIPlugin:80 - create IPUIPlugin
2025-12-10 23:40:52,358 [INFO] IPUIPlugin:80 - create IPUIPlugin
2025-12-10 23:40:52,358 [INFO] IPUIPlugin:80 - create IPUIPlugin
2025-12-10 23:40:52,358 [INFO] IPUIPlugin:80 - create IPUIPlugin
2025-12-10 23:40:52,358 [INFO] IPUIPlugin:80 - create IPUIPlugin
2025-12-10 23:40:52,359 [INFO] IPUIPlugin:80 - create IPUIPlugin
2025-12-10 23:40:52,359 [INFO] IPUIPlugin:80 - create IPUIPlugin
2025-12-10 23:40:52,361 [INFO] IPUIPlugin:80 - create IPUIPlugin
2025-12-10 23:40:52,361 [INFO] IPUIPlugin:80 - create IPUIPlugin
2025-12-10 23:40:52,362 [INFO] IPUIPlugin:80 - create IPUIPlugin
2025-12-10 23:40:52,362 [INFO] IPUIPlugin:80 - create IPUIPlugin
2025-12-10 23:40:52,362 [INFO] IPUIPlugin:80 - create IPUIPlugin
2025-12-10 23:40:52,362 [INFO] IPUIPlugin:80 - create IPUIPlugin
2025-12-10 23:40:52,363 [INFO] IPUIPlugin:80 - create IPUIPlugin
2025-12-10 23:40:52,363 [INFO] IPUIPlugin:80 - create IPUIPlugin
2025-12-10 23:40:52,363 [INFO] IPUIPlugin:80 - create IPUIPlugin
2025-12-10 23:40:52,363 [INFO] IPUIPlugin:80 - create IPUIPlugin
2025-12-10 23:40:52,363 [INFO] IPUIPlugin:80 - create IPUIPlugin
2025-12-10 23:40:52,364 [INFO] IPUIPlugin:80 - create IPUIPlugin
2025-12-10 23:40:52,364 [INFO] IPUIPlugin:80 - create IPUIPlugin
2025-12-10 23:40:52,364 [INFO] IPUIPlugin:80 - create IPUIPlugin
2025-12-10 23:40:52,365 [INFO] IPUIPlugin:80 - create IPUIPlugin
2025-12-10 23:40:52,366 [INFO] IPUIPlugin:80 - create IPUIPlugin
2025-12-10 23:40:52,368 [INFO] IPUIPlugin:80 - create IPUIPlugin
2025-12-10 23:40:52,369 [INFO] IPUIPlugin:80 - create IPUIPlugin
2025-12-10 23:40:52,369 [INFO] IPUIPlugin:80 - create IPUIPlugin
2025-12-10 23:40:52,370 [INFO] IPUIPlugin:80 - create IPUIPlugin
2025-12-10 23:40:52,370 [INFO] IPUIPlugin:80 - create IPUIPlugin
2025-12-10 23:40:52,370 [INFO] IPUIPlugin:80 - create IPUIPlugin
2025-12-10 23:40:52,370 [INFO] IPUIPlugin:80 - create IPUIPlugin
2025-12-10 23:40:52,371 [INFO] IPUIPlugin:80 - create IPUIPlugin
2025-12-10 23:40:52,371 [INFO] IPUIPlugin:80 - create IPUIPlugin
2025-12-10 23:40:52,371 [INFO] IPUIPlugin:80 - create IPUIPlugin
2025-12-10 23:40:52,371 [INFO] IPUIPlugin:80 - create IPUIPlugin
2025-12-10 23:40:52,371 [INFO] IPUIPlugin:80 - create IPUIPlugin
2025-12-10 23:40:52,531 [INFO] CADModel:165 - CPN selected for project levelSTM32L412RBT6P
2025-12-10 23:40:52,531 [INFO] CADModel:114 - Register for checkConnection events
2025-12-10 23:40:52,587 [INFO] OpenFileManager:386 - Restore cursor
2025-12-10 23:40:53,658 [INFO] UtilMem:75 - End SaveConfig() Used Memory: 929606576 Bytes (1073741824)
2025-12-10 23:41:23,755 [INFO] McuFinderGlobals:76 - Set McuFinderConnectedMode to true
2025-12-10 23:41:23,762 [INFO] ApiDb:448 - Save user favorites file /Users/qfe/.stm32cubeide/favorites.mcus.txt: 0 item(s)
2025-12-10 23:41:23,762 [INFO] ApiDb:452 - User favorites MCUs=[]
2025-12-10 23:41:23,766 [INFO] ApiDb:448 - Save user favorites file /Users/qfe/.stm32cubeide/favorites.boards.txt: 0 item(s)
2025-12-10 23:41:23,766 [INFO] ApiDb:452 - User favorites Boards=[]
2025-12-10 23:42:01,022 [INFO] McuFinderGlobals:63 - Set McuFinder mode to 2 (CubeIDE integrated)
2025-12-10 23:42:01,032 [INFO] UserAuth:171 - activating auth plugin
2025-12-10 23:42:01,099 [INFO] UserAuth:487 - Internet connection configuration mode: 1
2025-12-10 23:44:05,258 [INFO] WebApp:650 - userauth.ini created with success
2025-12-10 23:54:47,483 [INFO] NvicTabbedPanel:226 - Cannot restore the selected Tab for NVIC
2025-12-10 23:55:21,092 [INFO] NvicTabbedPanel:226 - Cannot restore the selected Tab for NVIC
2025-12-10 23:56:02,415 [INFO] ServerAccessManage:452 - Complete download http(s) 200
2025-12-10 23:56:02,425 [INFO] ServerAccessManage:509 - Download File stm32cube_fw_l4_v1180.zip
2025-12-10 23:57:14,648 [INFO] AnalyticsPlugin:368 - Accepted License(s): [FW.L4.1.18.0]
2025-12-10 23:57:14,663 [INFO] FileExtend:248 - Unzip File : stm32cube_fw_l4_v1180.zip
2025-12-10 23:57:14,679 [INFO] FileExtend:263 - Standard Zip Deflate
2025-12-10 23:57:28,294 [INFO] ServerAccessManage:452 - Complete download http(s) 200
2025-12-10 23:57:28,299 [INFO] ServerAccessManage:509 - Download File stm32cube_fw_l4_v1182.zip
2025-12-10 23:57:38,711 [INFO] FileExtend:248 - Unzip File : stm32cube_fw_l4_v1182.zip
2025-12-10 23:57:38,720 [INFO] FileExtend:263 - Standard Zip Deflate
2025-12-10 23:57:46,348 [INFO] LoadServerPackagesThread:196 - End of LoadServerPackages Thread
2025-12-10 23:57:46,762 [INFO] ThirdPartyModel:298 - Start build external matchings
2025-12-10 23:57:46,944 [INFO] UtilMem:75 - End SaveConfig() Used Memory: 1016684696 Bytes (1073741824)
2025-12-10 23:57:47,381 [INFO] ThirdPartyModel:316 - End build external matchings
2025-12-10 23:57:47,459 [INFO] CheckServerUpdateThread:120 - End of CheckServer Thread
2025-12-10 23:57:48,737 [INFO] BlockDiagram:2775 - set Specific Code input for plugin: NVIC
2025-12-10 23:57:48,739 [INFO] BlockDiagram:2775 - set Specific Code input for plugin: USART
2025-12-10 23:57:48,739 [INFO] BlockDiagram:2775 - set Specific Code input for plugin: SYS
2025-12-10 23:57:48,745 [INFO] BlockDiagram:2775 - set Specific Code input for plugin: GPIO
2025-12-10 23:57:48,746 [INFO] BlockDiagram:2775 - set Specific Code input for plugin: RCC
2025-12-10 23:57:48,751 [INFO] CodeGenerator:892 - code generatio: config db path: /Applications/STM32CubeIDE.app/Contents/Eclipse/plugins/com.st.stm32cube.common.mx_6.15.0.202507011659//db/
2025-12-10 23:57:49,175 [INFO] CodeEngine:265 - oldGeneratedFile, /Users/qfe/STM32CubeIDE/workspace_1.19.0/L412_test_v2/MXTmpFiles/license.tmp_save
2025-12-10 23:57:50,084 [INFO] CodeEngine:289 - Generated code: /Users/qfe/STM32CubeIDE/workspace_1.19.0/L412_test_v2/MXTmpFiles/license.tmp
2025-12-10 23:57:50,358 [INFO] CodeEngine:265 - oldGeneratedFile, /Users/qfe/STM32CubeIDE/workspace_1.19.0/L412_test_v2/MXTmpFiles/gpio.tmp_save
2025-12-10 23:57:50,589 [INFO] CodeEngine:289 - Generated code: /Users/qfe/STM32CubeIDE/workspace_1.19.0/L412_test_v2/MXTmpFiles/gpio.tmp
2025-12-10 23:57:50,919 [INFO] CodeEngine:265 - oldGeneratedFile, /Users/qfe/STM32CubeIDE/workspace_1.19.0/L412_test_v2/Core/Src/stm32l4xx_it.c_save
2025-12-10 23:57:51,142 [INFO] CodeEngine:289 - Generated code: /Users/qfe/STM32CubeIDE/workspace_1.19.0/L412_test_v2/Core/Src/stm32l4xx_it.c
2025-12-10 23:57:51,154 [INFO] CodeEngine:265 - oldGeneratedFile, /Users/qfe/STM32CubeIDE/workspace_1.19.0/L412_test_v2/Core/Inc/stm32l4xx_it.h_save
2025-12-10 23:57:51,253 [INFO] CodeEngine:289 - Generated code: /Users/qfe/STM32CubeIDE/workspace_1.19.0/L412_test_v2/Core/Inc/stm32l4xx_it.h
2025-12-10 23:57:51,280 [INFO] CodeEngine:265 - oldGeneratedFile, /Users/qfe/STM32CubeIDE/workspace_1.19.0/L412_test_v2/Core/Src/stm32l4xx_hal_msp.c_save
2025-12-10 23:57:51,534 [INFO] CodeEngine:289 - Generated code: /Users/qfe/STM32CubeIDE/workspace_1.19.0/L412_test_v2/Core/Src/stm32l4xx_hal_msp.c
2025-12-10 23:57:51,542 [INFO] CodeEngine:265 - oldGeneratedFile, /Users/qfe/STM32CubeIDE/workspace_1.19.0/L412_test_v2/MXTmpFiles/system.tmp_save
2025-12-10 23:57:51,632 [INFO] CodeEngine:289 - Generated code: /Users/qfe/STM32CubeIDE/workspace_1.19.0/L412_test_v2/MXTmpFiles/system.tmp
2025-12-10 23:57:51,652 [INFO] CodeEngine:321 - oldGeneratedFile, /Users/qfe/STM32CubeIDE/workspace_1.19.0/L412_test_v2/Core/Inc/stm32l4xx_hal_conf.h_save
2025-12-10 23:57:51,844 [INFO] CodeEngine:345 - Generated code: /Users/qfe/STM32CubeIDE/workspace_1.19.0/L412_test_v2/Core/Inc/stm32l4xx_hal_conf.h
2025-12-10 23:57:52,004 [INFO] ApiDbMcu:532 - Load IP Config File for USART2
2025-12-10 23:57:52,012 [INFO] ApiDbMcu:532 - Load IP Config File for RCC
2025-12-10 23:57:52,027 [INFO] CodeEngine:265 - oldGeneratedFile, /Users/qfe/STM32CubeIDE/workspace_1.19.0/L412_test_v2/Core/Inc/main.h_save
2025-12-10 23:57:52,180 [INFO] CodeEngine:289 - Generated code: /Users/qfe/STM32CubeIDE/workspace_1.19.0/L412_test_v2/Core/Inc/main.h
2025-12-10 23:57:52,186 [INFO] CodeEngine:265 - oldGeneratedFile, /Users/qfe/STM32CubeIDE/workspace_1.19.0/L412_test_v2/Core/Src/main.c_save
2025-12-10 23:57:52,397 [INFO] CodeEngine:289 - Generated code: /Users/qfe/STM32CubeIDE/workspace_1.19.0/L412_test_v2/Core/Src/main.c
2025-12-10 23:57:52,758 [INFO] ProjectBuilder:3606 - Time for Copy HAL[1] : 48mS.
2025-12-10 23:57:52,772 [INFO] ProjectBuilder:5216 - Project Generator version: 4.7.0-B52
2025-12-10 23:57:52,974 [INFO] ConfigFileManager:1595 - The Die is : DIE464
2025-12-10 23:57:52,991 [INFO] ApiDbMcu:532 - Load IP Config File for FATFS
2025-12-10 23:57:53,002 [INFO] ApiDbMcu:532 - Load IP Config File for FREERTOS
2025-12-10 23:57:53,015 [INFO] ApiDbMcu:532 - Load IP Config File for TOUCHSENSING
2025-12-10 23:57:53,023 [INFO] ApiDbMcu:532 - Load IP Config File for USB_DEVICE
2025-12-10 23:58:03,900 [INFO] ProjectBuilder:5496 - Time for Generating toolchain IDE Files: 10980mS.
2025-12-10 23:58:03,940 [INFO] ProjectBuilder:3463 - Time for Copy CMSIS : 17mS.
2025-12-10 23:58:03,954 [INFO] ProjectBuilder:3463 - Time for Copy CMSIS : 0mS.
