2026-01-28 09:54:01,693 [INFO] Activator:176 - 


2026-01-28 09:54:01,697 [INFO] Activator:177 - !SESSION log4j initialized
2026-01-28 09:54:06,589 [INFO] LogOutputStream:77 - [STDOUT_REDIRECT] 
2026-01-28 09:54:08,587 [INFO] ApplicationProperties:184 - Using Application install path: C:\ST\STM32CubeIDE_1.19.0\STM32CubeIDE\plugins\com.st.stm32cube.common.mx_6.15.0.202507011659
2026-01-28 09:54:08,608 [INFO] DbMcusXml:78 - Set database path to: C:\ST\STM32CubeIDE_1.19.0\STM32CubeIDE\plugins\com.st.stm32cube.common.mx_6.15.0.202507011659\\db\/mcu/
2026-01-28 09:54:08,608 [INFO] ApiDb:274 - Set plugin database path to: C:\ST\STM32CubeIDE_1.19.0\STM32CubeIDE\plugins\com.st.stm32cube.common.mx_6.15.0.202507011659\\db\/plugins/boardmanager/
2026-01-28 09:54:08,609 [WARN] ApiDb:259 - Overriding images path with different value:  => C:\ST\STM32CubeIDE_1.19.0\STM32CubeIDE\plugins\com.st.stm32cube.common.mx_6.15.0.202507011659\\db\/plugins/mcufinder/images/
2026-01-28 09:54:08,619 [INFO] ApiDb:250 - Set database path to: C:\Users\CAMMSYS\.stmcufinder\plugins\mcufinder//mcu/
2026-01-28 09:54:08,620 [INFO] DbMcusAds:125 - Set database path to: C:\Users\CAMMSYS\.stmcufinder\plugins\mcufinder//mcu/
2026-01-28 09:54:08,622 [INFO] CrossReferenceDbSqlite:203 - Set database path to: C:\Users\CAMMSYS\.stmcufinder\plugins\mcufinder//mcu/cs/
2026-01-28 09:54:08,738 [INFO] RulesReader:64 - Compatibility file has been processed (317 Rules)
2026-01-28 09:54:08,851 [INFO] DbMcusXml:78 - Set database path to: C:\ST\STM32CubeIDE_1.19.0\STM32CubeIDE\plugins\com.st.stm32cube.common.mx_6.15.0.202507011659\\db\/mcu/
2026-01-28 09:54:08,851 [INFO] ApiDb:274 - Set plugin database path to: C:\ST\STM32CubeIDE_1.19.0\STM32CubeIDE\plugins\com.st.stm32cube.common.mx_6.15.0.202507011659\\db\/plugins/boardmanager/
2026-01-28 09:54:08,851 [INFO] ApiDb:261 - Set plugin images path to: C:\ST\STM32CubeIDE_1.19.0\STM32CubeIDE\plugins\com.st.stm32cube.common.mx_6.15.0.202507011659\\db\/plugins/mcufinder/images/
2026-01-28 09:54:08,852 [WARN] DbFile:41 - Overriding database path with different value: C:\Users\CAMMSYS\.stmcufinder\plugins\mcufinder/ => C:\Users\CAMMSYS\.stmcufinder\plugins\mcufinder
2026-01-28 09:54:08,852 [INFO] ApiDb:250 - Set database path to: C:\Users\CAMMSYS\.stmcufinder\plugins\mcufinder//mcu/
2026-01-28 09:54:08,852 [WARN] DbFile:41 - Overriding database path with different value: C:\Users\CAMMSYS\.stmcufinder\plugins\mcufinder/ => C:\Users\CAMMSYS\.stmcufinder\plugins\mcufinder
2026-01-28 09:54:08,852 [INFO] DbMcusAds:125 - Set database path to: C:\Users\CAMMSYS\.stmcufinder\plugins\mcufinder//mcu/
2026-01-28 09:54:08,852 [WARN] DbFile:41 - Overriding database path with different value: C:\Users\CAMMSYS\.stmcufinder\plugins\mcufinder/ => C:\Users\CAMMSYS\.stmcufinder\plugins\mcufinder
2026-01-28 09:54:08,852 [WARN] DbFile:41 - Overriding database path with different value: C:\Users\CAMMSYS\.stmcufinder\plugins\mcufinder/ => C:\Users\CAMMSYS\.stmcufinder\plugins\mcufinder
2026-01-28 09:54:08,852 [INFO] CrossReferenceDbSqlite:203 - Set database path to: C:\Users\CAMMSYS\.stmcufinder\plugins\mcufinder//mcu/cs/
2026-01-28 09:54:08,946 [INFO] MainPanel:274 - HeapMemory: 268435456
2026-01-28 09:54:09,072 [INFO] DbMcusXml:78 - Set database path to: C:\ST\STM32CubeIDE_1.19.0\STM32CubeIDE\plugins\com.st.stm32cube.common.mx_6.15.0.202507011659\\db\/mcu/
2026-01-28 09:54:09,072 [INFO] ApiDb:274 - Set plugin database path to: C:\ST\STM32CubeIDE_1.19.0\STM32CubeIDE\plugins\com.st.stm32cube.common.mx_6.15.0.202507011659\\db\/plugins/boardmanager/
2026-01-28 09:54:09,073 [INFO] ApiDb:261 - Set plugin images path to: C:\ST\STM32CubeIDE_1.19.0\STM32CubeIDE\plugins\com.st.stm32cube.common.mx_6.15.0.202507011659\\db\/plugins/mcufinder/images/
2026-01-28 09:54:09,073 [WARN] DbFile:41 - Overriding database path with different value: C:\Users\CAMMSYS\.stmcufinder\plugins\mcufinder/ => C:\Users\CAMMSYS\.stmcufinder\plugins\mcufinder
2026-01-28 09:54:09,073 [INFO] ApiDb:250 - Set database path to: C:\Users\CAMMSYS\.stmcufinder\plugins\mcufinder//mcu/
2026-01-28 09:54:09,074 [WARN] DbFile:41 - Overriding database path with different value: C:\Users\CAMMSYS\.stmcufinder\plugins\mcufinder/ => C:\Users\CAMMSYS\.stmcufinder\plugins\mcufinder
2026-01-28 09:54:09,074 [INFO] DbMcusAds:125 - Set database path to: C:\Users\CAMMSYS\.stmcufinder\plugins\mcufinder//mcu/
2026-01-28 09:54:09,074 [WARN] DbFile:41 - Overriding database path with different value: C:\Users\CAMMSYS\.stmcufinder\plugins\mcufinder/ => C:\Users\CAMMSYS\.stmcufinder\plugins\mcufinder
2026-01-28 09:54:09,074 [WARN] DbFile:41 - Overriding database path with different value: C:\Users\CAMMSYS\.stmcufinder\plugins\mcufinder/ => C:\Users\CAMMSYS\.stmcufinder\plugins\mcufinder
2026-01-28 09:54:09,074 [INFO] CrossReferenceDbSqlite:203 - Set database path to: C:\Users\CAMMSYS\.stmcufinder\plugins\mcufinder//mcu/cs/
2026-01-28 09:54:09,094 [INFO] ApplicationProperties:184 - Using Application install path: C:\ST\STM32CubeIDE_1.19.0\STM32CubeIDE\plugins\com.st.stm32cube.common.mx_6.15.0.202507011659
2026-01-28 09:54:09,095 [INFO] PluginManage:196 - Search for loadable plugins [exclusion list=, ]
2026-01-28 09:54:09,097 [INFO] PluginManage:310 - Check plugin analytics
2026-01-28 09:54:09,284 [INFO] AnalyticsPlugin:253 - Accepted Software Licenses: STM32CubeMX.6.16.0
2026-01-28 09:54:09,284 [INFO] AnalyticsPlugin:255 - Accepted CMSIS Pack Licenses: 
2026-01-28 09:54:09,285 [INFO] AnalyticsPlugin:257 - Accepted Firmware Licenses: FW.L4.1.18.0
2026-01-28 09:54:09,289 [INFO] PluginManage:359 - Loaded plugin analytics (category:tool,tabindex:-1)
2026-01-28 09:54:09,290 [INFO] PluginManage:310 - Check plugin cadmodel
2026-01-28 09:54:09,296 [INFO] CADModel:105 - Init CAD model plugin
2026-01-28 09:54:09,297 [INFO] PluginManage:359 - Loaded plugin cadmodel (category:power,tabindex:5)
2026-01-28 09:54:09,297 [INFO] PluginManage:310 - Check plugin clock
2026-01-28 09:54:09,307 [INFO] PluginManage:359 - Loaded plugin clock (category:base,tabindex:2)
2026-01-28 09:54:09,307 [INFO] PluginManage:310 - Check plugin ddr
2026-01-28 09:54:09,310 [INFO] PluginManage:359 - Loaded plugin ddr (category:tool,tabindex:6)
2026-01-28 09:54:09,310 [INFO] PluginManage:310 - Check plugin filemanager
2026-01-28 09:54:09,462 [INFO] PluginManage:359 - Loaded plugin filemanager (category:base,tabindex:10)
2026-01-28 09:54:09,463 [INFO] PluginManage:310 - Check plugin ipmanager
2026-01-28 09:54:09,476 [INFO] PluginManage:359 - Loaded plugin ipmanager (category:base,tabindex:5)
2026-01-28 09:54:09,476 [INFO] PluginManage:310 - Check plugin lpbam
2026-01-28 09:54:09,489 [INFO] PluginManage:359 - Loaded plugin lpbam (category:base,tabindex:0)
2026-01-28 09:54:09,490 [INFO] PluginManage:310 - Check plugin memorymap
2026-01-28 09:54:09,511 [INFO] PluginManage:359 - Loaded plugin memorymap (category:base,tabindex:4)
2026-01-28 09:54:09,511 [INFO] PluginManage:310 - Check plugin pinoutandconfiguration
2026-01-28 09:54:09,522 [INFO] PluginManage:359 - Loaded plugin pinoutandconfiguration (category:base,tabindex:1)
2026-01-28 09:54:09,522 [INFO] PluginManage:310 - Check plugin pinoutconfig
2026-01-28 09:54:09,595 [WARN] SupportedApi:132 - Cannot load RTOS API schema: s4s-elt-must-match.1: The content of 'definitions' must match (annotation?, (simpleType | complexType)?, (unique | key | keyref)*)). A problem was found starting at: attribute.
2026-01-28 09:54:09,688 [INFO] PluginManage:359 - Loaded plugin pinoutconfig (category:base,tabindex:0)
2026-01-28 09:54:09,688 [INFO] PluginManage:310 - Check plugin power
2026-01-28 09:54:09,694 [INFO] PluginManage:359 - Loaded plugin power (category:power,tabindex:4)
2026-01-28 09:54:09,694 [INFO] PluginManage:310 - Check plugin projectmanager
2026-01-28 09:54:09,706 [INFO] PluginManage:359 - Loaded plugin projectmanager (category:projectmanager,tabindex:4)
2026-01-28 09:54:09,707 [INFO] PluginManage:310 - Check plugin rif
2026-01-28 09:54:09,714 [INFO] PluginManage:359 - Loaded plugin rif (category:base,tabindex:3)
2026-01-28 09:54:09,714 [INFO] PluginManage:310 - Check plugin thirdparty
2026-01-28 09:54:09,823 [INFO] PluginManage:359 - Loaded plugin thirdparty (category:base,tabindex:-1)
2026-01-28 09:54:09,823 [INFO] PluginManage:310 - Check plugin tools
2026-01-28 09:54:09,823 [WARN] IntegrityCheckThread:84 - waiting for thirdparty lock release [integrity check]
2026-01-28 09:54:09,823 [INFO] IntegrityCheckThread:86 - entering critical section [integrity check]
2026-01-28 09:54:09,825 [INFO] ThirdPartyUpdaterWithRetryManager:70 - Updater plugin not ready yet. [1/15]
2026-01-28 09:54:09,826 [INFO] PluginManage:359 - Loaded plugin tools (category:base,tabindex:7)
2026-01-28 09:54:09,826 [INFO] PluginManage:310 - Check plugin tutovideos
2026-01-28 09:54:09,976 [INFO] PluginManage:359 - Loaded plugin tutovideos (category:base,tabindex:-1)
2026-01-28 09:54:09,976 [INFO] PluginManage:310 - Check plugin updater
2026-01-28 09:54:09,991 [INFO] PluginManage:359 - Loaded plugin updater (category:base,tabindex:12)
2026-01-28 09:54:09,992 [INFO] PluginManage:310 - Check plugin userauth
2026-01-28 09:54:09,995 [INFO] UserAuth:118 - Init User Auth plugin
2026-01-28 09:54:09,996 [INFO] PluginManage:359 - Loaded plugin userauth (category:base,tabindex:14)
2026-01-28 09:54:09,996 [INFO] PluginManage:283 - PluginManage : Loaded plugins [18]
2026-01-28 09:54:10,177 [INFO] PinOutPanel:1589 - setPackage(No Configuration,No Configuration)
2026-01-28 09:54:10,246 [INFO] CADModel:165 - CPN selected for project level
2026-01-28 09:54:10,246 [INFO] CADModel:114 - Register for checkConnection events
2026-01-28 09:54:10,261 [INFO] IPUIPlugin:80 - create IPUIPlugin
2026-01-28 09:54:10,261 [INFO] PluginManager:220 - loadIPPluginJar : add adc
2026-01-28 09:54:10,264 [INFO] IPUIPlugin:80 - create IPUIPlugin
2026-01-28 09:54:10,264 [INFO] PluginManager:220 - loadIPPluginJar : add aes
2026-01-28 09:54:10,266 [INFO] IPUIPlugin:80 - create IPUIPlugin
2026-01-28 09:54:10,267 [INFO] PluginManager:220 - loadIPPluginJar : add can
2026-01-28 09:54:10,268 [INFO] IPUIPlugin:80 - create IPUIPlugin
2026-01-28 09:54:10,268 [INFO] PluginManager:220 - loadIPPluginJar : add comp
2026-01-28 09:54:10,270 [INFO] IPUIPlugin:80 - create IPUIPlugin
2026-01-28 09:54:10,270 [INFO] PluginManager:220 - loadIPPluginJar : add cryp
2026-01-28 09:54:10,273 [INFO] IPUIPlugin:80 - create IPUIPlugin
2026-01-28 09:54:10,273 [INFO] PluginManager:220 - loadIPPluginJar : add ddr_ctrl_phy
2026-01-28 09:54:10,275 [INFO] IPUIPlugin:80 - create IPUIPlugin
2026-01-28 09:54:10,275 [INFO] PluginManager:220 - loadIPPluginJar : add dfsdm
2026-01-28 09:54:10,280 [INFO] IPUIPlugin:80 - create IPUIPlugin
2026-01-28 09:54:10,280 [INFO] PluginManager:220 - loadIPPluginJar : add dma
2026-01-28 09:54:10,283 [INFO] IPUIPlugin:80 - create IPUIPlugin
2026-01-28 09:54:10,283 [INFO] PluginManager:220 - loadIPPluginJar : add dma3
2026-01-28 09:54:10,285 [INFO] IPUIPlugin:80 - create IPUIPlugin
2026-01-28 09:54:10,285 [INFO] PluginManager:220 - loadIPPluginJar : add extmemmanager
2026-01-28 09:54:10,287 [INFO] IPUIPlugin:80 - create IPUIPlugin
2026-01-28 09:54:10,287 [INFO] PluginManager:220 - loadIPPluginJar : add fatfs
2026-01-28 09:54:10,291 [INFO] IPUIPlugin:80 - create IPUIPlugin
2026-01-28 09:54:10,291 [INFO] PluginManager:220 - loadIPPluginJar : add fmc
2026-01-28 09:54:10,296 [INFO] IPUIPlugin:80 - create IPUIPlugin
2026-01-28 09:54:10,296 [INFO] PluginManager:220 - loadIPPluginJar : add freertos
2026-01-28 09:54:10,297 [INFO] IPUIPlugin:80 - create IPUIPlugin
2026-01-28 09:54:10,297 [INFO] PluginManager:220 - loadIPPluginJar : add genericplugin
2026-01-28 09:54:10,300 [INFO] IPUIPlugin:80 - create IPUIPlugin
2026-01-28 09:54:10,301 [INFO] PluginManager:220 - loadIPPluginJar : add gfxmmu
2026-01-28 09:54:10,305 [INFO] IPUIPlugin:80 - create IPUIPlugin
2026-01-28 09:54:10,305 [INFO] PluginManager:220 - loadIPPluginJar : add gic
2026-01-28 09:54:10,308 [INFO] IPUIPlugin:80 - create IPUIPlugin
2026-01-28 09:54:10,308 [INFO] PluginManager:220 - loadIPPluginJar : add gpio
2026-01-28 09:54:10,311 [INFO] IPUIPlugin:80 - create IPUIPlugin
2026-01-28 09:54:10,311 [INFO] PluginManager:220 - loadIPPluginJar : add gtzc
2026-01-28 09:54:10,314 [INFO] IPUIPlugin:80 - create IPUIPlugin
2026-01-28 09:54:10,314 [INFO] PluginManager:220 - loadIPPluginJar : add hash
2026-01-28 09:54:10,316 [INFO] IPUIPlugin:80 - create IPUIPlugin
2026-01-28 09:54:10,316 [INFO] PluginManager:220 - loadIPPluginJar : add i2c
2026-01-28 09:54:10,320 [INFO] IPUIPlugin:80 - create IPUIPlugin
2026-01-28 09:54:10,320 [INFO] PluginManager:220 - loadIPPluginJar : add i2s
2026-01-28 09:54:10,322 [INFO] IPUIPlugin:80 - create IPUIPlugin
2026-01-28 09:54:10,324 [INFO] PluginManager:220 - loadIPPluginJar : add i3c
2026-01-28 09:54:10,328 [INFO] IPUIPlugin:80 - create IPUIPlugin
2026-01-28 09:54:10,328 [INFO] PluginManager:220 - loadIPPluginJar : add ipddr
2026-01-28 09:54:10,335 [INFO] IPUIPlugin:80 - create IPUIPlugin
2026-01-28 09:54:10,335 [INFO] PluginManager:220 - loadIPPluginJar : add linkedlist
2026-01-28 09:54:10,338 [INFO] IPUIPlugin:80 - create IPUIPlugin
2026-01-28 09:54:10,338 [INFO] PluginManager:220 - loadIPPluginJar : add lorawan
2026-01-28 09:54:10,340 [INFO] IPUIPlugin:80 - create IPUIPlugin
2026-01-28 09:54:10,340 [INFO] PluginManager:220 - loadIPPluginJar : add ltdc
2026-01-28 09:54:10,344 [INFO] IPUIPlugin:80 - create IPUIPlugin
2026-01-28 09:54:10,344 [INFO] PluginManager:220 - loadIPPluginJar : add mdma
2026-01-28 09:54:10,346 [INFO] IPUIPlugin:80 - create IPUIPlugin
2026-01-28 09:54:10,346 [INFO] PluginManager:220 - loadIPPluginJar : add nvic
2026-01-28 09:54:10,349 [INFO] IPUIPlugin:80 - create IPUIPlugin
2026-01-28 09:54:10,349 [INFO] PluginManager:220 - loadIPPluginJar : add opamp
2026-01-28 09:54:10,351 [INFO] IPUIPlugin:80 - create IPUIPlugin
2026-01-28 09:54:10,352 [INFO] PluginManager:220 - loadIPPluginJar : add openamp
2026-01-28 09:54:10,354 [INFO] IPUIPlugin:80 - create IPUIPlugin
2026-01-28 09:54:10,354 [INFO] PluginManager:220 - loadIPPluginJar : add pdm2pcm
2026-01-28 09:54:10,359 [INFO] IPUIPlugin:80 - create IPUIPlugin
2026-01-28 09:54:10,360 [INFO] PluginManager:220 - loadIPPluginJar : add plateformsettings
2026-01-28 09:54:10,362 [INFO] IPUIPlugin:80 - create IPUIPlugin
2026-01-28 09:54:10,362 [INFO] PluginManager:220 - loadIPPluginJar : add quadspi
2026-01-28 09:54:10,364 [INFO] IPUIPlugin:80 - create IPUIPlugin
2026-01-28 09:54:10,364 [INFO] PluginManager:220 - loadIPPluginJar : add radio
2026-01-28 09:54:10,368 [INFO] IPUIPlugin:80 - create IPUIPlugin
2026-01-28 09:54:10,368 [INFO] PluginManager:220 - loadIPPluginJar : add resmgrutility
2026-01-28 09:54:10,370 [INFO] IPUIPlugin:80 - create IPUIPlugin
2026-01-28 09:54:10,371 [INFO] PluginManager:220 - loadIPPluginJar : add sai
2026-01-28 09:54:10,373 [INFO] IPUIPlugin:80 - create IPUIPlugin
2026-01-28 09:54:10,373 [INFO] PluginManager:220 - loadIPPluginJar : add spi
2026-01-28 09:54:10,378 [INFO] IPUIPlugin:80 - create IPUIPlugin
2026-01-28 09:54:10,379 [INFO] PluginManager:220 - loadIPPluginJar : add stm32_wpan
2026-01-28 09:54:10,381 [INFO] IPUIPlugin:80 - create IPUIPlugin
2026-01-28 09:54:10,381 [INFO] PluginManager:220 - loadIPPluginJar : add tim
2026-01-28 09:54:10,384 [INFO] IPUIPlugin:80 - create IPUIPlugin
2026-01-28 09:54:10,384 [INFO] PluginManager:220 - loadIPPluginJar : add touchsensing
2026-01-28 09:54:10,386 [INFO] IPUIPlugin:80 - create IPUIPlugin
2026-01-28 09:54:10,386 [INFO] PluginManager:220 - loadIPPluginJar : add tracer_emb
2026-01-28 09:54:10,388 [INFO] IPUIPlugin:80 - create IPUIPlugin
2026-01-28 09:54:10,388 [INFO] PluginManager:220 - loadIPPluginJar : add ts
2026-01-28 09:54:10,390 [INFO] IPUIPlugin:80 - create IPUIPlugin
2026-01-28 09:54:10,390 [INFO] PluginManager:220 - loadIPPluginJar : add tsc
2026-01-28 09:54:10,392 [INFO] IPUIPlugin:80 - create IPUIPlugin
2026-01-28 09:54:10,392 [INFO] PluginManager:220 - loadIPPluginJar : add ucpd
2026-01-28 09:54:10,395 [INFO] IPUIPlugin:80 - create IPUIPlugin
2026-01-28 09:54:10,395 [INFO] PluginManager:220 - loadIPPluginJar : add usart
2026-01-28 09:54:10,397 [INFO] IPUIPlugin:80 - create IPUIPlugin
2026-01-28 09:54:10,397 [INFO] PluginManager:220 - loadIPPluginJar : add usbx
2026-01-28 09:54:10,511 [FATAL] Updater:351 - Updater called before beeing initialized
2026-01-28 09:54:10,528 [INFO] RulesReader:64 - Compatibility file has been processed (317 Rules)
2026-01-28 09:54:10,539 [INFO] RulesReader:64 - Compatibility file has been processed (317 Rules)
2026-01-28 09:54:10,547 [INFO] CADModel:165 - CPN selected for project level
2026-01-28 09:54:10,547 [INFO] CADModel:114 - Register for checkConnection events
2026-01-28 09:54:10,547 [FATAL] Updater:351 - Updater called before beeing initialized
2026-01-28 09:54:10,548 [ERROR] CADModel:125 - Updater not yet initialized, retry later 
2026-01-28 09:54:10,662 [FATAL] Updater:351 - Updater called before beeing initialized
2026-01-28 09:54:10,663 [INFO] CADModel:165 - CPN selected for project level
2026-01-28 09:54:10,664 [INFO] CADModel:114 - Register for checkConnection events
2026-01-28 09:54:10,664 [FATAL] Updater:351 - Updater called before beeing initialized
2026-01-28 09:54:10,664 [ERROR] CADModel:125 - Updater not yet initialized, retry later 
2026-01-28 09:54:10,666 [FATAL] Updater:351 - Updater called before beeing initialized
2026-01-28 09:54:10,750 [FATAL] Updater:351 - Updater called before beeing initialized
2026-01-28 09:54:10,753 [INFO] DbMcusAds:53 - JSON generation date=Fri Jan 09 00:57:51 KST 2026 (1767887871456)
2026-01-28 09:54:10,753 [FATAL] Updater:351 - Updater called before beeing initialized
2026-01-28 09:54:10,779 [WARN] DetailPanel:346 - Failed to get advertising image, set to default
2026-01-28 09:54:10,849 [FATAL] Updater:351 - Updater called before beeing initialized
2026-01-28 09:54:10,850 [FATAL] Updater:351 - Updater called before beeing initialized
2026-01-28 09:54:10,851 [FATAL] Updater:351 - Updater called before beeing initialized
2026-01-28 09:54:10,851 [WARN] DetailPanel:346 - Failed to get advertising image, set to default
2026-01-28 09:54:10,851 [FATAL] Updater:351 - Updater called before beeing initialized
2026-01-28 09:54:10,889 [ERROR] Updater:1198 - MainUpdater not yet initialized. External WinMGr cannot be set.
2026-01-28 09:54:10,891 [INFO] Updater:1134 - Updater Version found : 6.15.0
2026-01-28 09:54:10,904 [INFO] ApplicationProperties:184 - Using Application install path: C:\ST\STM32CubeIDE_1.19.0\STM32CubeIDE\plugins\com.st.stm32cube.common.mx_6.15.0.202507011659
2026-01-28 09:54:12,480 [ERROR] LogOutputStream:75 - [STDERR_REDIRECT] Jan 28, 2026 9:54:12 AM java.util.prefs.WindowsPreferences <init>
2026-01-28 09:54:12,481 [ERROR] LogOutputStream:75 - [STDERR_REDIRECT] WARNING: Could not open/create prefs root node Software\JavaSoft\Prefs at root 0xffffffff80000002. Windows RegCreateKeyEx(...) returned error code 5.
2026-01-28 09:54:12,481 [ERROR] LogOutputStream:75 - [STDERR_REDIRECT] 
2026-01-28 09:54:12,825 [INFO] ThirdPartyUpdaterWithRetryManager:70 - Updater plugin not ready yet. [2/15]
2026-01-28 09:54:13,179 [INFO] MainUpdater:2872 - connection check result : 10
2026-01-28 09:54:13,179 [INFO] MainUpdater:289 - Updater Check For Update Now.
2026-01-28 09:54:13,180 [INFO] MicroXplorer:498 - Change Database Version : DB.6.0.150
2026-01-28 09:54:13,185 [INFO] McuFinderGlobals:63 - Set McuFinder mode to 2 (CubeIDE integrated)
2026-01-28 09:54:13,185 [INFO] UserAuth:171 - activating auth plugin
2026-01-28 09:54:13,188 [INFO] UserAuth:487 - Internet connection configuration mode: 1
2026-01-28 09:54:13,226 [INFO] JxBrowserEngine:152 - Initiate JxBrowser Engine with user profile folder
2026-01-28 09:54:13,343 [INFO] CheckServerUpdateThread:120 - End of CheckServer Thread
2026-01-28 09:54:16,013 [WARN] PackLoader:240 - Cannot read IP mode file for STMicroelectronics.FP-SNS-MOTENVWB1.1.4.0
2026-01-28 09:54:16,019 [WARN] PackLoader:240 - Cannot read IP mode file for STMicroelectronics.FP-ATR-ASTRA1.2.0.2
2026-01-28 09:54:16,026 [WARN] PackLoader:240 - Cannot read IP mode file for STMicroelectronics.X-CUBE-SMBUS.2.1.0
2026-01-28 09:54:16,046 [WARN] PackLoader:240 - Cannot read IP mode file for STMicroelectronics.X-CUBE-AZRTOS-F7.1.1.0
2026-01-28 09:54:16,055 [WARN] PackLoader:240 - Cannot read IP mode file for STMicroelectronics.FP-SNS-MOTENV1.5.1.0
2026-01-28 09:54:16,065 [WARN] PackLoader:240 - Cannot read IP mode file for WES.I-CUBE-Cesium.1.4.0
2026-01-28 09:54:16,081 [WARN] PackLoader:240 - Cannot read IP mode file for STMicroelectronics.X-CUBE-AZRTOS-H7.3.4.0
2026-01-28 09:54:16,088 [WARN] PackLoader:240 - Cannot read IP mode file for STMicroelectronics.X-CUBE-DISPLAY.3.0.0
2026-01-28 09:54:16,100 [WARN] PackLoader:240 - Cannot read IP mode file for STMicroelectronics.X-CUBE-NFC10.1.0.0
2026-01-28 09:54:16,105 [WARN] PackLoader:240 - Cannot read IP mode file for STMicroelectronics.X-CUBE-ST60.1.1.0
2026-01-28 09:54:16,111 [WARN] PackLoader:240 - Cannot read IP mode file for emotas.I-CUBE-CANOPEN.1.3.0
2026-01-28 09:54:16,115 [WARN] PackLoader:240 - Cannot read IP mode file for STMicroelectronics.X-CUBE-GNSS1.7.1.0
2026-01-28 09:54:16,121 [WARN] PackLoader:240 - Cannot read IP mode file for STMicroelectronics.FP-SNS-STBOX1.2.1.0
2026-01-28 09:54:16,125 [WARN] PackLoader:240 - Cannot read IP mode file for STMicroelectronics.FP-SNS-SMARTAG2.1.2.0
2026-01-28 09:54:16,129 [WARN] PackLoader:240 - Cannot read IP mode file for STMicroelectronics.FP-SNS-FLIGHT1.5.1.0
2026-01-28 09:54:16,136 [INFO] LogOutputStream:77 - [STDOUT_REDIRECT] 1 : Invalid condition id : UX_CORESTACK_Condition cause : null
2026-01-28 09:54:16,136 [INFO] LogOutputStream:77 - [STDOUT_REDIRECT] 1 : Invalid condition id : UX_CORESTACK_Condition cause : null
2026-01-28 09:54:16,138 [INFO] LogOutputStream:77 - [STDOUT_REDIRECT] 1 : Invalid condition id : UX_CORESTACK_Condition cause : null
2026-01-28 09:54:16,139 [INFO] LogOutputStream:77 - [STDOUT_REDIRECT] 1 : Invalid condition id : UX_CORESTACK_Condition cause : null
2026-01-28 09:54:16,140 [INFO] LogOutputStream:77 - [STDOUT_REDIRECT] 1 : Invalid condition id : UX_CORESTACK_Condition cause : null
2026-01-28 09:54:16,141 [WARN] PackLoader:240 - Cannot read IP mode file for STMicroelectronics.X-CUBE-AZRTOS-WL.2.0.0
2026-01-28 09:54:16,152 [WARN] PackLoader:240 - Cannot read IP mode file for STMicroelectronics.X-CUBE-AZRTOS-H7RS.1.2.0
2026-01-28 09:54:16,159 [WARN] PackLoader:240 - Cannot read IP mode file for STMicroelectronics.X-CUBE-BLE2.3.3.0
2026-01-28 09:54:16,188 [WARN] PackLoader:240 - Cannot read IP mode file for Infineon.AIROC-Wi-Fi-Bluetooth-STM32.1.8.0
2026-01-28 09:54:16,196 [WARN] PackLoader:240 - Cannot read IP mode file for STMicroelectronics.X-CUBE-NFC9.1.0.0
2026-01-28 09:54:16,203 [WARN] PackLoader:240 - Cannot read IP mode file for STMicroelectronics.X-CUBE-BLE1.7.1.0
2026-01-28 09:54:16,208 [WARN] PackLoader:240 - Cannot read IP mode file for wolfSSL.I-CUBE-wolfMQTT.1.19.2
2026-01-28 09:54:16,214 [WARN] PackLoader:240 - Cannot read IP mode file for STMicroelectronics.X-CUBE-FREERTOS.1.4.0
2026-01-28 09:54:16,220 [WARN] PackLoader:240 - Cannot read IP mode file for STMicroelectronics.X-CUBE-EEPRMA1.5.2.0
2026-01-28 09:54:16,225 [WARN] PackLoader:240 - Cannot read IP mode file for wolfSSL.I-CUBE-wolfSSL.5.8.4
2026-01-28 09:54:16,229 [WARN] PackLoader:240 - Cannot read IP mode file for Cesanta.I-CUBE-Mongoose.7.20.0
2026-01-28 09:54:16,237 [WARN] PackLoader:240 - Cannot read IP mode file for STMicroelectronics.X-CUBE-ST67W61.1.1.0
2026-01-28 09:54:16,260 [WARN] PackLoader:240 - Cannot read IP mode file for STMicroelectronics.X-CUBE-MEMS1.12.0.0
2026-01-28 09:54:16,314 [WARN] PackLoader:240 - Cannot read IP mode file for STMicroelectronics.X-CUBE-AZRTOS-G0.1.1.0
2026-01-28 09:54:16,318 [WARN] PackLoader:240 - Cannot read IP mode file for STMicroelectronics.X-CUBE-NFC4.3.0.0
2026-01-28 09:54:16,325 [WARN] PackLoader:240 - Cannot read IP mode file for EmbeddedOffice.I-CUBE-FS-RTOS.1.0.1
2026-01-28 09:54:16,329 [WARN] PackLoader:240 - Cannot read IP mode file for STMicroelectronics.X-CUBE-WB05N.2.0.0
2026-01-28 09:54:16,333 [WARN] PackLoader:240 - Cannot read IP mode file for wolfSSL.I-CUBE-wolfTPM.3.8.0
2026-01-28 09:54:16,342 [WARN] PackLoader:240 - Cannot read IP mode file for STMicroelectronics.X-CUBE-TCPP.4.2.0
2026-01-28 09:54:16,354 [WARN] PackLoader:240 - Cannot read IP mode file for RealThread.X-CUBE-RT-Thread_Nano.4.1.1
2026-01-28 09:54:16,364 [WARN] PackLoader:240 - Cannot read IP mode file for STMicroelectronics.FP-ATR-SIGFOX1.3.2.0
2026-01-28 09:54:16,397 [WARN] PackLoader:240 - Cannot read IP mode file for ITTIA_DB.I-CUBE-ITTIADB.8.9.0
2026-01-28 09:54:16,408 [WARN] PackLoader:240 - Cannot read IP mode file for STMicroelectronics.X-CUBE-NFC6.3.2.0
2026-01-28 09:54:16,417 [WARN] PackLoader:240 - Cannot read IP mode file for STMicroelectronics.X-CUBE-AI.10.2.0
2026-01-28 09:54:16,446 [WARN] PackLoader:240 - Cannot read IP mode file for SEGGER.I-CUBE-embOS.1.3.1
2026-01-28 09:54:16,475 [WARN] PackLoader:240 - Cannot read IP mode file for STMicroelectronics.X-CUBE-ALGOBUILD.1.4.0
2026-01-28 09:54:16,480 [WARN] PackLoader:240 - Cannot read IP mode file for STMicroelectronics.X-CUBE-PM33A1.1.0.0
2026-01-28 09:54:16,491 [WARN] PackLoader:240 - Cannot read IP mode file for STMicroelectronics.X-CUBE-AZRTOS-F4.1.1.0
2026-01-28 09:54:16,496 [WARN] PackLoader:240 - Cannot read IP mode file for STMicroelectronics.X-CUBE-ISPU.2.1.0
2026-01-28 09:54:16,505 [WARN] PackLoader:240 - Cannot read IP mode file for STMicroelectronics.X-CUBE-IPS.3.2.0
2026-01-28 09:54:16,513 [WARN] PackLoader:240 - Cannot read IP mode file for STMicroelectronics.X-CUBE-NFC12.1.0.0
2026-01-28 09:54:16,522 [WARN] PackLoader:240 - Cannot read IP mode file for STMicroelectronics.X-CUBE-AZRTOS-L5.2.0.0
2026-01-28 09:54:16,527 [WARN] PackLoader:240 - Cannot read IP mode file for STMicroelectronics.X-CUBE-NFC6.3.1.0
2026-01-28 09:54:16,538 [WARN] PackLoader:240 - Cannot read IP mode file for STMicroelectronics.X-CUBE-TOUCHGFX.4.26.0
2026-01-28 09:54:16,544 [WARN] PackLoader:240 - Cannot read IP mode file for STMicroelectronics.FP-SNS-STAIOTCFT.1.0.0
2026-01-28 09:54:16,548 [WARN] PackLoader:240 - Cannot read IP mode file for STMicroelectronics.X-CUBE-DPower.1.3.0
2026-01-28 09:54:16,558 [WARN] ConditionMgr:438 - getConditionDescription Invalid condition id : LAN8742 Phy interface Condition cause : null
2026-01-28 09:54:16,558 [WARN] PackLoader:240 - Cannot read IP mode file for STMicroelectronics.X-CUBE-AZRTOS-L4.2.0.0
2026-01-28 09:54:16,559 [WARN] ConditionMgr:1044 - genDependencies : Invalid condition id : LAN8742 Phy interface Condition cause : null
2026-01-28 09:54:16,559 [WARN] ConditionMgr:1044 - genDependencies : Invalid condition id : LAN8742 Phy interface Condition cause : null
2026-01-28 09:54:16,559 [WARN] ConditionMgr:1044 - genDependencies : Invalid condition id : LAN8742 Phy interface Condition cause : null
2026-01-28 09:54:16,564 [WARN] PackLoader:240 - Cannot read IP mode file for STMicroelectronics.X-CUBE-SFXS2LP1.4.0.0
2026-01-28 09:54:16,569 [WARN] PackLoader:240 - Cannot read IP mode file for STMicroelectronics.X-CUBE-ST67W61.1.2.0
2026-01-28 09:54:16,576 [WARN] PackLoader:240 - Cannot read IP mode file for STMicroelectronics.X-CUBE-BLEMGR.4.1.0
2026-01-28 09:54:16,584 [WARN] ConditionMgr:438 - getConditionDescription Invalid condition id : UX DEVICE CLASS RTOS Condition cause : null
2026-01-28 09:54:16,584 [WARN] ConditionMgr:438 - getConditionDescription Invalid condition id : UX DEVICE CLASS RTOS Condition cause : null
2026-01-28 09:54:16,585 [WARN] PackLoader:240 - Cannot read IP mode file for STMicroelectronics.X-CUBE-AZRTOS-WB.2.0.0
2026-01-28 09:54:16,586 [WARN] ConditionMgr:1044 - genDependencies : Invalid condition id : UX DEVICE CLASS RTOS Condition cause : null
2026-01-28 09:54:16,586 [WARN] ConditionMgr:1044 - genDependencies : Invalid condition id : UX DEVICE CLASS RTOS Condition cause : null
2026-01-28 09:54:16,586 [WARN] ConditionMgr:1044 - genDependencies : Invalid condition id : UX DEVICE CLASS RTOS Condition cause : null
2026-01-28 09:54:16,586 [WARN] ConditionMgr:1044 - genDependencies : Invalid condition id : UX DEVICE CLASS RTOS Condition cause : null
2026-01-28 09:54:16,586 [WARN] ConditionMgr:1044 - genDependencies : Invalid condition id : UX DEVICE CLASS RTOS Condition cause : null
2026-01-28 09:54:16,591 [WARN] ConditionMgr:438 - getConditionDescription Invalid condition id : Cortex-A Device cause : null
2026-01-28 09:54:16,597 [WARN] ConditionMgr:1044 - genDependencies : Invalid condition id : Cortex-A Device cause : null
2026-01-28 09:54:16,597 [WARN] ConditionMgr:1044 - genDependencies : Invalid condition id : Cortex-A Device cause : null
2026-01-28 09:54:16,597 [WARN] ConditionMgr:1044 - genDependencies : Invalid condition id : Cortex-A Device cause : null
2026-01-28 09:54:16,603 [WARN] PackLoader:240 - Cannot read IP mode file for STMicroelectronics.X-CUBE-STSE01.2.0.0
2026-01-28 09:54:16,610 [WARN] PackLoader:240 - Cannot read IP mode file for STMicroelectronics.X-CUBE-SUBG2.5.0.0
2026-01-28 09:54:16,620 [WARN] PackLoader:240 - Cannot read IP mode file for STMicroelectronics.X-CUBE-AZRTOS-G4.2.0.0
2026-01-28 09:54:16,625 [WARN] PackLoader:240 - Cannot read IP mode file for wolfSSL.I-CUBE-wolfSSH.1.4.20
2026-01-28 09:54:16,630 [WARN] PackLoader:240 - Cannot read IP mode file for STMicroelectronics.X-CUBE-NFC7.2.0.0
2026-01-28 09:54:16,634 [WARN] PackLoader:240 - Cannot read IP mode file for STMicroelectronics.X-CUBE-ALS.1.0.2
2026-01-28 09:54:16,640 [WARN] PackLoader:240 - Cannot read IP mode file for STMicroelectronics.X-CUBE-STSE01.1.0.0
2026-01-28 09:54:16,648 [WARN] PackLoader:240 - Cannot read IP mode file for STMicroelectronics.X-CUBE-TOF1.3.4.3
2026-01-28 09:54:16,653 [INFO] ThirdParty:978 - Integrity check success = true
2026-01-28 09:54:16,653 [INFO] IntegrityCheckThread:100 - exiting critical section [integrity check]
2026-01-28 09:54:16,653 [INFO] IntegrityCheckThread:103 - End integrity checks thread
2026-01-28 09:54:17,019 [INFO] WebApp:169 - Instantiating new browser for Auth
2026-01-28 09:54:17,658 [INFO] WebApp:463 - Apply proxy settings
2026-01-28 09:54:17,658 [INFO] WebApp:548 - Chromium requires no authentication
2026-01-28 09:54:17,668 [INFO] WebApp:491 - Direct internet connection detected
2026-01-28 09:54:17,686 [INFO] WebApp:900 - Register for checkConnection events
2026-01-28 09:54:17,686 [INFO] WebApp:463 - Apply proxy settings
2026-01-28 09:54:17,686 [INFO] WebApp:548 - Chromium requires no authentication
2026-01-28 09:54:17,687 [INFO] WebApp:491 - Direct internet connection detected
2026-01-28 09:54:17,802 [INFO] WebApp:225 - Starting web application
2026-01-28 09:54:17,802 [INFO] WebApp:593 - Web application path used C:\ST\STM32CubeIDE_1.19.0\STM32CubeIDE\plugins\com.st.stm32cube.common.mx_6.15.0.202507011659\db\plugins\mcufinder\reactClient1\index.html
2026-01-28 09:54:17,994 [INFO] WebApp:191 - Connection restablished
2026-01-28 09:54:48,866 [INFO] WebApp:194 - Connection lost
2026-01-28 09:54:49,033 [INFO] WebApp:191 - Connection restablished
2026-01-28 10:24:50,236 [INFO] WebApp:194 - Connection lost
2026-01-28 10:24:50,491 [INFO] WebApp:191 - Connection restablished
2026-01-28 10:54:53,261 [INFO] WebApp:194 - Connection lost
2026-01-28 10:54:53,482 [INFO] WebApp:191 - Connection restablished
2026-01-28 11:15:25,742 [INFO] WebApp:194 - Connection lost
2026-01-28 11:15:25,923 [INFO] WebApp:191 - Connection restablished
2026-01-28 11:24:54,671 [INFO] WebApp:194 - Connection lost
2026-01-28 11:24:54,849 [INFO] WebApp:191 - Connection restablished
2026-01-28 11:25:38,710 [INFO] WebApp:194 - Connection lost
2026-01-28 11:25:38,863 [INFO] WebApp:191 - Connection restablished
2026-01-28 11:34:08,010 [INFO] WebApp:194 - Connection lost
2026-01-28 11:34:08,243 [INFO] WebApp:191 - Connection restablished
2026-01-28 11:54:58,203 [INFO] WebApp:194 - Connection lost
2026-01-28 11:54:58,483 [INFO] WebApp:191 - Connection restablished
2026-01-28 12:58:39,044 [INFO] WebApp:194 - Connection lost
2026-01-28 12:58:40,841 [INFO] WebApp:191 - Connection restablished
2026-01-28 12:58:47,646 [INFO] WebApp:194 - Connection lost
2026-01-28 12:58:47,824 [INFO] WebApp:191 - Connection restablished
2026-01-28 12:58:50,710 [INFO] WebApp:194 - Connection lost
2026-01-28 12:58:50,886 [INFO] WebApp:191 - Connection restablished
2026-01-28 13:14:19,312 [INFO] WebApp:194 - Connection lost
2026-01-28 13:14:19,477 [INFO] WebApp:191 - Connection restablished
2026-01-28 13:25:01,440 [INFO] WebApp:194 - Connection lost
2026-01-28 13:25:01,619 [INFO] WebApp:191 - Connection restablished
2026-01-28 13:53:36,506 [INFO] WebApp:194 - Connection lost
2026-01-28 13:53:36,680 [INFO] WebApp:191 - Connection restablished
2026-01-28 13:55:02,309 [INFO] WebApp:194 - Connection lost
2026-01-28 13:55:02,463 [INFO] WebApp:191 - Connection restablished
2026-01-28 14:25:02,338 [INFO] WebApp:194 - Connection lost
2026-01-28 14:25:02,512 [INFO] WebApp:191 - Connection restablished
2026-01-28 14:55:04,329 [INFO] WebApp:194 - Connection lost
2026-01-28 14:55:04,490 [INFO] WebApp:191 - Connection restablished
2026-01-28 14:57:12,314 [INFO] WebApp:194 - Connection lost
2026-01-28 14:57:12,466 [INFO] WebApp:191 - Connection restablished
2026-01-28 15:24:56,738 [INFO] WebApp:194 - Connection lost
2026-01-28 15:24:56,922 [INFO] WebApp:191 - Connection restablished
2026-01-28 15:25:05,250 [INFO] WebApp:194 - Connection lost
2026-01-28 15:25:05,410 [INFO] WebApp:191 - Connection restablished
2026-01-28 15:51:47,768 [INFO] WebApp:194 - Connection lost
2026-01-28 15:51:47,917 [INFO] WebApp:191 - Connection restablished
2026-01-28 15:55:05,796 [INFO] WebApp:194 - Connection lost
2026-01-28 15:55:05,998 [INFO] WebApp:191 - Connection restablished
2026-01-28 16:25:07,255 [INFO] WebApp:194 - Connection lost
2026-01-28 16:25:07,435 [INFO] WebApp:191 - Connection restablished
2026-01-28 16:55:09,797 [INFO] WebApp:194 - Connection lost
2026-01-28 16:55:09,953 [INFO] WebApp:191 - Connection restablished
2026-01-28 17:25:10,279 [INFO] WebApp:194 - Connection lost
2026-01-28 17:25:10,455 [INFO] WebApp:191 - Connection restablished
2026-01-28 17:32:18,947 [INFO] WebApp:194 - Connection lost
2026-01-28 17:32:19,188 [INFO] WebApp:191 - Connection restablished
2026-01-28 17:51:12,319 [INFO] WebApp:194 - Connection lost
2026-01-28 17:51:12,483 [INFO] WebApp:191 - Connection restablished
2026-01-28 17:55:10,268 [INFO] WebApp:194 - Connection lost
2026-01-28 17:55:10,498 [INFO] WebApp:191 - Connection restablished
2026-01-28 18:25:12,291 [INFO] WebApp:194 - Connection lost
2026-01-28 18:25:12,462 [INFO] WebApp:191 - Connection restablished
2026-01-28 18:26:24,340 [INFO] WebApp:194 - Connection lost
2026-01-28 18:26:24,497 [INFO] WebApp:191 - Connection restablished
2026-01-28 18:55:14,223 [INFO] WebApp:194 - Connection lost
2026-01-28 18:55:14,386 [INFO] WebApp:191 - Connection restablished
2026-01-28 19:25:14,358 [INFO] WebApp:194 - Connection lost
2026-01-28 19:25:14,542 [INFO] WebApp:191 - Connection restablished
2026-01-28 19:55:14,797 [INFO] WebApp:194 - Connection lost
2026-01-28 19:55:14,976 [INFO] WebApp:191 - Connection restablished
2026-01-28 20:25:15,815 [INFO] WebApp:194 - Connection lost
2026-01-28 20:25:15,994 [INFO] WebApp:191 - Connection restablished
2026-01-28 20:55:16,315 [INFO] WebApp:194 - Connection lost
2026-01-28 20:55:16,474 [INFO] WebApp:191 - Connection restablished
2026-01-28 21:25:17,344 [INFO] WebApp:194 - Connection lost
2026-01-28 21:25:17,505 [INFO] WebApp:191 - Connection restablished
2026-01-28 21:55:18,473 [INFO] WebApp:194 - Connection lost
2026-01-28 21:55:18,647 [INFO] WebApp:191 - Connection restablished
2026-01-28 22:25:19,374 [INFO] WebApp:194 - Connection lost
2026-01-28 22:25:19,540 [INFO] WebApp:191 - Connection restablished
2026-01-28 22:55:19,307 [INFO] WebApp:194 - Connection lost
2026-01-28 22:55:19,561 [INFO] WebApp:191 - Connection restablished
2026-01-28 23:25:19,848 [INFO] WebApp:194 - Connection lost
2026-01-28 23:25:20,009 [INFO] WebApp:191 - Connection restablished
2026-01-28 23:55:19,841 [INFO] WebApp:194 - Connection lost
2026-01-28 23:55:20,029 [INFO] WebApp:191 - Connection restablished
