2025-12-15 00:02:43,316 [INFO] UtilMem:75 - End SaveConfig() Used Memory: 840605464 Bytes (1073741824)
2025-12-15 00:02:49,466 [INFO] UtilMem:75 - End SaveConfig() Used Memory: 911141728 Bytes (1073741824)
2025-12-15 00:02:50,147 [INFO] BlockDiagram:2775 - set Specific Code input for plugin: NVIC
2025-12-15 00:02:50,148 [INFO] BlockDiagram:2775 - set Specific Code input for plugin: USART
2025-12-15 00:02:50,148 [INFO] BlockDiagram:2775 - set Specific Code input for plugin: SYS
2025-12-15 00:02:50,149 [INFO] BlockDiagram:2775 - set Specific Code input for plugin: GPIO
2025-12-15 00:02:50,149 [INFO] BlockDiagram:2775 - set Specific Code input for plugin: RCC
2025-12-15 00:02:50,149 [INFO] BlockDiagram:2775 - set Specific Code input for plugin: LPUART
2025-12-15 00:02:50,151 [INFO] CodeGenerator:892 - code generatio: config db path: /Applications/STM32CubeIDE.app/Contents/Eclipse/plugins/com.st.stm32cube.common.mx_6.15.0.202507011659//db/
2025-12-15 00:02:50,507 [INFO] CodeEngine:265 - oldGeneratedFile, /Users/qfe/STM32CubeIDE/workspace_1.19.0/L412_test_v2/MXTmpFiles/license.tmp_save
2025-12-15 00:02:51,324 [INFO] CodeEngine:289 - Generated code: /Users/qfe/STM32CubeIDE/workspace_1.19.0/L412_test_v2/MXTmpFiles/license.tmp
2025-12-15 00:02:51,555 [INFO] CodeEngine:265 - oldGeneratedFile, /Users/qfe/STM32CubeIDE/workspace_1.19.0/L412_test_v2/MXTmpFiles/gpio.tmp_save
2025-12-15 00:02:51,807 [INFO] CodeEngine:289 - Generated code: /Users/qfe/STM32CubeIDE/workspace_1.19.0/L412_test_v2/MXTmpFiles/gpio.tmp
2025-12-15 00:02:52,213 [INFO] CodeEngine:265 - oldGeneratedFile, /Users/qfe/STM32CubeIDE/workspace_1.19.0/L412_test_v2/Core/Src/stm32l4xx_it.c_save
2025-12-15 00:02:52,458 [INFO] CodeEngine:289 - Generated code: /Users/qfe/STM32CubeIDE/workspace_1.19.0/L412_test_v2/Core/Src/stm32l4xx_it.c
2025-12-15 00:02:52,464 [INFO] CodeEngine:265 - oldGeneratedFile, /Users/qfe/STM32CubeIDE/workspace_1.19.0/L412_test_v2/Core/Inc/stm32l4xx_it.h_save
2025-12-15 00:02:52,547 [INFO] CodeEngine:289 - Generated code: /Users/qfe/STM32CubeIDE/workspace_1.19.0/L412_test_v2/Core/Inc/stm32l4xx_it.h
2025-12-15 00:02:52,570 [INFO] CodeEngine:265 - oldGeneratedFile, /Users/qfe/STM32CubeIDE/workspace_1.19.0/L412_test_v2/Core/Src/stm32l4xx_hal_msp.c_save
2025-12-15 00:02:52,875 [INFO] CodeEngine:289 - Generated code: /Users/qfe/STM32CubeIDE/workspace_1.19.0/L412_test_v2/Core/Src/stm32l4xx_hal_msp.c
2025-12-15 00:02:52,878 [INFO] CodeEngine:265 - oldGeneratedFile, /Users/qfe/STM32CubeIDE/workspace_1.19.0/L412_test_v2/MXTmpFiles/system.tmp_save
2025-12-15 00:02:53,025 [INFO] CodeEngine:289 - Generated code: /Users/qfe/STM32CubeIDE/workspace_1.19.0/L412_test_v2/MXTmpFiles/system.tmp
2025-12-15 00:02:53,039 [INFO] CodeEngine:321 - oldGeneratedFile, /Users/qfe/STM32CubeIDE/workspace_1.19.0/L412_test_v2/Core/Inc/stm32l4xx_hal_conf.h_save
2025-12-15 00:02:53,153 [INFO] CodeEngine:345 - Generated code: /Users/qfe/STM32CubeIDE/workspace_1.19.0/L412_test_v2/Core/Inc/stm32l4xx_hal_conf.h
2025-12-15 00:02:53,272 [INFO] ApiDbMcu:532 - Load IP Config File for LPUART1
2025-12-15 00:02:53,289 [INFO] ApiDbMcu:532 - Load IP Config File for USART2
2025-12-15 00:02:53,295 [INFO] ApiDbMcu:532 - Load IP Config File for RCC
2025-12-15 00:02:53,303 [INFO] CodeEngine:265 - oldGeneratedFile, /Users/qfe/STM32CubeIDE/workspace_1.19.0/L412_test_v2/Core/Inc/main.h_save
2025-12-15 00:02:53,438 [INFO] CodeEngine:289 - Generated code: /Users/qfe/STM32CubeIDE/workspace_1.19.0/L412_test_v2/Core/Inc/main.h
2025-12-15 00:02:53,441 [INFO] CodeEngine:265 - oldGeneratedFile, /Users/qfe/STM32CubeIDE/workspace_1.19.0/L412_test_v2/Core/Src/main.c_save
2025-12-15 00:02:53,671 [INFO] CodeEngine:289 - Generated code: /Users/qfe/STM32CubeIDE/workspace_1.19.0/L412_test_v2/Core/Src/main.c
2025-12-15 00:02:53,963 [INFO] ProjectBuilder:3606 - Time for Copy HAL[1] : 71mS.
2025-12-15 00:02:53,975 [INFO] ProjectBuilder:5216 - Project Generator version: 4.7.0-B52
2025-12-15 00:02:54,262 [INFO] ConfigFileManager:1595 - The Die is : DIE464
2025-12-15 00:02:54,387 [INFO] ApiDbMcu:532 - Load IP Config File for FATFS
2025-12-15 00:02:54,419 [INFO] ApiDbMcu:532 - Load IP Config File for FREERTOS
2025-12-15 00:02:54,440 [INFO] ApiDbMcu:532 - Load IP Config File for TOUCHSENSING
2025-12-15 00:02:54,456 [INFO] ApiDbMcu:532 - Load IP Config File for USB_DEVICE
2025-12-15 00:02:57,949 [INFO] ProjectBuilder:5496 - Time for Generating toolchain IDE Files: 3968mS.
2025-12-15 00:02:57,951 [INFO] ProjectBuilder:3463 - Time for Copy CMSIS : 1mS.
2025-12-15 00:02:57,953 [INFO] ProjectBuilder:3463 - Time for Copy CMSIS : 0mS.
2025-12-15 00:16:14,284 [INFO] MainUpdater:2872 - connection check result : 10
2025-12-15 00:16:14,518 [INFO] McuFinderGlobals:76 - Set McuFinderConnectedMode to true
2025-12-15 00:16:14,519 [INFO] MultiScanPanel:200 - Auto-refresh data requested => check proxy status ongoing
2025-12-15 00:16:14,521 [INFO] FinderPluginLoader:96 - Searching for filters in installed packs
2025-12-15 00:16:16,090 [INFO] LoadUrlFilesThread:185 - End of LoadServerUrlFiles without Thread
2025-12-15 00:16:16,092 [INFO] DetailPanel:341 - Set advertising image to /Users/qfe/STM32Cube/Repository//en.prom-st67w-expansion-board.png
2025-12-15 00:16:21,529 [INFO] MultiScanPanel:200 - Auto-refresh data requested => check proxy status ongoing
2025-12-15 00:16:21,796 [INFO] LoadUrlFilesThread:185 - End of LoadServerUrlFiles without Thread
2025-12-15 00:16:21,798 [INFO] DetailPanel:341 - Set advertising image to /Users/qfe/STM32Cube/Repository//en.prom-st67w-expansion-board.png
2025-12-15 00:16:52,507 [INFO] MainUpdater:2872 - connection check result : 10
2025-12-15 00:16:52,508 [INFO] MainUpdater:2872 - connection check result : 10
2025-12-15 00:16:52,679 [INFO] MicroXplorer:468 - Change Database Path : 
2025-12-15 00:16:52,680 [INFO] MicroXplorer:498 - Change Database Version : DB.6.0.150
2025-12-15 00:16:52,751 [ERROR] ProjectManagerView:395 - 
java.lang.NullPointerException: Cannot invoke "javax.swing.JTextField.getText()" because the return value of "java.util.List.get(int)" is null
	at com.st.microxplorer.plugins.projectmanager.gui.ProjectChoiceTab$9.caretUpdate(ProjectChoiceTab.java:2706) ~[filemanager.jar:?]
	at javax.swing.text.JTextComponent.fireCaretUpdate(JTextComponent.java:408) ~[?:?]
	at javax.swing.text.JTextComponent$MutableCaretEvent.fire(JTextComponent.java:4484) ~[?:?]
	at javax.swing.text.JTextComponent$MutableCaretEvent.stateChanged(JTextComponent.java:4506) ~[?:?]
	at javax.swing.text.DefaultCaret.fireStateChanged(DefaultCaret.java:857) ~[?:?]
	at javax.swing.text.DefaultCaret.changeCaretPosition(DefaultCaret.java:1343) ~[?:?]
	at javax.swing.text.DefaultCaret.handleSetDot(DefaultCaret.java:1242) ~[?:?]
	at javax.swing.text.DefaultCaret.setDot(DefaultCaret.java:1223) ~[?:?]
	at javax.swing.text.DefaultCaret$Handler.insertUpdate(DefaultCaret.java:1819) ~[?:?]
	at javax.swing.text.AbstractDocument.fireInsertUpdate(AbstractDocument.java:227) ~[?:?]
	at javax.swing.text.AbstractDocument.handleInsertString(AbstractDocument.java:781) ~[?:?]
	at javax.swing.text.AbstractDocument.insertString(AbstractDocument.java:740) ~[?:?]
	at javax.swing.text.PlainDocument.insertString(PlainDocument.java:131) ~[?:?]
	at javax.swing.text.AbstractDocument.replace(AbstractDocument.java:699) ~[?:?]
	at javax.swing.text.JTextComponent.setText(JTextComponent.java:1725) ~[?:?]
	at com.st.microxplorer.plugins.projectmanager.gui.ProjectChoiceTab.createHeapStackFields(ProjectChoiceTab.java:993) ~[filemanager.jar:?]
	at com.st.microxplorer.plugins.projectmanager.gui.ProjectChoiceTab.buildLinkSettingsPanel(ProjectChoiceTab.java:3813) ~[filemanager.jar:?]
	at com.st.microxplorer.plugins.projectmanager.gui.ProjectChoiceTab.defineWindowsFields(ProjectChoiceTab.java:1987) ~[filemanager.jar:?]
	at com.st.microxplorer.plugins.projectmanager.gui.ProjectChoiceTab.updateSettings(ProjectChoiceTab.java:558) ~[filemanager.jar:?]
	at com.st.microxplorer.plugins.projectmanager.gui.ProjectSettingsPanel.UpdateDialog(ProjectSettingsPanel.java:247) ~[filemanager.jar:?]
	at com.st.microxplorer.plugins.projectmanager.ProjectManagerView.propertyChange(ProjectManagerView.java:392) ~[filemanager.jar:?]
	at java.beans.PropertyChangeSupport.fire(PropertyChangeSupport.java:343) ~[?:?]
	at java.beans.PropertyChangeSupport.firePropertyChange(PropertyChangeSupport.java:335) ~[?:?]
	at java.beans.PropertyChangeSupport.firePropertyChange(PropertyChangeSupport.java:268) ~[?:?]
	at com.st.microxplorer.util.MXPropertyChangeSupport.firePropertyChange(MXPropertyChangeSupport.java:54) ~[STM32CubeMX.jar:?]
	at com.st.microxplorer.mxsystem.MxSystem.closeConfig(MxSystem.java:899) ~[STM32CubeMX.jar:?]
	at com.st.microxplorer.maingui.MainPanel.closeConfig(MainPanel.java:792) ~[STM32CubeMX.jar:?]
	at com.st.microxplorer.plugins.filemanager.engine.OpenFileManager.loadConfigurationFile(OpenFileManager.java:288) ~[filemanager.jar:?]
	at com.st.microxplorer.plugins.filemanager.engine.MainFileManager.userLoadConfig(MainFileManager.java:364) ~[filemanager.jar:?]
	at com.st.microxplorer.plugins.filemanager.FileManagerView.getSpecificTask(FileManagerView.java:268) ~[filemanager.jar:?]
	at com.st.stm32cube.common.mx.editor.CubeMxEditor.getMxTabbedPaneInstance(CubeMxEditor.java:1191) ~[com.st.stm32cube.common.mx_6.15.0.202507011659/:?]
	at com.st.stm32cube.common.mx.editor.CubeMxEditor$12$1.createSwingComponent(CubeMxEditor.java:1068) ~[com.st.stm32cube.common.mx_6.15.0.202507011659/:?]
	at com.st.stm32cube.common.mx.oss.core.awtswtbridge.EmbeddedSwingComposite.doComponentCreation(EmbeddedSwingComposite.java:492) ~[com.st.stm32cube.common.mx.oss_6.15.0.202507011659/:?]
	at com.st.stm32cube.common.mx.oss.core.awtswtbridge.EmbeddedSwingComposite$4.run(EmbeddedSwingComposite.java:291) ~[com.st.stm32cube.common.mx.oss_6.15.0.202507011659/:?]
	at com.st.stm32cube.common.mx.oss.core.awtswtbridge.AwtEnvironment$2.run(AwtEnvironment.java:166) ~[com.st.stm32cube.common.mx.oss_6.15.0.202507011659/:?]
	at java.awt.event.InvocationEvent.dispatch(InvocationEvent.java:318) ~[?:?]
	at java.awt.EventQueue.dispatchEventImpl(EventQueue.java:773) ~[?:?]
	at java.awt.EventQueue$4.run(EventQueue.java:720) ~[?:?]
	at java.awt.EventQueue$4.run(EventQueue.java:714) ~[?:?]
	at java.security.AccessController.doPrivileged(AccessController.java:400) ~[?:?]
	at java.security.ProtectionDomain$JavaSecurityAccessImpl.doIntersectionPrivilege(ProtectionDomain.java:87) ~[?:?]
	at java.awt.EventQueue.dispatchEvent(EventQueue.java:742) ~[?:?]
	at java.awt.EventDispatchThread.pumpOneEventForFilters(EventDispatchThread.java:203) ~[?:?]
	at java.awt.EventDispatchThread.pumpEventsForFilter(EventDispatchThread.java:124) ~[?:?]
	at java.awt.EventDispatchThread.pumpEventsForHierarchy(EventDispatchThread.java:113) ~[?:?]
	at java.awt.EventDispatchThread.pumpEvents(EventDispatchThread.java:109) ~[?:?]
	at java.awt.EventDispatchThread.pumpEvents(EventDispatchThread.java:101) ~[?:?]
	at java.awt.EventDispatchThread.run(EventDispatchThread.java:90) ~[?:?]
2025-12-15 00:16:52,768 [WARN] ThirdParty:871 - waiting for thirdparty lock release [close project]
2025-12-15 00:16:52,770 [INFO] ThirdParty:873 - entering critical section [close project]
2025-12-15 00:16:52,771 [INFO] ThirdParty:883 - exiting critical section [close project]
2025-12-15 00:16:52,777 [INFO] PinOutPanel:1589 - setPackage(No Configuration,No Configuration)
2025-12-15 00:16:52,784 [INFO] UtilMem:75 - Begin LoadConfig() Used Memory: 787407088 Bytes (1073741824)
2025-12-15 00:16:52,807 [INFO] MicroXplorer:468 - Change Database Path : 
2025-12-15 00:16:52,807 [INFO] MicroXplorer:498 - Change Database Version : DB.6.0.150
2025-12-15 00:16:52,807 [INFO] OpenFileManager:355 - Change cursor
2025-12-15 00:16:52,902 [INFO] RulesReader:64 - Compatibility file has been processed (317 Rules)
2025-12-15 00:16:52,915 [INFO] Mcu:2029 - Initializing MCU STM32L412RBTxP STM32L412RBTxP STM32L412RBT6P
2025-12-15 00:16:54,613 [INFO] Context:786 - Trying to add GPIOservice into a context  which must be forbidden
2025-12-15 00:16:55,231 [INFO] Rule:233 - rule Adapt Old IOC before rework replace old CORTEX_M33/CORTEX_M55 attributes by the new one. is applicable
2025-12-15 00:16:55,236 [INFO] Rule:233 - rule Rename parametre of RCC RCC_APBDBG_DIV2 to RCC_TIMPRES_DIV2 is applicable
2025-12-15 00:16:55,236 [INFO] Rule:233 - rule Rename DIE493 pin PA10 [PA12] -> PA10 is applicable
2025-12-15 00:16:55,236 [INFO] Rule:233 - rule Rename DIE493 pin PA9 [PA11] -> PA9 is applicable
2025-12-15 00:16:55,236 [INFO] Rule:233 - rule Rename DIE492 PartNumber CPN STM32WBA5MJGHx -> STM32WBA5MMGHx is applicable
2025-12-15 00:16:55,236 [INFO] Rule:233 - rule Rename DIE492 PartNumber  Name STM32WBA5MJGHx -> STM32WBA5MMGHx is applicable
2025-12-15 00:16:55,236 [INFO] Rule:233 - rule Rename DIE492 PartNumber UserName STM32WBA5MJGHx -> STM32WBA5MMGHx is applicable
2025-12-15 00:16:55,236 [INFO] Rule:233 - rule Rename DIE492 PartNumber DeviceId STM32WBA5MJGHx -> STM32WBA5MMGHx is applicable
2025-12-15 00:16:55,236 [INFO] Rule:233 - rule Adapt Old IOC CSI. is applicable
2025-12-15 00:16:55,236 [INFO] Rule:233 - rule Adapt Old IOC DCMIPP. is applicable
2025-12-15 00:16:55,236 [INFO] Rule:233 - rule Adapt Old IOC DCMIPP Mode Parallel. is applicable
2025-12-15 00:16:55,236 [INFO] Rule:233 - rule Adapt Old IOC LTDC. is applicable
2025-12-15 00:16:55,236 [INFO] Rule:233 - rule Rename STM32MP2 RIF Peripheral LTDC RIF.RISUP.LTDC_L0L1.Privilege -> RIF.RISUP.LTDC_L1L2.Privilege is applicable
2025-12-15 00:16:55,236 [INFO] Rule:233 - rule Rename STM32MP2 RIF Peripheral LTDC RIF.RISUP.LTDC_L0L1.Privilege -> RIF.RISUP.LTDC_L1L2.Privilege is applicable
2025-12-15 00:16:55,236 [INFO] Rule:233 - rule Rename STM32MP2 RIF Peripheral LTDC RIF.RISUP.LTDC_L0L1.Lock -> RIF.RISUP.LTDC_L1L2.Lock is applicable
2025-12-15 00:16:55,237 [INFO] Rule:233 - rule Rename STM32MP2 RIF Peripheral LTDC RIF.RISUP.LTDC_L2.Lock -> RIF.RISUP.LTDC_L3.Lock is applicable
2025-12-15 00:16:55,237 [INFO] Rule:233 - rule Adapt the old IOC example for updating the SYS when it is misconfigured. is applicable
2025-12-15 00:16:55,237 [INFO] Rule:233 - rule Rename STM32C09 Mcu.Package LQFP64 -> LQFP48 is applicable
2025-12-15 00:16:55,237 [INFO] Rule:233 - rule Adapt the old IOC example for updating the SYS when it is misconfigured. is applicable
2025-12-15 00:16:55,237 [INFO] Rule:233 - rule Adapt the old IOC example for updating the SYS when it is misconfigured. is applicable
2025-12-15 00:16:55,285 [INFO] DbConfProperties:307 - Apply Compatibility (4/20 Rules)
2025-12-15 00:16:55,322 [INFO] ImportTextPane:234 - (OptionalMessage_ERROR) Pin16 (VP_RIF_VS_RIF1) cannot be retrieved for this MCU
2025-12-15 00:16:55,512 [INFO] RtosManager:558 - Registered RTOS mode: class=CMSIS, group=RTOS, mode=CMSIS_V1, owner=FREERTOS
2025-12-15 00:16:55,512 [INFO] RtosManager:558 - Registered RTOS mode: class=CMSIS, group=RTOS2, mode=CMSIS_V2, owner=FREERTOS
2025-12-15 00:16:55,513 [INFO] RtosManager:558 - Registered RTOS mode: class=RTOS, group=Core, mode=CMSIS_V1, owner=FREERTOS
2025-12-15 00:16:55,513 [INFO] RtosManager:558 - Registered RTOS mode: class=RTOS, group=Core, mode=CMSIS_V2, owner=FREERTOS
2025-12-15 00:16:55,513 [WARN] ModelIntegratedComponent:184 - Missing modes for component STMicroelectronics:FreeRTOS:0.0.1:STMicroelectronics:RTOS:FreeRTOS:Core:::10.2.0:
2025-12-15 00:16:55,532 [WARN] ModelIntegratedComponent:63 - No mode defined for component null
2025-12-15 00:16:55,532 [WARN] ModelIntegratedComponent:63 - No mode defined for component null
2025-12-15 00:16:55,532 [WARN] ModelIntegratedComponent:63 - No mode defined for component null
2025-12-15 00:16:55,532 [WARN] ModelIntegratedComponent:63 - No mode defined for component null
2025-12-15 00:16:55,532 [WARN] ModelIntegratedComponent:63 - No mode defined for component null
2025-12-15 00:16:55,532 [WARN] ModelIntegratedComponent:63 - No mode defined for component null
2025-12-15 00:16:55,532 [WARN] ModelIntegratedComponent:63 - No mode defined for component null
2025-12-15 00:16:55,532 [WARN] ModelIntegratedComponent:63 - No mode defined for component null
2025-12-15 00:16:55,532 [WARN] ModelIntegratedComponent:63 - No mode defined for component null
2025-12-15 00:16:55,532 [WARN] ModelIntegratedComponent:63 - No mode defined for component null
2025-12-15 00:16:55,532 [WARN] ModelIntegratedComponent:63 - No mode defined for component null
2025-12-15 00:16:55,532 [WARN] ModelIntegratedComponent:63 - No mode defined for component null
2025-12-15 00:16:55,532 [WARN] ModelIntegratedComponent:63 - No mode defined for component null
2025-12-15 00:16:55,532 [WARN] ModelIntegratedComponent:63 - No mode defined for component null
2025-12-15 00:16:55,532 [WARN] ModelIntegratedComponent:63 - No mode defined for component null
2025-12-15 00:16:55,532 [WARN] ModelIntegratedComponent:63 - No mode defined for component null
2025-12-15 00:16:55,532 [WARN] ModelIntegratedComponent:63 - No mode defined for component null
2025-12-15 00:16:55,532 [WARN] ModelIntegratedComponent:63 - No mode defined for component null
2025-12-15 00:16:55,532 [WARN] ModelIntegratedComponent:63 - No mode defined for component null
2025-12-15 00:16:55,532 [WARN] ModelIntegratedComponent:63 - No mode defined for component null
2025-12-15 00:16:55,532 [WARN] ModelIntegratedComponent:63 - No mode defined for component null
2025-12-15 00:16:55,532 [WARN] ModelIntegratedComponent:63 - No mode defined for component null
2025-12-15 00:16:55,532 [WARN] ModelIntegratedComponent:63 - No mode defined for component null
2025-12-15 00:16:55,532 [WARN] ModelIntegratedComponent:63 - No mode defined for component null
2025-12-15 00:16:55,532 [WARN] ModelIntegratedComponent:63 - No mode defined for component null
2025-12-15 00:16:55,532 [WARN] ModelIntegratedComponent:63 - No mode defined for component null
2025-12-15 00:16:55,533 [WARN] ModelIntegratedComponent:63 - No mode defined for component null
2025-12-15 00:16:55,533 [WARN] ModelIntegratedComponent:63 - No mode defined for component null
2025-12-15 00:16:55,533 [WARN] ModelIntegratedComponent:63 - No mode defined for component null
2025-12-15 00:16:55,533 [WARN] ModelIntegratedComponent:63 - No mode defined for component null
2025-12-15 00:16:55,533 [WARN] ModelIntegratedComponent:63 - No mode defined for component null
2025-12-15 00:16:55,533 [WARN] ModelIntegratedComponent:63 - No mode defined for component null
2025-12-15 00:16:55,533 [WARN] ModelIntegratedComponent:63 - No mode defined for component null
2025-12-15 00:16:55,533 [WARN] ModelIntegratedComponent:63 - No mode defined for component null
2025-12-15 00:16:55,533 [WARN] ModelIntegratedComponent:63 - No mode defined for component null
2025-12-15 00:16:55,533 [WARN] ModelPack:524 - Component already loaded: STMicroelectronics:HAL Drivers:0.0.0:STMicroelectronics:Device:STMicro_Driver:XSPI:HAL::0.0.1:HAL_XSPI
2025-12-15 00:16:55,573 [INFO] ThirdPartyModel:298 - Start build external matchings
2025-12-15 00:16:55,947 [INFO] ThirdPartyModel:316 - End build external matchings
2025-12-15 00:16:56,055 [INFO] ImportTextPane:234 - (OptionalMessage_ERROR) IP (RCC) : Invalid parameter (FamilyName)
2025-12-15 00:16:56,072 [INFO] ImportTextPane:234 - (OptionalMessage_ERROR) IP (RCC) : Parameter (USBFreq_Value) has invalid value (4000000)
2025-12-15 00:16:56,505 [INFO] UtilMem:75 - End LoadConfig() Used Memory: 820330800 Bytes (1073741824)
2025-12-15 00:16:56,705 [WARN] ThirdParty:833 - waiting for thirdparty lock release [change project]
2025-12-15 00:16:56,717 [INFO] ThirdParty:835 - entering critical section [change project]
2025-12-15 00:16:56,718 [INFO] ThirdParty:1030 - CMSIS Pack Vendor :STMicroelectronics X-CUBE-PM33A1 1.0.0
2025-12-15 00:16:56,719 [INFO] ThirdParty:1030 - CMSIS Pack Vendor :STMicroelectronics USBPD 4.1
2025-12-15 00:16:56,719 [INFO] ThirdParty:1030 - CMSIS Pack Vendor :STMicroelectronics X-CUBE-NFC9 1.0.0
2025-12-15 00:16:56,719 [INFO] ThirdParty:1030 - CMSIS Pack Vendor :STMicroelectronics USB_HOST 2.0.0
2025-12-15 00:16:56,719 [INFO] ThirdParty:1030 - CMSIS Pack Vendor :STMicroelectronics FP-SNS-MOTENVWB1 1.4.0
2025-12-15 00:16:56,719 [INFO] ThirdParty:1030 - CMSIS Pack Vendor :STMicroelectronics X-CUBE-AZRTOS-F4 1.1.0
2025-12-15 00:16:56,719 [INFO] ThirdParty:1030 - CMSIS Pack Vendor :STMicroelectronics LIBJPEG 8.0.0
2025-12-15 00:16:56,719 [INFO] ThirdParty:1030 - CMSIS Pack Vendor :STMicroelectronics FP-ATR-ASTRA1 2.0.2
2025-12-15 00:16:56,719 [INFO] ThirdParty:1030 - CMSIS Pack Vendor :STMicroelectronics X-CUBE-BLE1 7.1.0
2025-12-15 00:16:56,719 [INFO] ThirdParty:1030 - CMSIS Pack Vendor :STMicroelectronics X-CUBE-SMBUS 2.1.0
2025-12-15 00:16:56,719 [INFO] ThirdParty:1030 - CMSIS Pack Vendor :wolfSSL I-CUBE-wolfMQTT 1.19.2
2025-12-15 00:16:56,719 [INFO] ThirdParty:1030 - CMSIS Pack Vendor :STMicroelectronics USB_DEVICE 3.0.0
2025-12-15 00:16:56,719 [INFO] ThirdParty:1030 - CMSIS Pack Vendor :STMicroelectronics X-CUBE-ISPU 2.1.0
2025-12-15 00:16:56,719 [INFO] ThirdParty:1030 - CMSIS Pack Vendor :STMicroelectronics X-CUBE-FREERTOS 1.4.0
2025-12-15 00:16:56,719 [INFO] ThirdParty:1030 - CMSIS Pack Vendor :STMicroelectronics X-CUBE-EEPRMA1 5.2.0
2025-12-15 00:16:56,719 [INFO] ThirdParty:1030 - CMSIS Pack Vendor :STMicroelectronics X-CUBE-IPS 3.2.0
2025-12-15 00:16:56,719 [INFO] ThirdParty:1030 - CMSIS Pack Vendor :STMicroelectronics X-CUBE-BLEMGR 4.1.0
2025-12-15 00:16:56,719 [INFO] ThirdParty:1030 - CMSIS Pack Vendor :STMicroelectronics X-CUBE-AZRTOS-WB 2.0.0
2025-12-15 00:16:56,719 [INFO] ThirdParty:1030 - CMSIS Pack Vendor :wolfSSL I-CUBE-wolfSSL 5.8.4
2025-12-15 00:16:56,719 [INFO] ThirdParty:1030 - CMSIS Pack Vendor :Cesanta I-CUBE-Mongoose 7.20.0
2025-12-15 00:16:56,719 [INFO] ThirdParty:1030 - CMSIS Pack Vendor :STMicroelectronics X-CUBE-NFC12 1.0.0
2025-12-15 00:16:56,719 [INFO] ThirdParty:1030 - CMSIS Pack Vendor :STMicroelectronics X-CUBE-AZRTOS-F7 1.1.0
2025-12-15 00:16:56,719 [INFO] ThirdParty:1030 - CMSIS Pack Vendor :STMicroelectronics X-CUBE-AZRTOS-L5 2.0.0
2025-12-15 00:16:56,719 [INFO] ThirdParty:1030 - CMSIS Pack Vendor :STMicroelectronics USB_DEVICE 2.0.0
2025-12-15 00:16:56,719 [INFO] ThirdParty:1030 - CMSIS Pack Vendor :STMicroelectronics X-CUBE-NFC6 3.1.0
2025-12-15 00:16:56,719 [INFO] ThirdParty:1030 - CMSIS Pack Vendor :STMicroelectronics X-CUBE-ST67W61 1.1.0
2025-12-15 00:16:56,719 [INFO] ThirdParty:1030 - CMSIS Pack Vendor :quantropi X-CUBE-qispace-sdk-base 2.1.0
2025-12-15 00:16:56,719 [INFO] ThirdParty:1030 - CMSIS Pack Vendor :STMicroelectronics X-CUBE-MEMS1 12.0.0
2025-12-15 00:16:56,719 [INFO] ThirdParty:1030 - CMSIS Pack Vendor :STMicroelectronics FP-SNS-MOTENV1 5.1.0
2025-12-15 00:16:56,719 [INFO] ThirdParty:1030 - CMSIS Pack Vendor :STMicroelectronics FreeRTOS 0.0.1
2025-12-15 00:16:56,719 [INFO] ThirdParty:1030 - CMSIS Pack Vendor :STMicroelectronics X-CUBE-AZRTOS-G0 1.1.0
2025-12-15 00:16:56,719 [INFO] ThirdParty:1030 - CMSIS Pack Vendor :STMicroelectronics X-CUBE-NFC4 3.0.0
2025-12-15 00:16:56,719 [INFO] ThirdParty:1030 - CMSIS Pack Vendor :STMicroelectronics X-CUBE-SUBG2 5.0.0
2025-12-15 00:16:56,719 [INFO] ThirdParty:1030 - CMSIS Pack Vendor :STMicroelectronics STM32_WPAN 1.0.0
2025-12-15 00:16:56,719 [INFO] ThirdParty:1030 - CMSIS Pack Vendor :EmbeddedOffice I-CUBE-FS-RTOS 1.0.1
2025-12-15 00:16:56,719 [INFO] ThirdParty:1030 - CMSIS Pack Vendor :STMicroelectronics lwIP 2.0.3
2025-12-15 00:16:56,719 [INFO] ThirdParty:1030 - CMSIS Pack Vendor :WES I-CUBE-Cesium 1.4.0
2025-12-15 00:16:56,719 [INFO] ThirdParty:1030 - CMSIS Pack Vendor :STMicroelectronics USB_HOST 1.0.0
2025-12-15 00:16:56,719 [INFO] ThirdParty:1030 - CMSIS Pack Vendor :STMicroelectronics X-CUBE-AZRTOS-G4 2.0.0
2025-12-15 00:16:56,719 [INFO] ThirdParty:1030 - CMSIS Pack Vendor :STMicroelectronics X-CUBE-WB05N 2.0.0
2025-12-15 00:16:56,720 [INFO] ThirdParty:1030 - CMSIS Pack Vendor :STMicroelectronics PDM2PCM 3.1.0
2025-12-15 00:16:56,720 [INFO] ThirdParty:1030 - CMSIS Pack Vendor :STMicroelectronics PDM2PCM 3.3.0
2025-12-15 00:16:56,720 [INFO] ThirdParty:1030 - CMSIS Pack Vendor :wolfSSL I-CUBE-wolfTPM 3.8.0
2025-12-15 00:16:56,720 [INFO] ThirdParty:1030 - CMSIS Pack Vendor :STMicroelectronics X-CUBE-AZRTOS-H7 3.4.0
2025-12-15 00:16:56,720 [INFO] ThirdParty:1030 - CMSIS Pack Vendor :STMicroelectronics X-CUBE-DISPLAY 3.0.0
2025-12-15 00:16:56,720 [INFO] ThirdParty:1030 - CMSIS Pack Vendor :wolfSSL I-CUBE-wolfSSH 1.4.20
2025-12-15 00:16:56,720 [INFO] ThirdParty:1030 - CMSIS Pack Vendor :STMicroelectronics X-CUBE-NFC7 2.0.0
2025-12-15 00:16:56,720 [INFO] ThirdParty:1030 - CMSIS Pack Vendor :STMicroelectronics X-CUBE-TCPP 4.2.0
2025-12-15 00:16:56,720 [INFO] ThirdParty:1030 - CMSIS Pack Vendor :STMicroelectronics FP-ATR-SIGFOX1 3.2.0
2025-12-15 00:16:56,720 [INFO] ThirdParty:1030 - CMSIS Pack Vendor :STMicroelectronics X-CUBE-NFC10 1.0.0
2025-12-15 00:16:56,720 [INFO] ThirdParty:1030 - CMSIS Pack Vendor :STMicroelectronics HAL Drivers 0.0.0
2025-12-15 00:16:56,720 [INFO] ThirdParty:1030 - CMSIS Pack Vendor :STMicroelectronics MBEDTLS 2.16.2
2025-12-15 00:16:56,720 [INFO] ThirdParty:1030 - CMSIS Pack Vendor :STMicroelectronics X-CUBE-ST60 1.1.0
2025-12-15 00:16:56,720 [INFO] ThirdParty:1030 - CMSIS Pack Vendor :STMicroelectronics X-CUBE-ALS 1.0.2
2025-12-15 00:16:56,720 [INFO] ThirdParty:1030 - CMSIS Pack Vendor :emotas I-CUBE-CANOPEN 1.3.0
2025-12-15 00:16:56,720 [INFO] ThirdParty:1030 - CMSIS Pack Vendor :STMicroelectronics MBEDTLS 2.14.1
2025-12-15 00:16:56,720 [INFO] ThirdParty:1030 - CMSIS Pack Vendor :STMicroelectronics X-CUBE-GNSS1 7.1.0
2025-12-15 00:16:56,720 [INFO] ThirdParty:1030 - CMSIS Pack Vendor :ITTIA_DB I-CUBE-ITTIADB 8.9.0
2025-12-15 00:16:56,720 [INFO] ThirdParty:1030 - CMSIS Pack Vendor :STMicroelectronics X-CUBE-TOUCHGFX 4.26.0
2025-12-15 00:16:56,720 [INFO] ThirdParty:1030 - CMSIS Pack Vendor :STMicroelectronics X-CUBE-STSE01 1.0.0
2025-12-15 00:16:56,720 [INFO] ThirdParty:1030 - CMSIS Pack Vendor :STMicroelectronics FP-SNS-STBOX1 2.1.0
2025-12-15 00:16:56,720 [INFO] ThirdParty:1030 - CMSIS Pack Vendor :STMicroelectronics X-CUBE-AI 10.2.0
2025-12-15 00:16:56,720 [INFO] ThirdParty:1030 - CMSIS Pack Vendor :STMicroelectronics FP-SNS-STAIOTCFT 1.0.0
2025-12-15 00:16:56,720 [INFO] ThirdParty:1030 - CMSIS Pack Vendor :STMicroelectronics ThreadX 1.0.0
2025-12-15 00:16:56,720 [INFO] ThirdParty:1030 - CMSIS Pack Vendor :STMicroelectronics FP-SNS-SMARTAG2 1.2.0
2025-12-15 00:16:56,720 [INFO] ThirdParty:1030 - CMSIS Pack Vendor :STMicroelectronics FP-SNS-FLIGHT1 5.1.0
2025-12-15 00:16:56,720 [INFO] ThirdParty:1030 - CMSIS Pack Vendor :STMicroelectronics X-CUBE-AZRTOS-WL 2.0.0
2025-12-15 00:16:56,720 [INFO] ThirdParty:1030 - CMSIS Pack Vendor :SEGGER I-CUBE-embOS 1.3.1
2025-12-15 00:16:56,720 [INFO] ThirdParty:1030 - CMSIS Pack Vendor :STMicroelectronics X-CUBE-ALGOBUILD 1.4.0
2025-12-15 00:16:56,720 [INFO] ThirdParty:1030 - CMSIS Pack Vendor :STMicroelectronics X-CUBE-DPower 1.3.0
2025-12-15 00:16:56,720 [INFO] ThirdParty:1030 - CMSIS Pack Vendor :STMicroelectronics USB_DEVICE 1.0.0
2025-12-15 00:16:56,720 [INFO] ThirdParty:1030 - CMSIS Pack Vendor :STMicroelectronics X-CUBE-AZRTOS-H7RS 1.2.0
2025-12-15 00:16:56,720 [INFO] ThirdParty:1030 - CMSIS Pack Vendor :STMicroelectronics X-CUBE-AZRTOS-L4 2.0.0
2025-12-15 00:16:56,720 [INFO] ThirdParty:1030 - CMSIS Pack Vendor :STMicroelectronics ThreadX 0.0.2
2025-12-15 00:16:56,720 [INFO] ThirdParty:1030 - CMSIS Pack Vendor :STMicroelectronics lwIP 2.1.2
2025-12-15 00:16:56,720 [INFO] ThirdParty:1030 - CMSIS Pack Vendor :STMicroelectronics X-CUBE-SFXS2LP1 4.0.0
2025-12-15 00:16:56,720 [INFO] ThirdParty:1030 - CMSIS Pack Vendor :STMicroelectronics X-CUBE-BLE2 3.3.0
2025-12-15 00:16:56,720 [INFO] ThirdParty:1030 - CMSIS Pack Vendor :Avnet-IOTCONNECT X-CUBE-iotc-st67-sdk 1.0.0
2025-12-15 00:16:56,720 [INFO] ThirdParty:1030 - CMSIS Pack Vendor :STMicroelectronics X-CUBE-TOF1 3.4.3
2025-12-15 00:16:56,720 [INFO] ThirdParty:1030 - CMSIS Pack Vendor :Infineon AIROC-Wi-Fi-Bluetooth-STM32 1.8.0
2025-12-15 00:16:56,720 [INFO] ThirdParty:1030 - CMSIS Pack Vendor :STMicroelectronics PDM2PCM 3.2.0
2025-12-15 00:16:56,732 [INFO] ThirdParty:841 - exiting critical section [change project]
2025-12-15 00:16:57,322 [INFO] PinOutPanel:1589 - setPackage(No Configuration,No Configuration)
2025-12-15 00:16:57,330 [INFO] PinOutPanel:1589 - setPackage(STM32L412RBTxP,LQFP64)
2025-12-15 00:16:57,871 [INFO] UtilMem:75 - Before build in PCC Used Memory: 979712304 Bytes (1073741824)
2025-12-15 00:16:58,493 [INFO] UtilMem:75 - After build in PCC Used Memory: 808535080 Bytes (1073741824)
2025-12-15 00:16:58,534 [INFO] IPUIPlugin:80 - create IPUIPlugin
2025-12-15 00:16:58,534 [INFO] IPUIPlugin:80 - create IPUIPlugin
2025-12-15 00:16:58,534 [INFO] IPUIPlugin:80 - create IPUIPlugin
2025-12-15 00:16:58,534 [INFO] IPUIPlugin:80 - create IPUIPlugin
2025-12-15 00:16:58,534 [INFO] IPUIPlugin:80 - create IPUIPlugin
2025-12-15 00:16:58,535 [INFO] IPUIPlugin:80 - create IPUIPlugin
2025-12-15 00:16:58,535 [INFO] IPUIPlugin:80 - create IPUIPlugin
2025-12-15 00:16:58,535 [INFO] IPUIPlugin:80 - create IPUIPlugin
2025-12-15 00:16:58,535 [INFO] IPUIPlugin:80 - create IPUIPlugin
2025-12-15 00:16:58,535 [INFO] IPUIPlugin:80 - create IPUIPlugin
2025-12-15 00:16:58,535 [INFO] IPUIPlugin:80 - create IPUIPlugin
2025-12-15 00:16:58,535 [INFO] IPUIPlugin:80 - create IPUIPlugin
2025-12-15 00:16:58,535 [INFO] IPUIPlugin:80 - create IPUIPlugin
2025-12-15 00:16:58,537 [INFO] IPUIPlugin:80 - create IPUIPlugin
2025-12-15 00:16:58,537 [INFO] IPUIPlugin:80 - create IPUIPlugin
2025-12-15 00:16:58,537 [INFO] IPUIPlugin:80 - create IPUIPlugin
2025-12-15 00:16:58,537 [INFO] IPUIPlugin:80 - create IPUIPlugin
2025-12-15 00:16:58,537 [INFO] IPUIPlugin:80 - create IPUIPlugin
2025-12-15 00:16:58,537 [INFO] IPUIPlugin:80 - create IPUIPlugin
2025-12-15 00:16:58,537 [INFO] IPUIPlugin:80 - create IPUIPlugin
2025-12-15 00:16:58,537 [INFO] IPUIPlugin:80 - create IPUIPlugin
2025-12-15 00:16:58,538 [INFO] IPUIPlugin:80 - create IPUIPlugin
2025-12-15 00:16:58,538 [INFO] IPUIPlugin:80 - create IPUIPlugin
2025-12-15 00:16:58,538 [INFO] IPUIPlugin:80 - create IPUIPlugin
2025-12-15 00:16:58,538 [INFO] IPUIPlugin:80 - create IPUIPlugin
2025-12-15 00:16:58,538 [INFO] IPUIPlugin:80 - create IPUIPlugin
2025-12-15 00:16:58,538 [INFO] IPUIPlugin:80 - create IPUIPlugin
2025-12-15 00:16:58,538 [INFO] IPUIPlugin:80 - create IPUIPlugin
2025-12-15 00:16:58,538 [INFO] IPUIPlugin:80 - create IPUIPlugin
2025-12-15 00:16:58,538 [INFO] IPUIPlugin:80 - create IPUIPlugin
2025-12-15 00:16:58,538 [INFO] IPUIPlugin:80 - create IPUIPlugin
2025-12-15 00:16:58,539 [INFO] IPUIPlugin:80 - create IPUIPlugin
2025-12-15 00:16:58,539 [INFO] IPUIPlugin:80 - create IPUIPlugin
2025-12-15 00:16:58,539 [INFO] IPUIPlugin:80 - create IPUIPlugin
2025-12-15 00:16:58,539 [INFO] IPUIPlugin:80 - create IPUIPlugin
2025-12-15 00:16:58,539 [INFO] IPUIPlugin:80 - create IPUIPlugin
2025-12-15 00:16:58,539 [INFO] IPUIPlugin:80 - create IPUIPlugin
2025-12-15 00:16:58,539 [INFO] IPUIPlugin:80 - create IPUIPlugin
2025-12-15 00:16:58,646 [INFO] CADModel:165 - CPN selected for project levelSTM32L412RBT6P
2025-12-15 00:16:58,647 [INFO] CADModel:114 - Register for checkConnection events
2025-12-15 00:16:58,691 [INFO] OpenFileManager:386 - Restore cursor
2025-12-15 00:16:59,645 [INFO] UtilMem:75 - End SaveConfig() Used Memory: 905357416 Bytes (1073741824)
2025-12-15 00:16:59,708 [INFO] UtilMem:75 - End SaveConfig() Used Memory: 920465744 Bytes (1073741824)
2025-12-15 00:17:00,700 [INFO] BlockDiagram:2775 - set Specific Code input for plugin: NVIC
2025-12-15 00:17:00,709 [INFO] BlockDiagram:2775 - set Specific Code input for plugin: USART
2025-12-15 00:17:00,711 [INFO] BlockDiagram:2775 - set Specific Code input for plugin: SYS
2025-12-15 00:17:00,712 [INFO] BlockDiagram:2775 - set Specific Code input for plugin: GPIO
2025-12-15 00:17:00,712 [INFO] BlockDiagram:2775 - set Specific Code input for plugin: RCC
2025-12-15 00:17:00,715 [INFO] CodeGenerator:892 - code generatio: config db path: /Applications/STM32CubeIDE.app/Contents/Eclipse/plugins/com.st.stm32cube.common.mx_6.15.0.202507011659//db/
2025-12-15 00:17:01,003 [INFO] CodeEngine:265 - oldGeneratedFile, /Users/qfe/STM32CubeIDE/workspace_1.19.0/L412_test_v4/MXTmpFiles/license.tmp_save
2025-12-15 00:17:01,482 [INFO] CodeEngine:289 - Generated code: /Users/qfe/STM32CubeIDE/workspace_1.19.0/L412_test_v4/MXTmpFiles/license.tmp
2025-12-15 00:17:01,588 [INFO] CodeEngine:265 - oldGeneratedFile, /Users/qfe/STM32CubeIDE/workspace_1.19.0/L412_test_v4/MXTmpFiles/gpio.tmp_save
2025-12-15 00:17:01,822 [INFO] CodeEngine:289 - Generated code: /Users/qfe/STM32CubeIDE/workspace_1.19.0/L412_test_v4/MXTmpFiles/gpio.tmp
2025-12-15 00:17:02,006 [INFO] CodeEngine:265 - oldGeneratedFile, /Users/qfe/STM32CubeIDE/workspace_1.19.0/L412_test_v4/Core/Src/stm32l4xx_it.c_save
2025-12-15 00:17:02,341 [INFO] CodeEngine:289 - Generated code: /Users/qfe/STM32CubeIDE/workspace_1.19.0/L412_test_v4/Core/Src/stm32l4xx_it.c
2025-12-15 00:17:02,344 [INFO] CodeEngine:265 - oldGeneratedFile, /Users/qfe/STM32CubeIDE/workspace_1.19.0/L412_test_v4/Core/Inc/stm32l4xx_it.h_save
2025-12-15 00:17:02,458 [INFO] CodeEngine:289 - Generated code: /Users/qfe/STM32CubeIDE/workspace_1.19.0/L412_test_v4/Core/Inc/stm32l4xx_it.h
2025-12-15 00:17:02,463 [INFO] CodeEngine:265 - oldGeneratedFile, /Users/qfe/STM32CubeIDE/workspace_1.19.0/L412_test_v4/Core/Src/stm32l4xx_hal_msp.c_save
2025-12-15 00:17:02,612 [INFO] CodeEngine:289 - Generated code: /Users/qfe/STM32CubeIDE/workspace_1.19.0/L412_test_v4/Core/Src/stm32l4xx_hal_msp.c
2025-12-15 00:17:02,614 [INFO] CodeEngine:265 - oldGeneratedFile, /Users/qfe/STM32CubeIDE/workspace_1.19.0/L412_test_v4/MXTmpFiles/system.tmp_save
2025-12-15 00:17:02,680 [INFO] CodeEngine:289 - Generated code: /Users/qfe/STM32CubeIDE/workspace_1.19.0/L412_test_v4/MXTmpFiles/system.tmp
2025-12-15 00:17:02,685 [INFO] CodeEngine:321 - oldGeneratedFile, /Users/qfe/STM32CubeIDE/workspace_1.19.0/L412_test_v4/Core/Inc/stm32l4xx_hal_conf.h_save
2025-12-15 00:17:02,760 [INFO] CodeEngine:345 - Generated code: /Users/qfe/STM32CubeIDE/workspace_1.19.0/L412_test_v4/Core/Inc/stm32l4xx_hal_conf.h
2025-12-15 00:17:02,828 [INFO] ApiDbMcu:532 - Load IP Config File for USART2
2025-12-15 00:17:02,831 [INFO] ApiDbMcu:532 - Load IP Config File for RCC
2025-12-15 00:17:02,835 [INFO] CodeEngine:265 - oldGeneratedFile, /Users/qfe/STM32CubeIDE/workspace_1.19.0/L412_test_v4/Core/Inc/main.h_save
2025-12-15 00:17:02,934 [INFO] CodeEngine:289 - Generated code: /Users/qfe/STM32CubeIDE/workspace_1.19.0/L412_test_v4/Core/Inc/main.h
2025-12-15 00:17:02,936 [INFO] CodeEngine:265 - oldGeneratedFile, /Users/qfe/STM32CubeIDE/workspace_1.19.0/L412_test_v4/Core/Src/main.c_save
2025-12-15 00:17:03,046 [INFO] CodeEngine:289 - Generated code: /Users/qfe/STM32CubeIDE/workspace_1.19.0/L412_test_v4/Core/Src/main.c
2025-12-15 00:17:03,266 [INFO] ProjectBuilder:3606 - Time for Copy HAL[1] : 58mS.
2025-12-15 00:17:03,271 [INFO] ProjectBuilder:5216 - Project Generator version: 4.7.0-B52
2025-12-15 00:17:03,376 [INFO] ConfigFileManager:1595 - The Die is : DIE464
2025-12-15 00:17:03,385 [INFO] ApiDbMcu:532 - Load IP Config File for FATFS
2025-12-15 00:17:03,419 [INFO] ApiDbMcu:532 - Load IP Config File for FREERTOS
2025-12-15 00:17:03,431 [INFO] ApiDbMcu:532 - Load IP Config File for TOUCHSENSING
2025-12-15 00:17:03,451 [INFO] ApiDbMcu:532 - Load IP Config File for USB_DEVICE
2025-12-15 00:17:08,203 [INFO] ProjectBuilder:5496 - Time for Generating toolchain IDE Files: 4922mS.
2025-12-15 00:17:08,216 [INFO] ProjectBuilder:3463 - Time for Copy CMSIS : 2mS.
2025-12-15 00:17:08,219 [INFO] ProjectBuilder:3463 - Time for Copy CMSIS : 0mS.
2025-12-15 00:17:09,757 [INFO] McuFinderGlobals:76 - Set McuFinderConnectedMode to true
2025-12-15 00:17:09,770 [INFO] ApiDb:448 - Save user favorites file /Users/qfe/.stm32cubeide/favorites.mcus.txt: 0 item(s)
2025-12-15 00:17:09,771 [INFO] ApiDb:452 - User favorites MCUs=[]
2025-12-15 00:17:09,789 [INFO] ApiDb:448 - Save user favorites file /Users/qfe/.stm32cubeide/favorites.boards.txt: 0 item(s)
2025-12-15 00:17:09,789 [INFO] ApiDb:452 - User favorites Boards=[]
2025-12-15 00:22:47,181 [INFO] NvicIntPanel:101 - NVIC parent = com.st.microxplorer.plugins.ip.nvic.MultiNvicIntPanel[,0,0,0x0,invalid,layout=javax.swing.BoxLayout,alignmentX=0.0,alignmentY=0.0,border=,flags=9,maximumSize=,minimumSize=,preferredSize=]
2025-12-15 00:23:31,926 [INFO] UtilMem:75 - End SaveConfig() Used Memory: 855537976 Bytes (1073741824)
2025-12-15 00:23:35,129 [INFO] UtilMem:75 - End SaveConfig() Used Memory: 886466272 Bytes (1073741824)
2025-12-15 00:23:35,517 [INFO] BlockDiagram:2775 - set Specific Code input for plugin: NVIC
2025-12-15 00:23:35,517 [INFO] BlockDiagram:2775 - set Specific Code input for plugin: USART
2025-12-15 00:23:35,518 [INFO] BlockDiagram:2775 - set Specific Code input for plugin: SYS
2025-12-15 00:23:35,518 [INFO] BlockDiagram:2775 - set Specific Code input for plugin: GPIO
2025-12-15 00:23:35,518 [INFO] BlockDiagram:2775 - set Specific Code input for plugin: RCC
2025-12-15 00:23:35,518 [INFO] BlockDiagram:2775 - set Specific Code input for plugin: LPUART
2025-12-15 00:23:35,520 [INFO] CodeGenerator:892 - code generatio: config db path: /Applications/STM32CubeIDE.app/Contents/Eclipse/plugins/com.st.stm32cube.common.mx_6.15.0.202507011659//db/
2025-12-15 00:23:35,607 [INFO] CodeEngine:265 - oldGeneratedFile, /Users/qfe/STM32CubeIDE/workspace_1.19.0/L412_test_v4/MXTmpFiles/license.tmp_save
2025-12-15 00:23:35,932 [INFO] CodeEngine:289 - Generated code: /Users/qfe/STM32CubeIDE/workspace_1.19.0/L412_test_v4/MXTmpFiles/license.tmp
2025-12-15 00:23:36,023 [INFO] CodeEngine:265 - oldGeneratedFile, /Users/qfe/STM32CubeIDE/workspace_1.19.0/L412_test_v4/MXTmpFiles/gpio.tmp_save
2025-12-15 00:23:36,207 [INFO] CodeEngine:289 - Generated code: /Users/qfe/STM32CubeIDE/workspace_1.19.0/L412_test_v4/MXTmpFiles/gpio.tmp
2025-12-15 00:23:36,445 [INFO] CodeEngine:265 - oldGeneratedFile, /Users/qfe/STM32CubeIDE/workspace_1.19.0/L412_test_v4/Core/Src/stm32l4xx_it.c_save
2025-12-15 00:23:36,619 [INFO] CodeEngine:289 - Generated code: /Users/qfe/STM32CubeIDE/workspace_1.19.0/L412_test_v4/Core/Src/stm32l4xx_it.c
2025-12-15 00:23:36,622 [INFO] CodeEngine:265 - oldGeneratedFile, /Users/qfe/STM32CubeIDE/workspace_1.19.0/L412_test_v4/Core/Inc/stm32l4xx_it.h_save
2025-12-15 00:23:36,771 [INFO] CodeEngine:289 - Generated code: /Users/qfe/STM32CubeIDE/workspace_1.19.0/L412_test_v4/Core/Inc/stm32l4xx_it.h
2025-12-15 00:23:36,781 [INFO] CodeEngine:265 - oldGeneratedFile, /Users/qfe/STM32CubeIDE/workspace_1.19.0/L412_test_v4/Core/Src/stm32l4xx_hal_msp.c_save
2025-12-15 00:23:36,974 [INFO] CodeEngine:289 - Generated code: /Users/qfe/STM32CubeIDE/workspace_1.19.0/L412_test_v4/Core/Src/stm32l4xx_hal_msp.c
2025-12-15 00:23:36,976 [INFO] CodeEngine:265 - oldGeneratedFile, /Users/qfe/STM32CubeIDE/workspace_1.19.0/L412_test_v4/MXTmpFiles/system.tmp_save
2025-12-15 00:23:37,074 [INFO] CodeEngine:289 - Generated code: /Users/qfe/STM32CubeIDE/workspace_1.19.0/L412_test_v4/MXTmpFiles/system.tmp
2025-12-15 00:23:37,078 [INFO] CodeEngine:321 - oldGeneratedFile, /Users/qfe/STM32CubeIDE/workspace_1.19.0/L412_test_v4/Core/Inc/stm32l4xx_hal_conf.h_save
2025-12-15 00:23:37,178 [INFO] CodeEngine:345 - Generated code: /Users/qfe/STM32CubeIDE/workspace_1.19.0/L412_test_v4/Core/Inc/stm32l4xx_hal_conf.h
2025-12-15 00:23:37,258 [INFO] ApiDbMcu:532 - Load IP Config File for LPUART1
2025-12-15 00:23:37,263 [INFO] CodeEngine:265 - oldGeneratedFile, /Users/qfe/STM32CubeIDE/workspace_1.19.0/L412_test_v4/Core/Inc/main.h_save
2025-12-15 00:23:37,337 [INFO] CodeEngine:289 - Generated code: /Users/qfe/STM32CubeIDE/workspace_1.19.0/L412_test_v4/Core/Inc/main.h
2025-12-15 00:23:37,340 [INFO] CodeEngine:265 - oldGeneratedFile, /Users/qfe/STM32CubeIDE/workspace_1.19.0/L412_test_v4/Core/Src/main.c_save
2025-12-15 00:23:37,483 [INFO] CodeEngine:289 - Generated code: /Users/qfe/STM32CubeIDE/workspace_1.19.0/L412_test_v4/Core/Src/main.c
2025-12-15 00:23:37,715 [INFO] ProjectBuilder:3606 - Time for Copy HAL[1] : 80mS.
2025-12-15 00:23:37,720 [INFO] ProjectBuilder:5216 - Project Generator version: 4.7.0-B52
2025-12-15 00:23:37,798 [INFO] ConfigFileManager:1595 - The Die is : DIE464
2025-12-15 00:23:40,335 [INFO] ProjectBuilder:5496 - Time for Generating toolchain IDE Files: 2609mS.
2025-12-15 00:23:40,349 [INFO] ProjectBuilder:3463 - Time for Copy CMSIS : 1mS.
2025-12-15 00:23:40,353 [INFO] ProjectBuilder:3463 - Time for Copy CMSIS : 0mS.
2025-12-15 00:31:29,581 [INFO] UtilMem:75 - End SaveConfig() Used Memory: 991499840 Bytes (1073741824)
2025-12-15 00:31:32,531 [INFO] UtilMem:75 - End SaveConfig() Used Memory: 736280192 Bytes (1073741824)
2025-12-15 00:31:33,186 [INFO] BlockDiagram:2775 - set Specific Code input for plugin: NVIC
2025-12-15 00:31:33,187 [INFO] BlockDiagram:2775 - set Specific Code input for plugin: SYS
2025-12-15 00:31:33,188 [INFO] BlockDiagram:2775 - set Specific Code input for plugin: GPIO
2025-12-15 00:31:33,189 [INFO] BlockDiagram:2775 - set Specific Code input for plugin: RCC
2025-12-15 00:31:33,189 [INFO] BlockDiagram:2775 - set Specific Code input for plugin: LPUART
2025-12-15 00:31:33,190 [INFO] CodeGenerator:892 - code generatio: config db path: /Applications/STM32CubeIDE.app/Contents/Eclipse/plugins/com.st.stm32cube.common.mx_6.15.0.202507011659//db/
2025-12-15 00:31:33,315 [INFO] CodeEngine:265 - oldGeneratedFile, /Users/qfe/STM32CubeIDE/workspace_1.19.0/L412_test_v4/MXTmpFiles/license.tmp_save
2025-12-15 00:31:33,781 [INFO] CodeEngine:289 - Generated code: /Users/qfe/STM32CubeIDE/workspace_1.19.0/L412_test_v4/MXTmpFiles/license.tmp
2025-12-15 00:31:33,879 [INFO] CodeEngine:265 - oldGeneratedFile, /Users/qfe/STM32CubeIDE/workspace_1.19.0/L412_test_v4/MXTmpFiles/gpio.tmp_save
2025-12-15 00:31:34,174 [INFO] CodeEngine:289 - Generated code: /Users/qfe/STM32CubeIDE/workspace_1.19.0/L412_test_v4/MXTmpFiles/gpio.tmp
2025-12-15 00:31:34,279 [INFO] CodeEngine:265 - oldGeneratedFile, /Users/qfe/STM32CubeIDE/workspace_1.19.0/L412_test_v4/Core/Src/stm32l4xx_it.c_save
2025-12-15 00:31:34,593 [INFO] CodeEngine:289 - Generated code: /Users/qfe/STM32CubeIDE/workspace_1.19.0/L412_test_v4/Core/Src/stm32l4xx_it.c
2025-12-15 00:31:34,597 [INFO] CodeEngine:265 - oldGeneratedFile, /Users/qfe/STM32CubeIDE/workspace_1.19.0/L412_test_v4/Core/Inc/stm32l4xx_it.h_save
2025-12-15 00:31:34,729 [INFO] CodeEngine:289 - Generated code: /Users/qfe/STM32CubeIDE/workspace_1.19.0/L412_test_v4/Core/Inc/stm32l4xx_it.h
2025-12-15 00:31:34,739 [INFO] CodeEngine:265 - oldGeneratedFile, /Users/qfe/STM32CubeIDE/workspace_1.19.0/L412_test_v4/Core/Src/stm32l4xx_hal_msp.c_save
2025-12-15 00:31:35,009 [INFO] CodeEngine:289 - Generated code: /Users/qfe/STM32CubeIDE/workspace_1.19.0/L412_test_v4/Core/Src/stm32l4xx_hal_msp.c
2025-12-15 00:31:35,015 [INFO] CodeEngine:265 - oldGeneratedFile, /Users/qfe/STM32CubeIDE/workspace_1.19.0/L412_test_v4/MXTmpFiles/system.tmp_save
2025-12-15 00:31:35,133 [INFO] CodeEngine:289 - Generated code: /Users/qfe/STM32CubeIDE/workspace_1.19.0/L412_test_v4/MXTmpFiles/system.tmp
2025-12-15 00:31:35,144 [INFO] CodeEngine:321 - oldGeneratedFile, /Users/qfe/STM32CubeIDE/workspace_1.19.0/L412_test_v4/Core/Inc/stm32l4xx_hal_conf.h_save
2025-12-15 00:31:35,232 [INFO] CodeEngine:345 - Generated code: /Users/qfe/STM32CubeIDE/workspace_1.19.0/L412_test_v4/Core/Inc/stm32l4xx_hal_conf.h
2025-12-15 00:31:35,268 [INFO] CodeEngine:265 - oldGeneratedFile, /Users/qfe/STM32CubeIDE/workspace_1.19.0/L412_test_v4/Core/Inc/main.h_save
2025-12-15 00:31:35,555 [INFO] CodeEngine:289 - Generated code: /Users/qfe/STM32CubeIDE/workspace_1.19.0/L412_test_v4/Core/Inc/main.h
2025-12-15 00:31:35,561 [INFO] CodeEngine:265 - oldGeneratedFile, /Users/qfe/STM32CubeIDE/workspace_1.19.0/L412_test_v4/Core/Src/main.c_save
2025-12-15 00:31:35,694 [INFO] CodeEngine:289 - Generated code: /Users/qfe/STM32CubeIDE/workspace_1.19.0/L412_test_v4/Core/Src/main.c
2025-12-15 00:31:35,944 [INFO] ProjectBuilder:3606 - Time for Copy HAL[1] : 82mS.
2025-12-15 00:31:35,952 [INFO] ProjectBuilder:5216 - Project Generator version: 4.7.0-B52
2025-12-15 00:31:36,046 [INFO] ConfigFileManager:1595 - The Die is : DIE464
2025-12-15 00:31:40,377 [INFO] ProjectBuilder:5496 - Time for Generating toolchain IDE Files: 4417mS.
2025-12-15 00:31:40,382 [INFO] ProjectBuilder:3463 - Time for Copy CMSIS : 2mS.
2025-12-15 00:31:40,386 [INFO] ProjectBuilder:3463 - Time for Copy CMSIS : 2mS.
2025-12-15 00:44:26,119 [INFO] Gpio:278 - dependency for GPIO [LPUART1, RCC, SYS]
2025-12-15 00:47:58,900 [INFO] Gpio:278 - dependency for GPIO [LPUART1, RCC, SYS]
2025-12-15 00:47:59,534 [INFO] Gpio:278 - dependency for GPIO [LPUART1, RCC, SYS]
2025-12-15 00:48:09,476 [INFO] Gpio:278 - dependency for GPIO [LPUART1, RCC, SYS]
2025-12-15 00:48:09,706 [INFO] NvicIntPanel:101 - NVIC parent = com.st.microxplorer.plugins.ip.nvic.MultiNvicIntPanel[,0,0,0x0,invalid,layout=javax.swing.BoxLayout,alignmentX=0.0,alignmentY=0.0,border=,flags=9,maximumSize=,minimumSize=,preferredSize=]
2025-12-15 00:48:09,951 [INFO] Gpio:278 - dependency for GPIO [LPUART1, RCC, SYS]
2025-12-15 00:48:10,018 [INFO] NvicIntPanel:101 - NVIC parent = com.st.microxplorer.plugins.ip.nvic.MultiNvicIntPanel[,0,0,0x0,invalid,layout=javax.swing.BoxLayout,alignmentX=0.0,alignmentY=0.0,border=,flags=9,maximumSize=,minimumSize=,preferredSize=]
2025-12-15 00:48:40,160 [INFO] Pin:2347 - value.trim() ㅠ
2025-12-15 00:48:40,165 [INFO] Pin:2348 - Pin value PC13
2025-12-15 00:48:48,423 [INFO] Pin:2347 - value.trim() ㅜ
2025-12-15 00:48:48,429 [INFO] Pin:2348 - Pin value PC13
2025-12-15 00:49:20,331 [INFO] Gpio:278 - dependency for GPIO [LPUART1, RCC, SYS]
2025-12-15 00:50:03,733 [INFO] UtilMem:75 - End SaveConfig() Used Memory: 991542440 Bytes (1073741824)
2025-12-15 00:50:07,296 [INFO] UtilMem:75 - End SaveConfig() Used Memory: 718094520 Bytes (1073741824)
2025-12-15 00:50:08,461 [INFO] BlockDiagram:2775 - set Specific Code input for plugin: NVIC
2025-12-15 00:50:08,465 [INFO] BlockDiagram:2775 - set Specific Code input for plugin: SYS
2025-12-15 00:50:08,466 [INFO] BlockDiagram:2775 - set Specific Code input for plugin: GPIO
2025-12-15 00:50:08,466 [INFO] BlockDiagram:2775 - set Specific Code input for plugin: RCC
2025-12-15 00:50:08,466 [INFO] BlockDiagram:2775 - set Specific Code input for plugin: LPUART
2025-12-15 00:50:08,469 [INFO] CodeGenerator:892 - code generatio: config db path: /Applications/STM32CubeIDE.app/Contents/Eclipse/plugins/com.st.stm32cube.common.mx_6.15.0.202507011659//db/
2025-12-15 00:50:08,754 [INFO] CodeEngine:265 - oldGeneratedFile, /Users/qfe/STM32CubeIDE/workspace_1.19.0/L412_test_v4/MXTmpFiles/license.tmp_save
2025-12-15 00:50:09,445 [INFO] CodeEngine:289 - Generated code: /Users/qfe/STM32CubeIDE/workspace_1.19.0/L412_test_v4/MXTmpFiles/license.tmp
2025-12-15 00:50:09,617 [INFO] CodeEngine:265 - oldGeneratedFile, /Users/qfe/STM32CubeIDE/workspace_1.19.0/L412_test_v4/MXTmpFiles/gpio.tmp_save
2025-12-15 00:50:09,885 [INFO] CodeEngine:289 - Generated code: /Users/qfe/STM32CubeIDE/workspace_1.19.0/L412_test_v4/MXTmpFiles/gpio.tmp
2025-12-15 00:50:09,989 [INFO] CodeEngine:265 - oldGeneratedFile, /Users/qfe/STM32CubeIDE/workspace_1.19.0/L412_test_v4/Core/Src/stm32l4xx_it.c_save
2025-12-15 00:50:10,446 [INFO] CodeEngine:289 - Generated code: /Users/qfe/STM32CubeIDE/workspace_1.19.0/L412_test_v4/Core/Src/stm32l4xx_it.c
2025-12-15 00:50:10,451 [INFO] CodeEngine:265 - oldGeneratedFile, /Users/qfe/STM32CubeIDE/workspace_1.19.0/L412_test_v4/Core/Inc/stm32l4xx_it.h_save
2025-12-15 00:50:10,681 [INFO] CodeEngine:289 - Generated code: /Users/qfe/STM32CubeIDE/workspace_1.19.0/L412_test_v4/Core/Inc/stm32l4xx_it.h
2025-12-15 00:50:10,695 [INFO] CodeEngine:265 - oldGeneratedFile, /Users/qfe/STM32CubeIDE/workspace_1.19.0/L412_test_v4/Core/Src/stm32l4xx_hal_msp.c_save
2025-12-15 00:50:10,971 [INFO] CodeEngine:289 - Generated code: /Users/qfe/STM32CubeIDE/workspace_1.19.0/L412_test_v4/Core/Src/stm32l4xx_hal_msp.c
2025-12-15 00:50:10,974 [INFO] CodeEngine:265 - oldGeneratedFile, /Users/qfe/STM32CubeIDE/workspace_1.19.0/L412_test_v4/MXTmpFiles/system.tmp_save
2025-12-15 00:50:11,053 [INFO] CodeEngine:289 - Generated code: /Users/qfe/STM32CubeIDE/workspace_1.19.0/L412_test_v4/MXTmpFiles/system.tmp
2025-12-15 00:50:11,060 [INFO] CodeEngine:321 - oldGeneratedFile, /Users/qfe/STM32CubeIDE/workspace_1.19.0/L412_test_v4/Core/Inc/stm32l4xx_hal_conf.h_save
2025-12-15 00:50:11,141 [INFO] CodeEngine:345 - Generated code: /Users/qfe/STM32CubeIDE/workspace_1.19.0/L412_test_v4/Core/Inc/stm32l4xx_hal_conf.h
2025-12-15 00:50:11,182 [INFO] CodeEngine:265 - oldGeneratedFile, /Users/qfe/STM32CubeIDE/workspace_1.19.0/L412_test_v4/Core/Inc/main.h_save
2025-12-15 00:50:11,337 [INFO] CodeEngine:289 - Generated code: /Users/qfe/STM32CubeIDE/workspace_1.19.0/L412_test_v4/Core/Inc/main.h
2025-12-15 00:50:11,341 [INFO] CodeEngine:265 - oldGeneratedFile, /Users/qfe/STM32CubeIDE/workspace_1.19.0/L412_test_v4/Core/Src/main.c_save
2025-12-15 00:50:11,478 [INFO] CodeEngine:289 - Generated code: /Users/qfe/STM32CubeIDE/workspace_1.19.0/L412_test_v4/Core/Src/main.c
2025-12-15 00:50:12,248 [INFO] ProjectBuilder:3606 - Time for Copy HAL[1] : 88mS.
2025-12-15 00:50:12,274 [INFO] ProjectBuilder:5216 - Project Generator version: 4.7.0-B52
2025-12-15 00:50:12,609 [INFO] ConfigFileManager:1595 - The Die is : DIE464
2025-12-15 00:50:16,487 [INFO] ProjectBuilder:5496 - Time for Generating toolchain IDE Files: 4208mS.
2025-12-15 00:50:16,496 [INFO] ProjectBuilder:3463 - Time for Copy CMSIS : 1mS.
2025-12-15 00:50:16,498 [INFO] ProjectBuilder:3463 - Time for Copy CMSIS : 0mS.
