2026-01-22 14:44:46,079 [INFO] UtilMem:75 - End SaveConfig() Used Memory: 673010816 Bytes (1073741824)
2026-01-22 14:44:47,358 [INFO] UtilMem:75 - End SaveConfig() Used Memory: 708290552 Bytes (1073741824)
2026-01-22 14:44:52,363 [INFO] UtilMem:75 - End SaveConfig() Used Memory: 906737984 Bytes (1073741824)
2026-01-22 14:44:53,003 [INFO] BlockDiagram:2775 - set Specific Code input for plugin: NVIC
2026-01-22 14:44:53,003 [INFO] BlockDiagram:2775 - set Specific Code input for plugin: TIM1_8L4
2026-01-22 14:44:53,003 [INFO] BlockDiagram:2775 - set Specific Code input for plugin: SYS
2026-01-22 14:44:53,004 [INFO] BlockDiagram:2775 - set Specific Code input for plugin: GPIO
2026-01-22 14:44:53,004 [INFO] BlockDiagram:2775 - set Specific Code input for plugin: RCC
2026-01-22 14:44:53,004 [INFO] BlockDiagram:2775 - set Specific Code input for plugin: LPUART
2026-01-22 14:44:53,006 [INFO] CodeGenerator:892 - code generatio: config db path: C:\ST\STM32CubeIDE_1.19.0\STM32CubeIDE\plugins\com.st.stm32cube.common.mx_6.15.0.202507011659\\db\
2026-01-22 14:44:53,197 [INFO] CodeEngine:265 - oldGeneratedFile, C:\Users\CAMMSYS\STM32CubeIDE\workspace_1.19.0\ch3_IR_remote\MXTmpFiles\license.tmp_save
2026-01-22 14:44:53,392 [INFO] CodeEngine:289 - Generated code: C:\Users\CAMMSYS\STM32CubeIDE\workspace_1.19.0\ch3_IR_remote\MXTmpFiles\license.tmp
2026-01-22 14:44:53,443 [INFO] CodeEngine:265 - oldGeneratedFile, C:\Users\CAMMSYS\STM32CubeIDE\workspace_1.19.0\ch3_IR_remote\MXTmpFiles\gpio.tmp_save
2026-01-22 14:44:53,572 [INFO] CodeEngine:289 - Generated code: C:\Users\CAMMSYS\STM32CubeIDE\workspace_1.19.0\ch3_IR_remote\MXTmpFiles\gpio.tmp
2026-01-22 14:44:53,682 [INFO] CodeEngine:265 - oldGeneratedFile, C:\Users\CAMMSYS\STM32CubeIDE\workspace_1.19.0\ch3_IR_remote\Core\Src\stm32l4xx_it.c_save
2026-01-22 14:44:53,899 [INFO] CodeEngine:289 - Generated code: C:\Users\CAMMSYS\STM32CubeIDE\workspace_1.19.0\ch3_IR_remote\Core\Src\stm32l4xx_it.c
2026-01-22 14:44:53,913 [INFO] CodeEngine:265 - oldGeneratedFile, C:\Users\CAMMSYS\STM32CubeIDE\workspace_1.19.0\ch3_IR_remote\Core\Inc\stm32l4xx_it.h_save
2026-01-22 14:44:54,002 [INFO] CodeEngine:289 - Generated code: C:\Users\CAMMSYS\STM32CubeIDE\workspace_1.19.0\ch3_IR_remote\Core\Inc\stm32l4xx_it.h
2026-01-22 14:44:54,029 [INFO] CodeEngine:265 - oldGeneratedFile, C:\Users\CAMMSYS\STM32CubeIDE\workspace_1.19.0\ch3_IR_remote\Core\Src\stm32l4xx_hal_msp.c_save
2026-01-22 14:44:54,183 [INFO] CodeEngine:289 - Generated code: C:\Users\CAMMSYS\STM32CubeIDE\workspace_1.19.0\ch3_IR_remote\Core\Src\stm32l4xx_hal_msp.c
2026-01-22 14:44:54,192 [INFO] CodeEngine:265 - oldGeneratedFile, C:\Users\CAMMSYS\STM32CubeIDE\workspace_1.19.0\ch3_IR_remote\MXTmpFiles\system.tmp_save
2026-01-22 14:44:54,276 [INFO] CodeEngine:289 - Generated code: C:\Users\CAMMSYS\STM32CubeIDE\workspace_1.19.0\ch3_IR_remote\MXTmpFiles\system.tmp
2026-01-22 14:44:54,301 [INFO] CodeEngine:321 - oldGeneratedFile, C:\Users\CAMMSYS\STM32CubeIDE\workspace_1.19.0\ch3_IR_remote\Core\Inc\stm32l4xx_hal_conf.h_save
2026-01-22 14:44:54,385 [INFO] CodeEngine:345 - Generated code: C:\Users\CAMMSYS\STM32CubeIDE\workspace_1.19.0\ch3_IR_remote\Core\Inc\stm32l4xx_hal_conf.h
2026-01-22 14:44:54,404 [WARN] IPConfigManager:3811 - IP not found : TIM
2026-01-22 14:44:54,406 [WARN] CodeGenerator:4259 - IP not found : null
2026-01-22 14:44:54,423 [INFO] CodeEngine:265 - oldGeneratedFile, C:\Users\CAMMSYS\STM32CubeIDE\workspace_1.19.0\ch3_IR_remote\Core\Inc\main.h_save
2026-01-22 14:44:54,543 [INFO] CodeEngine:289 - Generated code: C:\Users\CAMMSYS\STM32CubeIDE\workspace_1.19.0\ch3_IR_remote\Core\Inc\main.h
2026-01-22 14:44:54,557 [INFO] CodeEngine:265 - oldGeneratedFile, C:\Users\CAMMSYS\STM32CubeIDE\workspace_1.19.0\ch3_IR_remote\Core\Src\main.c_save
2026-01-22 14:44:54,675 [INFO] CodeEngine:289 - Generated code: C:\Users\CAMMSYS\STM32CubeIDE\workspace_1.19.0\ch3_IR_remote\Core\Src\main.c
2026-01-22 14:44:55,325 [INFO] ProjectBuilder:3606 - Time for Copy HAL[1] : 508mS.
2026-01-22 14:44:55,331 [INFO] ProjectBuilder:5216 - Project Generator version: 4.7.0-B52
2026-01-22 14:44:55,388 [INFO] ConfigFileManager:1595 - The Die is : DIE464
2026-01-22 14:44:56,520 [INFO] ProjectBuilder:5496 - Time for Generating toolchain IDE Files: 1189mS.
2026-01-22 14:44:56,522 [INFO] ProjectBuilder:3463 - Time for Copy CMSIS : 2mS.
2026-01-22 14:44:56,526 [INFO] ProjectBuilder:3463 - Time for Copy CMSIS : 0mS.
2026-01-22 15:16:39,938 [INFO] UtilMem:75 - End SaveConfig() Used Memory: 868116928 Bytes (1073741824)
2026-01-22 15:16:41,235 [INFO] UtilMem:75 - End SaveConfig() Used Memory: 957624592 Bytes (1073741824)
2026-01-22 15:16:43,164 [INFO] UtilMem:75 - End SaveConfig() Used Memory: 818061904 Bytes (1073741824)
2026-01-22 15:16:43,868 [INFO] BlockDiagram:2775 - set Specific Code input for plugin: NVIC
2026-01-22 15:16:43,869 [INFO] BlockDiagram:2775 - set Specific Code input for plugin: TIM1_8L4
2026-01-22 15:16:43,869 [INFO] BlockDiagram:2775 - set Specific Code input for plugin: SYS
2026-01-22 15:16:43,869 [INFO] BlockDiagram:2775 - set Specific Code input for plugin: GPIO
2026-01-22 15:16:43,869 [INFO] BlockDiagram:2775 - set Specific Code input for plugin: RCC
2026-01-22 15:16:43,869 [INFO] BlockDiagram:2775 - set Specific Code input for plugin: LPUART
2026-01-22 15:16:43,872 [INFO] CodeGenerator:892 - code generatio: config db path: C:\ST\STM32CubeIDE_1.19.0\STM32CubeIDE\plugins\com.st.stm32cube.common.mx_6.15.0.202507011659\\db\
2026-01-22 15:16:44,080 [INFO] CodeEngine:265 - oldGeneratedFile, C:\Users\CAMMSYS\STM32CubeIDE\workspace_1.19.0\ch3_IR_remote\MXTmpFiles\license.tmp_save
2026-01-22 15:16:44,291 [INFO] CodeEngine:289 - Generated code: C:\Users\CAMMSYS\STM32CubeIDE\workspace_1.19.0\ch3_IR_remote\MXTmpFiles\license.tmp
2026-01-22 15:16:44,340 [INFO] CodeEngine:265 - oldGeneratedFile, C:\Users\CAMMSYS\STM32CubeIDE\workspace_1.19.0\ch3_IR_remote\MXTmpFiles\gpio.tmp_save
2026-01-22 15:16:44,476 [INFO] CodeEngine:289 - Generated code: C:\Users\CAMMSYS\STM32CubeIDE\workspace_1.19.0\ch3_IR_remote\MXTmpFiles\gpio.tmp
2026-01-22 15:16:44,579 [INFO] CodeEngine:265 - oldGeneratedFile, C:\Users\CAMMSYS\STM32CubeIDE\workspace_1.19.0\ch3_IR_remote\Core\Src\stm32l4xx_it.c_save
2026-01-22 15:16:44,793 [INFO] CodeEngine:289 - Generated code: C:\Users\CAMMSYS\STM32CubeIDE\workspace_1.19.0\ch3_IR_remote\Core\Src\stm32l4xx_it.c
2026-01-22 15:16:44,806 [INFO] CodeEngine:265 - oldGeneratedFile, C:\Users\CAMMSYS\STM32CubeIDE\workspace_1.19.0\ch3_IR_remote\Core\Inc\stm32l4xx_it.h_save
2026-01-22 15:16:44,903 [INFO] CodeEngine:289 - Generated code: C:\Users\CAMMSYS\STM32CubeIDE\workspace_1.19.0\ch3_IR_remote\Core\Inc\stm32l4xx_it.h
2026-01-22 15:16:44,926 [INFO] CodeEngine:265 - oldGeneratedFile, C:\Users\CAMMSYS\STM32CubeIDE\workspace_1.19.0\ch3_IR_remote\Core\Src\stm32l4xx_hal_msp.c_save
2026-01-22 15:16:45,087 [INFO] CodeEngine:289 - Generated code: C:\Users\CAMMSYS\STM32CubeIDE\workspace_1.19.0\ch3_IR_remote\Core\Src\stm32l4xx_hal_msp.c
2026-01-22 15:16:45,098 [INFO] CodeEngine:265 - oldGeneratedFile, C:\Users\CAMMSYS\STM32CubeIDE\workspace_1.19.0\ch3_IR_remote\MXTmpFiles\system.tmp_save
2026-01-22 15:16:45,177 [INFO] CodeEngine:289 - Generated code: C:\Users\CAMMSYS\STM32CubeIDE\workspace_1.19.0\ch3_IR_remote\MXTmpFiles\system.tmp
2026-01-22 15:16:45,200 [INFO] CodeEngine:321 - oldGeneratedFile, C:\Users\CAMMSYS\STM32CubeIDE\workspace_1.19.0\ch3_IR_remote\Core\Inc\stm32l4xx_hal_conf.h_save
2026-01-22 15:16:45,300 [INFO] CodeEngine:345 - Generated code: C:\Users\CAMMSYS\STM32CubeIDE\workspace_1.19.0\ch3_IR_remote\Core\Inc\stm32l4xx_hal_conf.h
2026-01-22 15:16:45,318 [WARN] IPConfigManager:3811 - IP not found : TIM
2026-01-22 15:16:45,318 [WARN] CodeGenerator:4259 - IP not found : null
2026-01-22 15:16:45,333 [INFO] CodeEngine:265 - oldGeneratedFile, C:\Users\CAMMSYS\STM32CubeIDE\workspace_1.19.0\ch3_IR_remote\Core\Inc\main.h_save
2026-01-22 15:16:45,434 [INFO] CodeEngine:289 - Generated code: C:\Users\CAMMSYS\STM32CubeIDE\workspace_1.19.0\ch3_IR_remote\Core\Inc\main.h
2026-01-22 15:16:45,447 [INFO] CodeEngine:265 - oldGeneratedFile, C:\Users\CAMMSYS\STM32CubeIDE\workspace_1.19.0\ch3_IR_remote\Core\Src\main.c_save
2026-01-22 15:16:45,558 [INFO] CodeEngine:289 - Generated code: C:\Users\CAMMSYS\STM32CubeIDE\workspace_1.19.0\ch3_IR_remote\Core\Src\main.c
2026-01-22 15:16:46,058 [INFO] ProjectBuilder:3606 - Time for Copy HAL[1] : 366mS.
2026-01-22 15:16:46,066 [INFO] ProjectBuilder:5216 - Project Generator version: 4.7.0-B52
2026-01-22 15:16:46,126 [INFO] ConfigFileManager:1595 - The Die is : DIE464
2026-01-22 15:16:47,371 [INFO] ProjectBuilder:5496 - Time for Generating toolchain IDE Files: 1303mS.
2026-01-22 15:16:47,373 [INFO] ProjectBuilder:3463 - Time for Copy CMSIS : 1mS.
2026-01-22 15:16:47,377 [INFO] ProjectBuilder:3463 - Time for Copy CMSIS : 0mS.
