16:41:03 **** Incremental Build of configuration Debug for project ch2_led_matrix ****
make -j20 all 
arm-none-eabi-gcc "../Core/Src/main.c" -mcpu=cortex-m4 -std=gnu11 -g3 -DDEBUG -DUSE_HAL_DRIVER -DSTM32L412xx -c -I../Core/Inc -I../Drivers/STM32L4xx_HAL_Driver/Inc -I../Drivers/STM32L4xx_HAL_Driver/Inc/Legacy -I../Drivers/CMSIS/Device/ST/STM32L4xx/Include -I../Drivers/CMSIS/Include -O0 -ffunction-sections -fdata-sections -Wall -fstack-usage -fcyclomatic-complexity -MMD -MP -MF"Core/Src/main.d" -MT"Core/Src/main.o" --specs=nano.specs -mfpu=fpv4-sp-d16 -mfloat-abi=hard -mthumb -o "Core/Src/main.o"
arm-none-eabi-gcc -o "ch2_led_matrix.elf" @"objects.list"   -mcpu=cortex-m4 -T"C:\Users\CAMMSYS\STM32CubeIDE\workspace_1.19.0\ch2_led_matrix\STM32L412RBTXP_FLASH.ld" --specs=nosys.specs -Wl,-Map="ch2_led_matrix.map" -Wl,--gc-sections -static --specs=nano.specs -mfpu=fpv4-sp-d16 -mfloat-abi=hard -mthumb -Wl,--start-group -lc -lm -Wl,--end-group
Finished building target: ch2_led_matrix.elf
 
arm-none-eabi-size  ch2_led_matrix.elf 
arm-none-eabi-objdump -h -S ch2_led_matrix.elf  > "ch2_led_matrix.list"
   text	   data	    bss	    dec	    hex	filename
  13996	    104	   2040	  16140	   3f0c	ch2_led_matrix.elf
Finished building: default.size.stdout
 
Finished building: ch2_led_matrix.list
 

16:41:05 Build Finished. 0 errors, 0 warnings. (took 2s.8ms)

