10:13:14 **** Clean-only build of configuration Debug for project ch4_I2C ****
make -j20 clean 
rm -rf ./Drivers/STM32L4xx_HAL_Driver/Src/stm32l4xx_hal.cyclo ./Drivers/STM32L4xx_HAL_Driver/Src/stm32l4xx_hal.d ./Drivers/STM32L4xx_HAL_Driver/Src/stm32l4xx_hal.o ./Drivers/STM32L4xx_HAL_Driver/Src/stm32l4xx_hal.su ./Drivers/STM32L4xx_HAL_Driver/Src/stm32l4xx_hal_cortex.cyclo ./Drivers/STM32L4xx_HAL_Driver/Src/stm32l4xx_hal_cortex.d ./Drivers/STM32L4xx_HAL_Driver/Src/stm32l4xx_hal_cortex.o ./Drivers/STM32L4xx_HAL_Driver/Src/stm32l4xx_hal_cortex.su ./Drivers/STM32L4xx_HAL_Driver/Src/stm32l4xx_hal_dma.cyclo ./Drivers/STM32L4xx_HAL_Driver/Src/stm32l4xx_hal_dma.d ./Drivers/STM32L4xx_HAL_Driver/Src/stm32l4xx_hal_dma.o ./Drivers/STM32L4xx_HAL_Driver/Src/stm32l4xx_hal_dma.su ./Drivers/STM32L4xx_HAL_Driver/Src/stm32l4xx_hal_dma_ex.cyclo ./Drivers/STM32L4xx_HAL_Driver/Src/stm32l4xx_hal_dma_ex.d ./Drivers/STM32L4xx_HAL_Driver/Src/stm32l4xx_hal_dma_ex.o ./Drivers/STM32L4xx_HAL_Driver/Src/stm32l4xx_hal_dma_ex.su ./Drivers/STM32L4xx_HAL_Driver/Src/stm32l4xx_hal_exti.cyclo ./Drivers/STM32L4xx_HAL_Driver/Src/stm32l4xx_hal_exti.d ./Drivers/STM32L4xx_HAL_Driver/Src/stm32l4xx_hal_exti.o ./Drivers/STM32L4xx_HAL_Driver/Src/stm32l4xx_hal_exti.su ./Drivers/STM32L4xx_HAL_Driver/Src/stm32l4xx_hal_flash.cyclo ./Drivers/STM32L4xx_HAL_Driver/Src/stm32l4xx_hal_flash.d ./Drivers/STM32L4xx_HAL_Driver/Src/stm32l4xx_hal_flash.o ./Drivers/STM32L4xx_HAL_Driver/Src/stm32l4xx_hal_flash.su ./Drivers/STM32L4xx_HAL_Driver/Src/stm32l4xx_hal_flash_ex.cyclo ./Drivers/STM32L4xx_HAL_Driver/Src/stm32l4xx_hal_flash_ex.d ./Drivers/STM32L4xx_HAL_Driver/Src/stm32l4xx_hal_flash_ex.o ./Drivers/STM32L4xx_HAL_Driver/Src/stm32l4xx_hal_flash_ex.su ./Drivers/STM32L4xx_HAL_Driver/Src/stm32l4xx_hal_flash_ramfunc.cyclo ./Drivers/STM32L4xx_HAL_Driver/Src/stm32l4xx_hal_flash_ramfunc.d ./Drivers/STM32L4xx_HAL_Driver/Src/stm32l4xx_hal_flash_ramfunc.o ./Drivers/STM32L4xx_HAL_Driver/Src/stm32l4xx_hal_flash_ramfunc.su ./Drivers/STM32L4xx_HAL_Driver/Src/stm32l4xx_hal_gpio.cyclo ./Drivers/STM32L4xx_HAL_Driver/Src/stm32l4xx_hal_gpio.d ./Drivers/STM32L4xx_HAL_Driver/Src/stm32l4xx_hal_gpio.o ./Drivers/STM32L4xx_HAL_Driver/Src/stm32l4xx_hal_gpio.su ./Drivers/STM32L4xx_HAL_Driver/Src/stm32l4xx_hal_i2c.cyclo ./Drivers/STM32L4xx_HAL_Driver/Src/stm32l4xx_hal_i2c.d ./Drivers/STM32L4xx_HAL_Driver/Src/stm32l4xx_hal_i2c.o ./Drivers/STM32L4xx_HAL_Driver/Src/stm32l4xx_hal_i2c.su ./Drivers/STM32L4xx_HAL_Driver/Src/stm32l4xx_hal_i2c_ex.cyclo ./Drivers/STM32L4xx_HAL_Driver/Src/stm32l4xx_hal_i2c_ex.d ./Drivers/STM32L4xx_HAL_Driver/Src/stm32l4xx_hal_i2c_ex.o ./Drivers/STM32L4xx_HAL_Driver/Src/stm32l4xx_hal_i2c_ex.su ./Drivers/STM32L4xx_HAL_Driver/Src/stm32l4xx_hal_pwr.cyclo ./Drivers/STM32L4xx_HAL_Driver/Src/stm32l4xx_hal_pwr.d ./Drivers/STM32L4xx_HAL_Driver/Src/stm32l4xx_hal_pwr.o ./Drivers/STM32L4xx_HAL_Driver/Src/stm32l4xx_hal_pwr.su ./Drivers/STM32L4xx_HAL_Driver/Src/stm32l4xx_hal_pwr_ex.cyclo ./Drivers/STM32L4xx_HAL_Driver/Src/stm32l4xx_hal_pwr_ex.d ./Drivers/STM32L4xx_HAL_Driver/Src/stm32l4xx_hal_pwr_ex.o ./Drivers/STM32L4xx_HAL_Driver/Src/stm32l4xx_hal_pwr_ex.su ./Drivers/STM32L4xx_HAL_Driver/Src/stm32l4xx_hal_rcc.cyclo ./Drivers/STM32L4xx_HAL_Driver/Src/stm32l4xx_hal_rcc.d ./Drivers/STM32L4xx_HAL_Driver/Src/stm32l4xx_hal_rcc.o ./Drivers/STM32L4xx_HAL_Driver/Src/stm32l4xx_hal_rcc.su ./Drivers/STM32L4xx_HAL_Driver/Src/stm32l4xx_hal_rcc_ex.cyclo ./Drivers/STM32L4xx_HAL_Driver/Src/stm32l4xx_hal_rcc_ex.d ./Drivers/STM32L4xx_HAL_Driver/Src/stm32l4xx_hal_rcc_ex.o ./Drivers/STM32L4xx_HAL_Driver/Src/stm32l4xx_hal_rcc_ex.su ./Drivers/STM32L4xx_HAL_Driver/Src/stm32l4xx_hal_uart.cyclo ./Drivers/STM32L4xx_HAL_Driver/Src/stm32l4xx_hal_uart.d ./Drivers/STM32L4xx_HAL_Driver/Src/stm32l4xx_hal_uart.o ./Drivers/STM32L4xx_HAL_Driver/Src/stm32l4xx_hal_uart.su ./Drivers/STM32L4xx_HAL_Driver/Src/stm32l4xx_hal_uart_ex.cyclo ./Drivers/STM32L4xx_HAL_Driver/Src/stm32l4xx_hal_uart_ex.d ./Drivers/STM32L4xx_HAL_Driver/Src/stm32l4xx_hal_uart_ex.o ./Drivers/STM32L4xx_HAL_Driver/Src/stm32l4xx_hal_uart_ex.su
rm -rf ./Core/Startup/startup_stm32l412rbtxp.d ./Core/Startup/startup_stm32l412rbtxp.o
rm -rf ./Core/Src/ds1302.cyclo ./Core/Src/ds1302.d ./Core/Src/ds1302.o ./Core/Src/ds1302.su ./Core/Src/main.cyclo ./Core/Src/main.d ./Core/Src/main.o ./Core/Src/main.su ./Core/Src/stm32l4xx_hal_msp.cyclo ./Core/Src/stm32l4xx_hal_msp.d ./Core/Src/stm32l4xx_hal_msp.o ./Core/Src/stm32l4xx_hal_msp.su ./Core/Src/stm32l4xx_it.cyclo ./Core/Src/stm32l4xx_it.d ./Core/Src/stm32l4xx_it.o ./Core/Src/stm32l4xx_it.su ./Core/Src/syscalls.cyclo ./Core/Src/syscalls.d ./Core/Src/syscalls.o ./Core/Src/syscalls.su ./Core/Src/sysmem.cyclo ./Core/Src/sysmem.d ./Core/Src/sysmem.o ./Core/Src/sysmem.su ./Core/Src/system_stm32l4xx.cyclo ./Core/Src/system_stm32l4xx.d ./Core/Src/system_stm32l4xx.o ./Core/Src/system_stm32l4xx.su
rm -rf ch4_I2C.elf ch4_I2C.list ch4_I2C.map default.size.stdout
rm: can't remove 'ch4_I2C.elf': Permission denied
make: [makefile:80: clean] Error 1 (ignored)
 
10:13:17 **** Build of configuration Debug for project ch4_I2C ****
make -j20 all 
arm-none-eabi-gcc "../Drivers/STM32L4xx_HAL_Driver/Src/stm32l4xx_hal.c" -mcpu=cortex-m4 -std=gnu11 -g3 -DDEBUG -DUSE_HAL_DRIVER -DSTM32L412xx -c -I../Core/Inc -I../Drivers/STM32L4xx_HAL_Driver/Inc -I../Drivers/STM32L4xx_HAL_Driver/Inc/Legacy -I../Drivers/CMSIS/Device/ST/STM32L4xx/Include -I../Drivers/CMSIS/Include -O0 -ffunction-sections -fdata-sections -Wall -fstack-usage -fcyclomatic-complexity -MMD -MP -MF"Drivers/STM32L4xx_HAL_Driver/Src/stm32l4xx_hal.d" -MT"Drivers/STM32L4xx_HAL_Driver/Src/stm32l4xx_hal.o" --specs=nano.specs -mfpu=fpv4-sp-d16 -mfloat-abi=hard -mthumb -o "Drivers/STM32L4xx_HAL_Driver/Src/stm32l4xx_hal.o"
arm-none-eabi-gcc "../Drivers/STM32L4xx_HAL_Driver/Src/stm32l4xx_hal_cortex.c" -mcpu=cortex-m4 -std=gnu11 -g3 -DDEBUG -DUSE_HAL_DRIVER -DSTM32L412xx -c -I../Core/Inc -I../Drivers/STM32L4xx_HAL_Driver/Inc -I../Drivers/STM32L4xx_HAL_Driver/Inc/Legacy -I../Drivers/CMSIS/Device/ST/STM32L4xx/Include -I../Drivers/CMSIS/Include -O0 -ffunction-sections -fdata-sections -Wall -fstack-usage -fcyclomatic-complexity -MMD -MP -MF"Drivers/STM32L4xx_HAL_Driver/Src/stm32l4xx_hal_cortex.d" -MT"Drivers/STM32L4xx_HAL_Driver/Src/stm32l4xx_hal_cortex.o" --specs=nano.specs -mfpu=fpv4-sp-d16 -mfloat-abi=hard -mthumb -o "Drivers/STM32L4xx_HAL_Driver/Src/stm32l4xx_hal_cortex.o"
arm-none-eabi-gcc "../Drivers/STM32L4xx_HAL_Driver/Src/stm32l4xx_hal_dma.c" -mcpu=cortex-m4 -std=gnu11 -g3 -DDEBUG -DUSE_HAL_DRIVER -DSTM32L412xx -c -I../Core/Inc -I../Drivers/STM32L4xx_HAL_Driver/Inc -I../Drivers/STM32L4xx_HAL_Driver/Inc/Legacy -I../Drivers/CMSIS/Device/ST/STM32L4xx/Include -I../Drivers/CMSIS/Include -O0 -ffunction-sections -fdata-sections -Wall -fstack-usage -fcyclomatic-complexity -MMD -MP -MF"Drivers/STM32L4xx_HAL_Driver/Src/stm32l4xx_hal_dma.d" -MT"Drivers/STM32L4xx_HAL_Driver/Src/stm32l4xx_hal_dma.o" --specs=nano.specs -mfpu=fpv4-sp-d16 -mfloat-abi=hard -mthumb -o "Drivers/STM32L4xx_HAL_Driver/Src/stm32l4xx_hal_dma.o"
arm-none-eabi-gcc "../Drivers/STM32L4xx_HAL_Driver/Src/stm32l4xx_hal_dma_ex.c" -mcpu=cortex-m4 -std=gnu11 -g3 -DDEBUG -DUSE_HAL_DRIVER -DSTM32L412xx -c -I../Core/Inc -I../Drivers/STM32L4xx_HAL_Driver/Inc -I../Drivers/STM32L4xx_HAL_Driver/Inc/Legacy -I../Drivers/CMSIS/Device/ST/STM32L4xx/Include -I../Drivers/CMSIS/Include -O0 -ffunction-sections -fdata-sections -Wall -fstack-usage -fcyclomatic-complexity -MMD -MP -MF"Drivers/STM32L4xx_HAL_Driver/Src/stm32l4xx_hal_dma_ex.d" -MT"Drivers/STM32L4xx_HAL_Driver/Src/stm32l4xx_hal_dma_ex.o" --specs=nano.specs -mfpu=fpv4-sp-d16 -mfloat-abi=hard -mthumb -o "Drivers/STM32L4xx_HAL_Driver/Src/stm32l4xx_hal_dma_ex.o"
arm-none-eabi-gcc "../Drivers/STM32L4xx_HAL_Driver/Src/stm32l4xx_hal_exti.c" -mcpu=cortex-m4 -std=gnu11 -g3 -DDEBUG -DUSE_HAL_DRIVER -DSTM32L412xx -c -I../Core/Inc -I../Drivers/STM32L4xx_HAL_Driver/Inc -I../Drivers/STM32L4xx_HAL_Driver/Inc/Legacy -I../Drivers/CMSIS/Device/ST/STM32L4xx/Include -I../Drivers/CMSIS/Include -O0 -ffunction-sections -fdata-sections -Wall -fstack-usage -fcyclomatic-complexity -MMD -MP -MF"Drivers/STM32L4xx_HAL_Driver/Src/stm32l4xx_hal_exti.d" -MT"Drivers/STM32L4xx_HAL_Driver/Src/stm32l4xx_hal_exti.o" --specs=nano.specs -mfpu=fpv4-sp-d16 -mfloat-abi=hard -mthumb -o "Drivers/STM32L4xx_HAL_Driver/Src/stm32l4xx_hal_exti.o"
arm-none-eabi-gcc "../Drivers/STM32L4xx_HAL_Driver/Src/stm32l4xx_hal_flash.c" -mcpu=cortex-m4 -std=gnu11 -g3 -DDEBUG -DUSE_HAL_DRIVER -DSTM32L412xx -c -I../Core/Inc -I../Drivers/STM32L4xx_HAL_Driver/Inc -I../Drivers/STM32L4xx_HAL_Driver/Inc/Legacy -I../Drivers/CMSIS/Device/ST/STM32L4xx/Include -I../Drivers/CMSIS/Include -O0 -ffunction-sections -fdata-sections -Wall -fstack-usage -fcyclomatic-complexity -MMD -MP -MF"Drivers/STM32L4xx_HAL_Driver/Src/stm32l4xx_hal_flash.d" -MT"Drivers/STM32L4xx_HAL_Driver/Src/stm32l4xx_hal_flash.o" --specs=nano.specs -mfpu=fpv4-sp-d16 -mfloat-abi=hard -mthumb -o "Drivers/STM32L4xx_HAL_Driver/Src/stm32l4xx_hal_flash.o"
arm-none-eabi-gcc "../Drivers/STM32L4xx_HAL_Driver/Src/stm32l4xx_hal_flash_ex.c" -mcpu=cortex-m4 -std=gnu11 -g3 -DDEBUG -DUSE_HAL_DRIVER -DSTM32L412xx -c -I../Core/Inc -I../Drivers/STM32L4xx_HAL_Driver/Inc -I../Drivers/STM32L4xx_HAL_Driver/Inc/Legacy -I../Drivers/CMSIS/Device/ST/STM32L4xx/Include -I../Drivers/CMSIS/Include -O0 -ffunction-sections -fdata-sections -Wall -fstack-usage -fcyclomatic-complexity -MMD -MP -MF"Drivers/STM32L4xx_HAL_Driver/Src/stm32l4xx_hal_flash_ex.d" -MT"Drivers/STM32L4xx_HAL_Driver/Src/stm32l4xx_hal_flash_ex.o" --specs=nano.specs -mfpu=fpv4-sp-d16 -mfloat-abi=hard -mthumb -o "Drivers/STM32L4xx_HAL_Driver/Src/stm32l4xx_hal_flash_ex.o"
arm-none-eabi-gcc "../Drivers/STM32L4xx_HAL_Driver/Src/stm32l4xx_hal_flash_ramfunc.c" -mcpu=cortex-m4 -std=gnu11 -g3 -DDEBUG -DUSE_HAL_DRIVER -DSTM32L412xx -c -I../Core/Inc -I../Drivers/STM32L4xx_HAL_Driver/Inc -I../Drivers/STM32L4xx_HAL_Driver/Inc/Legacy -I../Drivers/CMSIS/Device/ST/STM32L4xx/Include -I../Drivers/CMSIS/Include -O0 -ffunction-sections -fdata-sections -Wall -fstack-usage -fcyclomatic-complexity -MMD -MP -MF"Drivers/STM32L4xx_HAL_Driver/Src/stm32l4xx_hal_flash_ramfunc.d" -MT"Drivers/STM32L4xx_HAL_Driver/Src/stm32l4xx_hal_flash_ramfunc.o" --specs=nano.specs -mfpu=fpv4-sp-d16 -mfloat-abi=hard -mthumb -o "Drivers/STM32L4xx_HAL_Driver/Src/stm32l4xx_hal_flash_ramfunc.o"
arm-none-eabi-gcc "../Drivers/STM32L4xx_HAL_Driver/Src/stm32l4xx_hal_gpio.c" -mcpu=cortex-m4 -std=gnu11 -g3 -DDEBUG -DUSE_HAL_DRIVER -DSTM32L412xx -c -I../Core/Inc -I../Drivers/STM32L4xx_HAL_Driver/Inc -I../Drivers/STM32L4xx_HAL_Driver/Inc/Legacy -I../Drivers/CMSIS/Device/ST/STM32L4xx/Include -I../Drivers/CMSIS/Include -O0 -ffunction-sections -fdata-sections -Wall -fstack-usage -fcyclomatic-complexity -MMD -MP -MF"Drivers/STM32L4xx_HAL_Driver/Src/stm32l4xx_hal_gpio.d" -MT"Drivers/STM32L4xx_HAL_Driver/Src/stm32l4xx_hal_gpio.o" --specs=nano.specs -mfpu=fpv4-sp-d16 -mfloat-abi=hard -mthumb -o "Drivers/STM32L4xx_HAL_Driver/Src/stm32l4xx_hal_gpio.o"
arm-none-eabi-gcc "../Drivers/STM32L4xx_HAL_Driver/Src/stm32l4xx_hal_i2c.c" -mcpu=cortex-m4 -std=gnu11 -g3 -DDEBUG -DUSE_HAL_DRIVER -DSTM32L412xx -c -I../Core/Inc -I../Drivers/STM32L4xx_HAL_Driver/Inc -I../Drivers/STM32L4xx_HAL_Driver/Inc/Legacy -I../Drivers/CMSIS/Device/ST/STM32L4xx/Include -I../Drivers/CMSIS/Include -O0 -ffunction-sections -fdata-sections -Wall -fstack-usage -fcyclomatic-complexity -MMD -MP -MF"Drivers/STM32L4xx_HAL_Driver/Src/stm32l4xx_hal_i2c.d" -MT"Drivers/STM32L4xx_HAL_Driver/Src/stm32l4xx_hal_i2c.o" --specs=nano.specs -mfpu=fpv4-sp-d16 -mfloat-abi=hard -mthumb -o "Drivers/STM32L4xx_HAL_Driver/Src/stm32l4xx_hal_i2c.o"
arm-none-eabi-gcc "../Drivers/STM32L4xx_HAL_Driver/Src/stm32l4xx_hal_i2c_ex.c" -mcpu=cortex-m4 -std=gnu11 -g3 -DDEBUG -DUSE_HAL_DRIVER -DSTM32L412xx -c -I../Core/Inc -I../Drivers/STM32L4xx_HAL_Driver/Inc -I../Drivers/STM32L4xx_HAL_Driver/Inc/Legacy -I../Drivers/CMSIS/Device/ST/STM32L4xx/Include -I../Drivers/CMSIS/Include -O0 -ffunction-sections -fdata-sections -Wall -fstack-usage -fcyclomatic-complexity -MMD -MP -MF"Drivers/STM32L4xx_HAL_Driver/Src/stm32l4xx_hal_i2c_ex.d" -MT"Drivers/STM32L4xx_HAL_Driver/Src/stm32l4xx_hal_i2c_ex.o" --specs=nano.specs -mfpu=fpv4-sp-d16 -mfloat-abi=hard -mthumb -o "Drivers/STM32L4xx_HAL_Driver/Src/stm32l4xx_hal_i2c_ex.o"
arm-none-eabi-gcc "../Drivers/STM32L4xx_HAL_Driver/Src/stm32l4xx_hal_pwr.c" -mcpu=cortex-m4 -std=gnu11 -g3 -DDEBUG -DUSE_HAL_DRIVER -DSTM32L412xx -c -I../Core/Inc -I../Drivers/STM32L4xx_HAL_Driver/Inc -I../Drivers/STM32L4xx_HAL_Driver/Inc/Legacy -I../Drivers/CMSIS/Device/ST/STM32L4xx/Include -I../Drivers/CMSIS/Include -O0 -ffunction-sections -fdata-sections -Wall -fstack-usage -fcyclomatic-complexity -MMD -MP -MF"Drivers/STM32L4xx_HAL_Driver/Src/stm32l4xx_hal_pwr.d" -MT"Drivers/STM32L4xx_HAL_Driver/Src/stm32l4xx_hal_pwr.o" --specs=nano.specs -mfpu=fpv4-sp-d16 -mfloat-abi=hard -mthumb -o "Drivers/STM32L4xx_HAL_Driver/Src/stm32l4xx_hal_pwr.o"
arm-none-eabi-gcc "../Drivers/STM32L4xx_HAL_Driver/Src/stm32l4xx_hal_pwr_ex.c" -mcpu=cortex-m4 -std=gnu11 -g3 -DDEBUG -DUSE_HAL_DRIVER -DSTM32L412xx -c -I../Core/Inc -I../Drivers/STM32L4xx_HAL_Driver/Inc -I../Drivers/STM32L4xx_HAL_Driver/Inc/Legacy -I../Drivers/CMSIS/Device/ST/STM32L4xx/Include -I../Drivers/CMSIS/Include -O0 -ffunction-sections -fdata-sections -Wall -fstack-usage -fcyclomatic-complexity -MMD -MP -MF"Drivers/STM32L4xx_HAL_Driver/Src/stm32l4xx_hal_pwr_ex.d" -MT"Drivers/STM32L4xx_HAL_Driver/Src/stm32l4xx_hal_pwr_ex.o" --specs=nano.specs -mfpu=fpv4-sp-d16 -mfloat-abi=hard -mthumb -o "Drivers/STM32L4xx_HAL_Driver/Src/stm32l4xx_hal_pwr_ex.o"
arm-none-eabi-gcc "../Drivers/STM32L4xx_HAL_Driver/Src/stm32l4xx_hal_rcc.c" -mcpu=cortex-m4 -std=gnu11 -g3 -DDEBUG -DUSE_HAL_DRIVER -DSTM32L412xx -c -I../Core/Inc -I../Drivers/STM32L4xx_HAL_Driver/Inc -I../Drivers/STM32L4xx_HAL_Driver/Inc/Legacy -I../Drivers/CMSIS/Device/ST/STM32L4xx/Include -I../Drivers/CMSIS/Include -O0 -ffunction-sections -fdata-sections -Wall -fstack-usage -fcyclomatic-complexity -MMD -MP -MF"Drivers/STM32L4xx_HAL_Driver/Src/stm32l4xx_hal_rcc.d" -MT"Drivers/STM32L4xx_HAL_Driver/Src/stm32l4xx_hal_rcc.o" --specs=nano.specs -mfpu=fpv4-sp-d16 -mfloat-abi=hard -mthumb -o "Drivers/STM32L4xx_HAL_Driver/Src/stm32l4xx_hal_rcc.o"
arm-none-eabi-gcc "../Drivers/STM32L4xx_HAL_Driver/Src/stm32l4xx_hal_rcc_ex.c" -mcpu=cortex-m4 -std=gnu11 -g3 -DDEBUG -DUSE_HAL_DRIVER -DSTM32L412xx -c -I../Core/Inc -I../Drivers/STM32L4xx_HAL_Driver/Inc -I../Drivers/STM32L4xx_HAL_Driver/Inc/Legacy -I../Drivers/CMSIS/Device/ST/STM32L4xx/Include -I../Drivers/CMSIS/Include -O0 -ffunction-sections -fdata-sections -Wall -fstack-usage -fcyclomatic-complexity -MMD -MP -MF"Drivers/STM32L4xx_HAL_Driver/Src/stm32l4xx_hal_rcc_ex.d" -MT"Drivers/STM32L4xx_HAL_Driver/Src/stm32l4xx_hal_rcc_ex.o" --specs=nano.specs -mfpu=fpv4-sp-d16 -mfloat-abi=hard -mthumb -o "Drivers/STM32L4xx_HAL_Driver/Src/stm32l4xx_hal_rcc_ex.o"
arm-none-eabi-gcc "../Drivers/STM32L4xx_HAL_Driver/Src/stm32l4xx_hal_uart.c" -mcpu=cortex-m4 -std=gnu11 -g3 -DDEBUG -DUSE_HAL_DRIVER -DSTM32L412xx -c -I../Core/Inc -I../Drivers/STM32L4xx_HAL_Driver/Inc -I../Drivers/STM32L4xx_HAL_Driver/Inc/Legacy -I../Drivers/CMSIS/Device/ST/STM32L4xx/Include -I../Drivers/CMSIS/Include -O0 -ffunction-sections -fdata-sections -Wall -fstack-usage -fcyclomatic-complexity -MMD -MP -MF"Drivers/STM32L4xx_HAL_Driver/Src/stm32l4xx_hal_uart.d" -MT"Drivers/STM32L4xx_HAL_Driver/Src/stm32l4xx_hal_uart.o" --specs=nano.specs -mfpu=fpv4-sp-d16 -mfloat-abi=hard -mthumb -o "Drivers/STM32L4xx_HAL_Driver/Src/stm32l4xx_hal_uart.o"
arm-none-eabi-gcc "../Drivers/STM32L4xx_HAL_Driver/Src/stm32l4xx_hal_uart_ex.c" -mcpu=cortex-m4 -std=gnu11 -g3 -DDEBUG -DUSE_HAL_DRIVER -DSTM32L412xx -c -I../Core/Inc -I../Drivers/STM32L4xx_HAL_Driver/Inc -I../Drivers/STM32L4xx_HAL_Driver/Inc/Legacy -I../Drivers/CMSIS/Device/ST/STM32L4xx/Include -I../Drivers/CMSIS/Include -O0 -ffunction-sections -fdata-sections -Wall -fstack-usage -fcyclomatic-complexity -MMD -MP -MF"Drivers/STM32L4xx_HAL_Driver/Src/stm32l4xx_hal_uart_ex.d" -MT"Drivers/STM32L4xx_HAL_Driver/Src/stm32l4xx_hal_uart_ex.o" --specs=nano.specs -mfpu=fpv4-sp-d16 -mfloat-abi=hard -mthumb -o "Drivers/STM32L4xx_HAL_Driver/Src/stm32l4xx_hal_uart_ex.o"
arm-none-eabi-gcc -mcpu=cortex-m4 -g3 -DDEBUG -c -x assembler-with-cpp -MMD -MP -MF"Core/Startup/startup_stm32l412rbtxp.d" -MT"Core/Startup/startup_stm32l412rbtxp.o" --specs=nano.specs -mfpu=fpv4-sp-d16 -mfloat-abi=hard -mthumb -o "Core/Startup/startup_stm32l412rbtxp.o" "../Core/Startup/startup_stm32l412rbtxp.s"
arm-none-eabi-gcc "../Core/Src/ds1302.c" -mcpu=cortex-m4 -std=gnu11 -g3 -DDEBUG -DUSE_HAL_DRIVER -DSTM32L412xx -c -I../Core/Inc -I../Drivers/STM32L4xx_HAL_Driver/Inc -I../Drivers/STM32L4xx_HAL_Driver/Inc/Legacy -I../Drivers/CMSIS/Device/ST/STM32L4xx/Include -I../Drivers/CMSIS/Include -O0 -ffunction-sections -fdata-sections -Wall -fstack-usage -fcyclomatic-complexity -MMD -MP -MF"Core/Src/ds1302.d" -MT"Core/Src/ds1302.o" --specs=nano.specs -mfpu=fpv4-sp-d16 -mfloat-abi=hard -mthumb -o "Core/Src/ds1302.o"
arm-none-eabi-gcc "../Core/Src/main.c" -mcpu=cortex-m4 -std=gnu11 -g3 -DDEBUG -DUSE_HAL_DRIVER -DSTM32L412xx -c -I../Core/Inc -I../Drivers/STM32L4xx_HAL_Driver/Inc -I../Drivers/STM32L4xx_HAL_Driver/Inc/Legacy -I../Drivers/CMSIS/Device/ST/STM32L4xx/Include -I../Drivers/CMSIS/Include -O0 -ffunction-sections -fdata-sections -Wall -fstack-usage -fcyclomatic-complexity -MMD -MP -MF"Core/Src/main.d" -MT"Core/Src/main.o" --specs=nano.specs -mfpu=fpv4-sp-d16 -mfloat-abi=hard -mthumb -o "Core/Src/main.o"
arm-none-eabi-gcc "../Core/Src/stm32l4xx_hal_msp.c" -mcpu=cortex-m4 -std=gnu11 -g3 -DDEBUG -DUSE_HAL_DRIVER -DSTM32L412xx -c -I../Core/Inc -I../Drivers/STM32L4xx_HAL_Driver/Inc -I../Drivers/STM32L4xx_HAL_Driver/Inc/Legacy -I../Drivers/CMSIS/Device/ST/STM32L4xx/Include -I../Drivers/CMSIS/Include -O0 -ffunction-sections -fdata-sections -Wall -fstack-usage -fcyclomatic-complexity -MMD -MP -MF"Core/Src/stm32l4xx_hal_msp.d" -MT"Core/Src/stm32l4xx_hal_msp.o" --specs=nano.specs -mfpu=fpv4-sp-d16 -mfloat-abi=hard -mthumb -o "Core/Src/stm32l4xx_hal_msp.o"
arm-none-eabi-gcc "../Core/Src/stm32l4xx_it.c" -mcpu=cortex-m4 -std=gnu11 -g3 -DDEBUG -DUSE_HAL_DRIVER -DSTM32L412xx -c -I../Core/Inc -I../Drivers/STM32L4xx_HAL_Driver/Inc -I../Drivers/STM32L4xx_HAL_Driver/Inc/Legacy -I../Drivers/CMSIS/Device/ST/STM32L4xx/Include -I../Drivers/CMSIS/Include -O0 -ffunction-sections -fdata-sections -Wall -fstack-usage -fcyclomatic-complexity -MMD -MP -MF"Core/Src/stm32l4xx_it.d" -MT"Core/Src/stm32l4xx_it.o" --specs=nano.specs -mfpu=fpv4-sp-d16 -mfloat-abi=hard -mthumb -o "Core/Src/stm32l4xx_it.o"
arm-none-eabi-gcc "../Core/Src/syscalls.c" -mcpu=cortex-m4 -std=gnu11 -g3 -DDEBUG -DUSE_HAL_DRIVER -DSTM32L412xx -c -I../Core/Inc -I../Drivers/STM32L4xx_HAL_Driver/Inc -I../Drivers/STM32L4xx_HAL_Driver/Inc/Legacy -I../Drivers/CMSIS/Device/ST/STM32L4xx/Include -I../Drivers/CMSIS/Include -O0 -ffunction-sections -fdata-sections -Wall -fstack-usage -fcyclomatic-complexity -MMD -MP -MF"Core/Src/syscalls.d" -MT"Core/Src/syscalls.o" --specs=nano.specs -mfpu=fpv4-sp-d16 -mfloat-abi=hard -mthumb -o "Core/Src/syscalls.o"
arm-none-eabi-gcc "../Core/Src/sysmem.c" -mcpu=cortex-m4 -std=gnu11 -g3 -DDEBUG -DUSE_HAL_DRIVER -DSTM32L412xx -c -I../Core/Inc -I../Drivers/STM32L4xx_HAL_Driver/Inc -I../Drivers/STM32L4xx_HAL_Driver/Inc/Legacy -I../Drivers/CMSIS/Device/ST/STM32L4xx/Include -I../Drivers/CMSIS/Include -O0 -ffunction-sections -fdata-sections -Wall -fstack-usage -fcyclomatic-complexity -MMD -MP -MF"Core/Src/sysmem.d" -MT"Core/Src/sysmem.o" --specs=nano.specs -mfpu=fpv4-sp-d16 -mfloat-abi=hard -mthumb -o "Core/Src/sysmem.o"
arm-none-eabi-gcc "../Core/Src/system_stm32l4xx.c" -mcpu=cortex-m4 -std=gnu11 -g3 -DDEBUG -DUSE_HAL_DRIVER -DSTM32L412xx -c -I../Core/Inc -I../Drivers/STM32L4xx_HAL_Driver/Inc -I../Drivers/STM32L4xx_HAL_Driver/Inc/Legacy -I../Drivers/CMSIS/Device/ST/STM32L4xx/Include -I../Drivers/CMSIS/Include -O0 -ffunction-sections -fdata-sections -Wall -fstack-usage -fcyclomatic-complexity -MMD -MP -MF"Core/Src/system_stm32l4xx.d" -MT"Core/Src/system_stm32l4xx.o" --specs=nano.specs -mfpu=fpv4-sp-d16 -mfloat-abi=hard -mthumb -o "Core/Src/system_stm32l4xx.o"
../Core/Src/ds1302.c: In function 'days':
../Core/Src/ds1302.c:50:10: warning: returning 'const char * (*)(uint8_t)' {aka 'const char * (*)(unsigned char)'} from a function with incompatible return type 'const char *' [-Wincompatible-pointer-types]
   50 |   return days;
      |          ^~~~
arm-none-eabi-gcc -o "ch4_I2C.elf" @"objects.list"   -mcpu=cortex-m4 -T"C:\Users\CAMMSYS\STM32CubeIDE\workspace_1.19.0\ch4_I2C\STM32L412RBTXP_FLASH.ld" --specs=nosys.specs -Wl,-Map="ch4_I2C.map" -Wl,--gc-sections -static --specs=nano.specs -mfpu=fpv4-sp-d16 -mfloat-abi=hard -mthumb -Wl,--start-group -lc -lm -Wl,--end-group
C:/ST/STM32CubeIDE_1.19.0/STM32CubeIDE/plugins/com.st.stm32cube.ide.mcu.externaltools.gnu-tools-for-stm32.13.3.rel1.win32_1.0.0.202411081344/tools/bin/../lib/gcc/arm-none-eabi/13.3.1/../../../../arm-none-eabi/bin/ld.exe: ./Core/Src/main.o:C:/Users/CAMMSYS/STM32CubeIDE/workspace_1.19.0/ch4_I2C/Debug/../Core/Inc/ds1302.h:57: multiple definition of `now'; ./Core/Src/ds1302.o:C:/Users/CAMMSYS/STM32CubeIDE/workspace_1.19.0/ch4_I2C/Debug/../Core/Inc/ds1302.h:57: first defined here
collect2.exe: error: ld returned 1 exit status
make: *** [makefile:64: ch4_I2C.elf] Error 1
"make -j20 all" terminated with exit code 2. Build might be incomplete.
10:14:41 **** Incremental Build of configuration Debug for project ch4_I2C ****
make -j20 all 
arm-none-eabi-gcc "../Core/Src/main.c" -mcpu=cortex-m4 -std=gnu11 -g3 -DDEBUG -DUSE_HAL_DRIVER -DSTM32L412xx -c -I../Core/Inc -I../Drivers/STM32L4xx_HAL_Driver/Inc -I../Drivers/STM32L4xx_HAL_Driver/Inc/Legacy -I../Drivers/CMSIS/Device/ST/STM32L4xx/Include -I../Drivers/CMSIS/Include -O0 -ffunction-sections -fdata-sections -Wall -fstack-usage -fcyclomatic-complexity -MMD -MP -MF"Core/Src/main.d" -MT"Core/Src/main.o" --specs=nano.specs -mfpu=fpv4-sp-d16 -mfloat-abi=hard -mthumb -o "Core/Src/main.o"
arm-none-eabi-gcc -o "ch4_I2C.elf" @"objects.list"   -mcpu=cortex-m4 -T"C:\Users\CAMMSYS\STM32CubeIDE\workspace_1.19.0\ch4_I2C\STM32L412RBTXP_FLASH.ld" --specs=nosys.specs -Wl,-Map="ch4_I2C.map" -Wl,--gc-sections -static --specs=nano.specs -mfpu=fpv4-sp-d16 -mfloat-abi=hard -mthumb -Wl,--start-group -lc -lm -Wl,--end-group
C:/ST/STM32CubeIDE_1.19.0/STM32CubeIDE/plugins/com.st.stm32cube.ide.mcu.externaltools.gnu-tools-for-stm32.13.3.rel1.win32_1.0.0.202411081344/tools/bin/../lib/gcc/arm-none-eabi/13.3.1/../../../../arm-none-eabi/bin/ld.exe: ./Core/Src/main.o:C:/Users/CAMMSYS/STM32CubeIDE/workspace_1.19.0/ch4_I2C/Debug/../Core/Inc/ds1302.h:57: multiple definition of `now'; ./Core/Src/ds1302.o:C:/Users/CAMMSYS/STM32CubeIDE/workspace_1.19.0/ch4_I2C/Debug/../Core/Inc/ds1302.h:57: first defined here
collect2.exe: error: ld returned 1 exit status
make: *** [makefile:64: ch4_I2C.elf] Error 1
"make -j20 all" terminated with exit code 2. Build might be incomplete.
10:15:37 **** Incremental Build of configuration Debug for project ch4_I2C ****
make -j20 all 
arm-none-eabi-gcc "../Core/Src/ds1302.c" -mcpu=cortex-m4 -std=gnu11 -g3 -DDEBUG -DUSE_HAL_DRIVER -DSTM32L412xx -c -I../Core/Inc -I../Drivers/STM32L4xx_HAL_Driver/Inc -I../Drivers/STM32L4xx_HAL_Driver/Inc/Legacy -I../Drivers/CMSIS/Device/ST/STM32L4xx/Include -I../Drivers/CMSIS/Include -O0 -ffunction-sections -fdata-sections -Wall -fstack-usage -fcyclomatic-complexity -MMD -MP -MF"Core/Src/ds1302.d" -MT"Core/Src/ds1302.o" --specs=nano.specs -mfpu=fpv4-sp-d16 -mfloat-abi=hard -mthumb -o "Core/Src/ds1302.o"
arm-none-eabi-gcc "../Core/Src/main.c" -mcpu=cortex-m4 -std=gnu11 -g3 -DDEBUG -DUSE_HAL_DRIVER -DSTM32L412xx -c -I../Core/Inc -I../Drivers/STM32L4xx_HAL_Driver/Inc -I../Drivers/STM32L4xx_HAL_Driver/Inc/Legacy -I../Drivers/CMSIS/Device/ST/STM32L4xx/Include -I../Drivers/CMSIS/Include -O0 -ffunction-sections -fdata-sections -Wall -fstack-usage -fcyclomatic-complexity -MMD -MP -MF"Core/Src/main.d" -MT"Core/Src/main.o" --specs=nano.specs -mfpu=fpv4-sp-d16 -mfloat-abi=hard -mthumb -o "Core/Src/main.o"
../Core/Src/ds1302.c: In function 'days':
../Core/Src/ds1302.c:50:10: warning: returning 'const char * (*)(uint8_t)' {aka 'const char * (*)(unsigned char)'} from a function with incompatible return type 'const char *' [-Wincompatible-pointer-types]
   50 |   return days;
      |          ^~~~
../Core/Src/ds1302.c: In function 'burst_mode':
../Core/Src/ds1302.c:57:12: warning: variable 'now' set but not used [-Wunused-but-set-variable]
   57 |   rtc_time now;
      |            ^~~
arm-none-eabi-gcc -o "ch4_I2C.elf" @"objects.list"   -mcpu=cortex-m4 -T"C:\Users\CAMMSYS\STM32CubeIDE\workspace_1.19.0\ch4_I2C\STM32L412RBTXP_FLASH.ld" --specs=nosys.specs -Wl,-Map="ch4_I2C.map" -Wl,--gc-sections -static --specs=nano.specs -mfpu=fpv4-sp-d16 -mfloat-abi=hard -mthumb -Wl,--start-group -lc -lm -Wl,--end-group
Finished building target: ch4_I2C.elf
 
arm-none-eabi-size  ch4_I2C.elf 
arm-none-eabi-objdump -h -S ch4_I2C.elf  > "ch4_I2C.list"
   text	   data	    bss	    dec	    hex	filename
  17020	    104	   2040	  19164	   4adc	ch4_I2C.elf
Finished building: default.size.stdout
 
Finished building: ch4_I2C.list
 
10:20:12 **** Incremental Build of configuration Debug for project ch4_I2C ****
make -j20 all 
arm-none-eabi-gcc "../Core/Src/ds1302.c" -mcpu=cortex-m4 -std=gnu11 -g3 -DDEBUG -DUSE_HAL_DRIVER -DSTM32L412xx -c -I../Core/Inc -I../Drivers/STM32L4xx_HAL_Driver/Inc -I../Drivers/STM32L4xx_HAL_Driver/Inc/Legacy -I../Drivers/CMSIS/Device/ST/STM32L4xx/Include -I../Drivers/CMSIS/Include -O0 -ffunction-sections -fdata-sections -Wall -fstack-usage -fcyclomatic-complexity -MMD -MP -MF"Core/Src/ds1302.d" -MT"Core/Src/ds1302.o" --specs=nano.specs -mfpu=fpv4-sp-d16 -mfloat-abi=hard -mthumb -o "Core/Src/ds1302.o"
arm-none-eabi-gcc "../Core/Src/main.c" -mcpu=cortex-m4 -std=gnu11 -g3 -DDEBUG -DUSE_HAL_DRIVER -DSTM32L412xx -c -I../Core/Inc -I../Drivers/STM32L4xx_HAL_Driver/Inc -I../Drivers/STM32L4xx_HAL_Driver/Inc/Legacy -I../Drivers/CMSIS/Device/ST/STM32L4xx/Include -I../Drivers/CMSIS/Include -O0 -ffunction-sections -fdata-sections -Wall -fstack-usage -fcyclomatic-complexity -MMD -MP -MF"Core/Src/main.d" -MT"Core/Src/main.o" --specs=nano.specs -mfpu=fpv4-sp-d16 -mfloat-abi=hard -mthumb -o "Core/Src/main.o"
../Core/Src/ds1302.c: In function 'days':
../Core/Src/ds1302.c:50:10: warning: returning 'const char * (*)(uint8_t)' {aka 'const char * (*)(unsigned char)'} from a function with incompatible return type 'const char *' [-Wincompatible-pointer-types]
   50 |   return days;
      |          ^~~~
../Core/Src/ds1302.c: In function 'burst_mode':
../Core/Src/ds1302.c:57:12: warning: variable 'now' set but not used [-Wunused-but-set-variable]
   57 |   rtc_time now;
      |            ^~~
../Core/Src/main.c: In function 'main':
../Core/Src/main.c:147:34: error: 'now' undeclared (first use in this function)
  147 |   printf("test now.sec %d \r\n", now.sec);
      |                                  ^~~
../Core/Src/main.c:147:34: note: each undeclared identifier is reported only once for each function it appears in
make: *** [Core/Src/subdir.mk:37: Core/Src/main.o] Error 1
make: *** Waiting for unfinished jobs....
"make -j20 all" terminated with exit code 2. Build might be incomplete.
10:20:35 **** Incremental Build of configuration Debug for project ch4_I2C ****
make -j20 all 
arm-none-eabi-gcc "../Core/Src/main.c" -mcpu=cortex-m4 -std=gnu11 -g3 -DDEBUG -DUSE_HAL_DRIVER -DSTM32L412xx -c -I../Core/Inc -I../Drivers/STM32L4xx_HAL_Driver/Inc -I../Drivers/STM32L4xx_HAL_Driver/Inc/Legacy -I../Drivers/CMSIS/Device/ST/STM32L4xx/Include -I../Drivers/CMSIS/Include -O0 -ffunction-sections -fdata-sections -Wall -fstack-usage -fcyclomatic-complexity -MMD -MP -MF"Core/Src/main.d" -MT"Core/Src/main.o" --specs=nano.specs -mfpu=fpv4-sp-d16 -mfloat-abi=hard -mthumb -o "Core/Src/main.o"
../Core/Src/main.c: In function 'main':
../Core/Src/main.c:147:37: warning: 'now.sec' is used uninitialized [-Wuninitialized]
  147 |   printf("test now.sec %d \r\n", now.sec);
      |                                  ~~~^~~~
../Core/Src/main.c:122:12: note: 'now' declared here
  122 |   rtc_time now ;
      |            ^~~
arm-none-eabi-gcc -o "ch4_I2C.elf" @"objects.list"   -mcpu=cortex-m4 -T"C:\Users\CAMMSYS\STM32CubeIDE\workspace_1.19.0\ch4_I2C\STM32L412RBTXP_FLASH.ld" --specs=nosys.specs -Wl,-Map="ch4_I2C.map" -Wl,--gc-sections -static --specs=nano.specs -mfpu=fpv4-sp-d16 -mfloat-abi=hard -mthumb -Wl,--start-group -lc -lm -Wl,--end-group
Finished building target: ch4_I2C.elf
 
arm-none-eabi-size  ch4_I2C.elf 
arm-none-eabi-objdump -h -S ch4_I2C.elf  > "ch4_I2C.list"
   text	   data	    bss	    dec	    hex	filename
  17160	    104	   2040	  19304	   4b68	ch4_I2C.elf
Finished building: default.size.stdout
 
Finished building: ch4_I2C.list
 
10:20:51 **** Incremental Build of configuration Debug for project ch4_I2C ****
make -j20 all 
arm-none-eabi-size  ch4_I2C.elf 
   text	   data	    bss	    dec	    hex	filename
  17160	    104	   2040	  19304	   4b68	ch4_I2C.elf
Finished building: default.size.stdout
 
10:21:20 **** Incremental Build of configuration Debug for project ch4_I2C ****
make -j20 all 
arm-none-eabi-gcc "../Core/Src/ds1302.c" -mcpu=cortex-m4 -std=gnu11 -g3 -DDEBUG -DUSE_HAL_DRIVER -DSTM32L412xx -c -I../Core/Inc -I../Drivers/STM32L4xx_HAL_Driver/Inc -I../Drivers/STM32L4xx_HAL_Driver/Inc/Legacy -I../Drivers/CMSIS/Device/ST/STM32L4xx/Include -I../Drivers/CMSIS/Include -O0 -ffunction-sections -fdata-sections -Wall -fstack-usage -fcyclomatic-complexity -MMD -MP -MF"Core/Src/ds1302.d" -MT"Core/Src/ds1302.o" --specs=nano.specs -mfpu=fpv4-sp-d16 -mfloat-abi=hard -mthumb -o "Core/Src/ds1302.o"
../Core/Src/ds1302.c: In function 'days':
../Core/Src/ds1302.c:50:10: warning: returning 'const char * (*)(uint8_t)' {aka 'const char * (*)(unsigned char)'} from a function with incompatible return type 'const char *' [-Wincompatible-pointer-types]
   50 |   return days;
      |          ^~~~
../Core/Src/ds1302.c: In function 'burst_mode':
../Core/Src/ds1302.c:62:3: error: 'now' undeclared (first use in this function)
   62 |   now.sec = DS1302_ReadByte();
      |   ^~~
../Core/Src/ds1302.c:62:3: note: each undeclared identifier is reported only once for each function it appears in
make: *** [Core/Src/subdir.mk:37: Core/Src/ds1302.o] Error 1
"make -j20 all" terminated with exit code 2. Build might be incomplete.
10:27:08 **** Incremental Build of configuration Debug for project ch4_I2C ****
make -j20 all 
arm-none-eabi-gcc "../Core/Src/ds1302.c" -mcpu=cortex-m4 -std=gnu11 -g3 -DDEBUG -DUSE_HAL_DRIVER -DSTM32L412xx -c -I../Core/Inc -I../Drivers/STM32L4xx_HAL_Driver/Inc -I../Drivers/STM32L4xx_HAL_Driver/Inc/Legacy -I../Drivers/CMSIS/Device/ST/STM32L4xx/Include -I../Drivers/CMSIS/Include -O0 -ffunction-sections -fdata-sections -Wall -fstack-usage -fcyclomatic-complexity -MMD -MP -MF"Core/Src/ds1302.d" -MT"Core/Src/ds1302.o" --specs=nano.specs -mfpu=fpv4-sp-d16 -mfloat-abi=hard -mthumb -o "Core/Src/ds1302.o"
arm-none-eabi-gcc "../Core/Src/main.c" -mcpu=cortex-m4 -std=gnu11 -g3 -DDEBUG -DUSE_HAL_DRIVER -DSTM32L412xx -c -I../Core/Inc -I../Drivers/STM32L4xx_HAL_Driver/Inc -I../Drivers/STM32L4xx_HAL_Driver/Inc/Legacy -I../Drivers/CMSIS/Device/ST/STM32L4xx/Include -I../Drivers/CMSIS/Include -O0 -ffunction-sections -fdata-sections -Wall -fstack-usage -fcyclomatic-complexity -MMD -MP -MF"Core/Src/main.d" -MT"Core/Src/main.o" --specs=nano.specs -mfpu=fpv4-sp-d16 -mfloat-abi=hard -mthumb -o "Core/Src/main.o"
../Core/Src/ds1302.c: In function 'days':
../Core/Src/ds1302.c:50:10: warning: returning 'const char * (*)(uint8_t)' {aka 'const char * (*)(unsigned char)'} from a function with incompatible return type 'const char *' [-Wincompatible-pointer-types]
   50 |   return days;
      |          ^~~~
../Core/Src/main.c: In function 'main':
../Core/Src/main.c:148:37: warning: 'now.sec' is used uninitialized [-Wuninitialized]
  148 |   printf("test now.sec %d \r\n", now.sec);
      |                                  ~~~^~~~
../Core/Src/main.c:145:12: note: 'now' declared here
  145 |   rtc_time now;
      |            ^~~
arm-none-eabi-gcc -o "ch4_I2C.elf" @"objects.list"   -mcpu=cortex-m4 -T"C:\Users\CAMMSYS\STM32CubeIDE\workspace_1.19.0\ch4_I2C\STM32L412RBTXP_FLASH.ld" --specs=nosys.specs -Wl,-Map="ch4_I2C.map" -Wl,--gc-sections -static --specs=nano.specs -mfpu=fpv4-sp-d16 -mfloat-abi=hard -mthumb -Wl,--start-group -lc -lm -Wl,--end-group
Finished building target: ch4_I2C.elf
 
arm-none-eabi-size  ch4_I2C.elf 
arm-none-eabi-objdump -h -S ch4_I2C.elf  > "ch4_I2C.list"
   text	   data	    bss	    dec	    hex	filename
  17472	    104	   2040	  19616	   4ca0	ch4_I2C.elf
Finished building: default.size.stdout
 
Finished building: ch4_I2C.list
 
10:27:14 **** Incremental Build of configuration Debug for project ch4_I2C ****
make -j20 all 
arm-none-eabi-size  ch4_I2C.elf 
   text	   data	    bss	    dec	    hex	filename
  17472	    104	   2040	  19616	   4ca0	ch4_I2C.elf
Finished building: default.size.stdout
 
10:30:06 **** Incremental Build of configuration Debug for project ch4_I2C ****
make -j20 all 
arm-none-eabi-gcc "../Core/Src/main.c" -mcpu=cortex-m4 -std=gnu11 -g3 -DDEBUG -DUSE_HAL_DRIVER -DSTM32L412xx -c -I../Core/Inc -I../Drivers/STM32L4xx_HAL_Driver/Inc -I../Drivers/STM32L4xx_HAL_Driver/Inc/Legacy -I../Drivers/CMSIS/Device/ST/STM32L4xx/Include -I../Drivers/CMSIS/Include -O0 -ffunction-sections -fdata-sections -Wall -fstack-usage -fcyclomatic-complexity -MMD -MP -MF"Core/Src/main.d" -MT"Core/Src/main.o" --specs=nano.specs -mfpu=fpv4-sp-d16 -mfloat-abi=hard -mthumb -o "Core/Src/main.o"
../Core/Src/main.c: In function 'main':
../Core/Src/main.c:145:12: warning: unused variable 'now' [-Wunused-variable]
  145 |   rtc_time now;
      |            ^~~
arm-none-eabi-gcc -o "ch4_I2C.elf" @"objects.list"   -mcpu=cortex-m4 -T"C:\Users\CAMMSYS\STM32CubeIDE\workspace_1.19.0\ch4_I2C\STM32L412RBTXP_FLASH.ld" --specs=nosys.specs -Wl,-Map="ch4_I2C.map" -Wl,--gc-sections -static --specs=nano.specs -mfpu=fpv4-sp-d16 -mfloat-abi=hard -mthumb -Wl,--start-group -lc -lm -Wl,--end-group
Finished building target: ch4_I2C.elf
 
arm-none-eabi-size  ch4_I2C.elf 
arm-none-eabi-objdump -h -S ch4_I2C.elf  > "ch4_I2C.list"
   text	   data	    bss	    dec	    hex	filename
  16812	    104	   2040	  18956	   4a0c	ch4_I2C.elf
Finished building: default.size.stdout
 
Finished building: ch4_I2C.list
 
10:30:16 **** Incremental Build of configuration Debug for project ch4_I2C ****
make -j20 all 
arm-none-eabi-size  ch4_I2C.elf 
   text	   data	    bss	    dec	    hex	filename
  16812	    104	   2040	  18956	   4a0c	ch4_I2C.elf
Finished building: default.size.stdout
 
10:33:08 **** Incremental Build of configuration Debug for project ch4_I2C ****
make -j20 all 
arm-none-eabi-gcc "../Core/Src/main.c" -mcpu=cortex-m4 -std=gnu11 -g3 -DDEBUG -DUSE_HAL_DRIVER -DSTM32L412xx -c -I../Core/Inc -I../Drivers/STM32L4xx_HAL_Driver/Inc -I../Drivers/STM32L4xx_HAL_Driver/Inc/Legacy -I../Drivers/CMSIS/Device/ST/STM32L4xx/Include -I../Drivers/CMSIS/Include -O0 -ffunction-sections -fdata-sections -Wall -fstack-usage -fcyclomatic-complexity -MMD -MP -MF"Core/Src/main.d" -MT"Core/Src/main.o" --specs=nano.specs -mfpu=fpv4-sp-d16 -mfloat-abi=hard -mthumb -o "Core/Src/main.o"
arm-none-eabi-gcc -o "ch4_I2C.elf" @"objects.list"   -mcpu=cortex-m4 -T"C:\Users\CAMMSYS\STM32CubeIDE\workspace_1.19.0\ch4_I2C\STM32L412RBTXP_FLASH.ld" --specs=nosys.specs -Wl,-Map="ch4_I2C.map" -Wl,--gc-sections -static --specs=nano.specs -mfpu=fpv4-sp-d16 -mfloat-abi=hard -mthumb -Wl,--start-group -lc -lm -Wl,--end-group
Finished building target: ch4_I2C.elf
 
arm-none-eabi-size  ch4_I2C.elf 
arm-none-eabi-objdump -h -S ch4_I2C.elf  > "ch4_I2C.list"
   text	   data	    bss	    dec	    hex	filename
  16812	    104	   2040	  18956	   4a0c	ch4_I2C.elf
Finished building: default.size.stdout
 
Finished building: ch4_I2C.list
 
10:33:24 **** Incremental Build of configuration Debug for project ch4_I2C ****
make -j20 all 
arm-none-eabi-size  ch4_I2C.elf 
   text	   data	    bss	    dec	    hex	filename
  16812	    104	   2040	  18956	   4a0c	ch4_I2C.elf
Finished building: default.size.stdout
 
10:36:46 **** Incremental Build of configuration Debug for project ch4_I2C ****
make -j20 all 
arm-none-eabi-gcc "../Core/Src/ds1302.c" -mcpu=cortex-m4 -std=gnu11 -g3 -DDEBUG -DUSE_HAL_DRIVER -DSTM32L412xx -c -I../Core/Inc -I../Drivers/STM32L4xx_HAL_Driver/Inc -I../Drivers/STM32L4xx_HAL_Driver/Inc/Legacy -I../Drivers/CMSIS/Device/ST/STM32L4xx/Include -I../Drivers/CMSIS/Include -O0 -ffunction-sections -fdata-sections -Wall -fstack-usage -fcyclomatic-complexity -MMD -MP -MF"Core/Src/ds1302.d" -MT"Core/Src/ds1302.o" --specs=nano.specs -mfpu=fpv4-sp-d16 -mfloat-abi=hard -mthumb -o "Core/Src/ds1302.o"
arm-none-eabi-gcc "../Core/Src/main.c" -mcpu=cortex-m4 -std=gnu11 -g3 -DDEBUG -DUSE_HAL_DRIVER -DSTM32L412xx -c -I../Core/Inc -I../Drivers/STM32L4xx_HAL_Driver/Inc -I../Drivers/STM32L4xx_HAL_Driver/Inc/Legacy -I../Drivers/CMSIS/Device/ST/STM32L4xx/Include -I../Drivers/CMSIS/Include -O0 -ffunction-sections -fdata-sections -Wall -fstack-usage -fcyclomatic-complexity -MMD -MP -MF"Core/Src/main.d" -MT"Core/Src/main.o" --specs=nano.specs -mfpu=fpv4-sp-d16 -mfloat-abi=hard -mthumb -o "Core/Src/main.o"
../Core/Src/ds1302.c: In function 'days':
../Core/Src/ds1302.c:50:10: warning: returning 'const char * (*)(uint8_t)' {aka 'const char * (*)(unsigned char)'} from a function with incompatible return type 'const char *' [-Wincompatible-pointer-types]
   50 |   return days;
      |          ^~~~
arm-none-eabi-gcc -o "ch4_I2C.elf" @"objects.list"   -mcpu=cortex-m4 -T"C:\Users\CAMMSYS\STM32CubeIDE\workspace_1.19.0\ch4_I2C\STM32L412RBTXP_FLASH.ld" --specs=nosys.specs -Wl,-Map="ch4_I2C.map" -Wl,--gc-sections -static --specs=nano.specs -mfpu=fpv4-sp-d16 -mfloat-abi=hard -mthumb -Wl,--start-group -lc -lm -Wl,--end-group
Finished building target: ch4_I2C.elf
 
arm-none-eabi-size  ch4_I2C.elf 
arm-none-eabi-objdump -h -S ch4_I2C.elf  > "ch4_I2C.list"
   text	   data	    bss	    dec	    hex	filename
  16812	    104	   2040	  18956	   4a0c	ch4_I2C.elf
Finished building: default.size.stdout
 
Finished building: ch4_I2C.list
 
10:45:32 **** Incremental Build of configuration Debug for project ch4_I2C ****
make -j20 all 
arm-none-eabi-gcc "../Core/Src/ds1302.c" -mcpu=cortex-m4 -std=gnu11 -g3 -DDEBUG -DUSE_HAL_DRIVER -DSTM32L412xx -c -I../Core/Inc -I../Drivers/STM32L4xx_HAL_Driver/Inc -I../Drivers/STM32L4xx_HAL_Driver/Inc/Legacy -I../Drivers/CMSIS/Device/ST/STM32L4xx/Include -I../Drivers/CMSIS/Include -O0 -ffunction-sections -fdata-sections -Wall -fstack-usage -fcyclomatic-complexity -MMD -MP -MF"Core/Src/ds1302.d" -MT"Core/Src/ds1302.o" --specs=nano.specs -mfpu=fpv4-sp-d16 -mfloat-abi=hard -mthumb -o "Core/Src/ds1302.o"
../Core/Src/ds1302.c: In function 'days':
../Core/Src/ds1302.c:50:10: warning: returning 'const char * (*)(uint8_t)' {aka 'const char * (*)(unsigned char)'} from a function with incompatible return type 'const char *' [-Wincompatible-pointer-types]
   50 |   return days;
      |          ^~~~
../Core/Src/ds1302.c: In function 'burst_mode':
../Core/Src/ds1302.c:67:11: warning: assignment to 'uint8_t' {aka 'unsigned char'} from 'const char *' makes integer from pointer without a cast [-Wint-conversion]
   67 |   now.Day = days(DS1302_ReadByte());
      |           ^
../Core/Src/ds1302.c:76:25: warning: format '%s' expects argument of type 'char *', but argument 2 has type 'int' [-Wformat=]
   76 |   printf("[] Read Day: %s \r\n", now.Day);
      |                        ~^        ~~~~~~~
      |                         |           |
      |                         char *      int
      |                        %d
arm-none-eabi-gcc -o "ch4_I2C.elf" @"objects.list"   -mcpu=cortex-m4 -T"C:\Users\CAMMSYS\STM32CubeIDE\workspace_1.19.0\ch4_I2C\STM32L412RBTXP_FLASH.ld" --specs=nosys.specs -Wl,-Map="ch4_I2C.map" -Wl,--gc-sections -static --specs=nano.specs -mfpu=fpv4-sp-d16 -mfloat-abi=hard -mthumb -Wl,--start-group -lc -lm -Wl,--end-group
Finished building target: ch4_I2C.elf
 
arm-none-eabi-size  ch4_I2C.elf 
arm-none-eabi-objdump -h -S ch4_I2C.elf  > "ch4_I2C.list"
   text	   data	    bss	    dec	    hex	filename
  16812	    104	   2040	  18956	   4a0c	ch4_I2C.elf
Finished building: default.size.stdout
 
Finished building: ch4_I2C.list
 
10:45:44 **** Incremental Build of configuration Debug for project ch4_I2C ****
make -j20 all 
arm-none-eabi-size  ch4_I2C.elf 
   text	   data	    bss	    dec	    hex	filename
  16812	    104	   2040	  18956	   4a0c	ch4_I2C.elf
Finished building: default.size.stdout
 
10:46:53 **** Incremental Build of configuration Debug for project ch4_I2C ****
make -j20 all 
arm-none-eabi-size  ch4_I2C.elf 
   text	   data	    bss	    dec	    hex	filename
  16812	    104	   2040	  18956	   4a0c	ch4_I2C.elf
Finished building: default.size.stdout
 
11:14:36 **** Incremental Build of configuration Debug for project ch4_I2C ****
make -j20 all 
arm-none-eabi-gcc "../Core/Src/ds1302.c" -mcpu=cortex-m4 -std=gnu11 -g3 -DDEBUG -DUSE_HAL_DRIVER -DSTM32L412xx -c -I../Core/Inc -I../Drivers/STM32L4xx_HAL_Driver/Inc -I../Drivers/STM32L4xx_HAL_Driver/Inc/Legacy -I../Drivers/CMSIS/Device/ST/STM32L4xx/Include -I../Drivers/CMSIS/Include -O0 -ffunction-sections -fdata-sections -Wall -fstack-usage -fcyclomatic-complexity -MMD -MP -MF"Core/Src/ds1302.d" -MT"Core/Src/ds1302.o" --specs=nano.specs -mfpu=fpv4-sp-d16 -mfloat-abi=hard -mthumb -o "Core/Src/ds1302.o"
arm-none-eabi-gcc "../Core/Src/main.c" -mcpu=cortex-m4 -std=gnu11 -g3 -DDEBUG -DUSE_HAL_DRIVER -DSTM32L412xx -c -I../Core/Inc -I../Drivers/STM32L4xx_HAL_Driver/Inc -I../Drivers/STM32L4xx_HAL_Driver/Inc/Legacy -I../Drivers/CMSIS/Device/ST/STM32L4xx/Include -I../Drivers/CMSIS/Include -O0 -ffunction-sections -fdata-sections -Wall -fstack-usage -fcyclomatic-complexity -MMD -MP -MF"Core/Src/main.d" -MT"Core/Src/main.o" --specs=nano.specs -mfpu=fpv4-sp-d16 -mfloat-abi=hard -mthumb -o "Core/Src/main.o"
../Core/Src/ds1302.c: In function 'days':
../Core/Src/ds1302.c:50:10: warning: returning 'const char * (*)(uint8_t)' {aka 'const char * (*)(unsigned char)'} from a function with incompatible return type 'const char *' [-Wincompatible-pointer-types]
   50 |   return days;
      |          ^~~~
../Core/Src/ds1302.c: At top level:
../Core/Src/ds1302.c:57:17: error: expected declaration specifiers or '...' before '&' token
   57 | void burst_mode(&now) {
      |                 ^
make: *** [Core/Src/subdir.mk:37: Core/Src/ds1302.o] Error 1
make: *** Waiting for unfinished jobs....
../Core/Src/main.c: In function 'main':
../Core/Src/main.c:153:5: error: too many arguments to function 'burst_mode'
  153 |     burst_mode(&now);
      |     ^~~~~~~~~~
In file included from ../Core/Src/main.c:30:
../Core/Inc/ds1302.h:10:6: note: declared here
   10 | void burst_mode(void);
      |      ^~~~~~~~~~
make: *** [Core/Src/subdir.mk:37: Core/Src/main.o] Error 1
"make -j20 all" terminated with exit code 2. Build might be incomplete.
11:15:21 **** Incremental Build of configuration Debug for project ch4_I2C ****
make -j20 all 
arm-none-eabi-gcc "../Core/Src/ds1302.c" -mcpu=cortex-m4 -std=gnu11 -g3 -DDEBUG -DUSE_HAL_DRIVER -DSTM32L412xx -c -I../Core/Inc -I../Drivers/STM32L4xx_HAL_Driver/Inc -I../Drivers/STM32L4xx_HAL_Driver/Inc/Legacy -I../Drivers/CMSIS/Device/ST/STM32L4xx/Include -I../Drivers/CMSIS/Include -O0 -ffunction-sections -fdata-sections -Wall -fstack-usage -fcyclomatic-complexity -MMD -MP -MF"Core/Src/ds1302.d" -MT"Core/Src/ds1302.o" --specs=nano.specs -mfpu=fpv4-sp-d16 -mfloat-abi=hard -mthumb -o "Core/Src/ds1302.o"
arm-none-eabi-gcc "../Core/Src/main.c" -mcpu=cortex-m4 -std=gnu11 -g3 -DDEBUG -DUSE_HAL_DRIVER -DSTM32L412xx -c -I../Core/Inc -I../Drivers/STM32L4xx_HAL_Driver/Inc -I../Drivers/STM32L4xx_HAL_Driver/Inc/Legacy -I../Drivers/CMSIS/Device/ST/STM32L4xx/Include -I../Drivers/CMSIS/Include -O0 -ffunction-sections -fdata-sections -Wall -fstack-usage -fcyclomatic-complexity -MMD -MP -MF"Core/Src/main.d" -MT"Core/Src/main.o" --specs=nano.specs -mfpu=fpv4-sp-d16 -mfloat-abi=hard -mthumb -o "Core/Src/main.o"
In file included from ../Core/Src/ds1302.c:2:
../Core/Inc/ds1302.h:10:1: warning: parameter names (without types) in function declaration
   10 | void burst_mode(rtc_time);
      | ^~~~
../Core/Src/ds1302.c: In function 'days':
../Core/Src/ds1302.c:50:10: warning: returning 'const char * (*)(uint8_t)' {aka 'const char * (*)(unsigned char)'} from a function with incompatible return type 'const char *' [-Wincompatible-pointer-types]
   50 |   return days;
      |          ^~~~
../Core/Src/ds1302.c: In function 'burst_mode':
../Core/Src/ds1302.c:68:11: warning: assignment to 'uint8_t' {aka 'unsigned char'} from 'const char *' makes integer from pointer without a cast [-Wint-conversion]
   68 |   now.Day = days(DS1302_ReadByte());
      |           ^
../Core/Src/ds1302.c:77:25: warning: format '%s' expects argument of type 'char *', but argument 2 has type 'int' [-Wformat=]
   77 |   printf("[] Read Day: %sr\n", now.Day);
      |                        ~^      ~~~~~~~
      |                         |         |
      |                         char *    int
      |                        %d
In file included from ../Core/Src/main.c:30:
../Core/Inc/ds1302.h:10:1: warning: parameter names (without types) in function declaration
   10 | void burst_mode(rtc_time);
      | ^~~~
arm-none-eabi-gcc -o "ch4_I2C.elf" @"objects.list"   -mcpu=cortex-m4 -T"C:\Users\CAMMSYS\STM32CubeIDE\workspace_1.19.0\ch4_I2C\STM32L412RBTXP_FLASH.ld" --specs=nosys.specs -Wl,-Map="ch4_I2C.map" -Wl,--gc-sections -static --specs=nano.specs -mfpu=fpv4-sp-d16 -mfloat-abi=hard -mthumb -Wl,--start-group -lc -lm -Wl,--end-group
Finished building target: ch4_I2C.elf
 
arm-none-eabi-size  ch4_I2C.elf 
arm-none-eabi-objdump -h -S ch4_I2C.elf  > "ch4_I2C.list"
   text	   data	    bss	    dec	    hex	filename
  16824	    104	   2040	  18968	   4a18	ch4_I2C.elf
Finished building: default.size.stdout
 
Finished building: ch4_I2C.list
 
11:15:27 **** Incremental Build of configuration Debug for project ch4_I2C ****
make -j20 all 
arm-none-eabi-size  ch4_I2C.elf 
   text	   data	    bss	    dec	    hex	filename
  16824	    104	   2040	  18968	   4a18	ch4_I2C.elf
Finished building: default.size.stdout
 
11:16:43 **** Incremental Build of configuration Debug for project ch4_I2C ****
make -j20 all 
arm-none-eabi-gcc "../Core/Src/ds1302.c" -mcpu=cortex-m4 -std=gnu11 -g3 -DDEBUG -DUSE_HAL_DRIVER -DSTM32L412xx -c -I../Core/Inc -I../Drivers/STM32L4xx_HAL_Driver/Inc -I../Drivers/STM32L4xx_HAL_Driver/Inc/Legacy -I../Drivers/CMSIS/Device/ST/STM32L4xx/Include -I../Drivers/CMSIS/Include -O0 -ffunction-sections -fdata-sections -Wall -fstack-usage -fcyclomatic-complexity -MMD -MP -MF"Core/Src/ds1302.d" -MT"Core/Src/ds1302.o" --specs=nano.specs -mfpu=fpv4-sp-d16 -mfloat-abi=hard -mthumb -o "Core/Src/ds1302.o"
In file included from ../Core/Src/ds1302.c:2:
../Core/Inc/ds1302.h:10:1: warning: parameter names (without types) in function declaration
   10 | void burst_mode(rtc_time);
      | ^~~~
../Core/Src/ds1302.c: In function 'days':
../Core/Src/ds1302.c:50:10: warning: returning 'const char * (*)(uint8_t)' {aka 'const char * (*)(unsigned char)'} from a function with incompatible return type 'const char *' [-Wincompatible-pointer-types]
   50 |   return days;
      |          ^~~~
../Core/Src/ds1302.c: In function 'burst_mode':
../Core/Src/ds1302.c:68:11: warning: assignment to 'uint8_t' {aka 'unsigned char'} from 'const char *' makes integer from pointer without a cast [-Wint-conversion]
   68 |   now.Day = days(DS1302_ReadByte());
      |           ^
../Core/Src/ds1302.c:77:25: warning: format '%s' expects argument of type 'char *', but argument 2 has type 'int' [-Wformat=]
   77 |   printf("[] Read Day: %s \r\n", now.Day);
      |                        ~^        ~~~~~~~
      |                         |           |
      |                         char *      int
      |                        %d
arm-none-eabi-gcc -o "ch4_I2C.elf" @"objects.list"   -mcpu=cortex-m4 -T"C:\Users\CAMMSYS\STM32CubeIDE\workspace_1.19.0\ch4_I2C\STM32L412RBTXP_FLASH.ld" --specs=nosys.specs -Wl,-Map="ch4_I2C.map" -Wl,--gc-sections -static --specs=nano.specs -mfpu=fpv4-sp-d16 -mfloat-abi=hard -mthumb -Wl,--start-group -lc -lm -Wl,--end-group
Finished building target: ch4_I2C.elf
 
arm-none-eabi-size  ch4_I2C.elf 
arm-none-eabi-objdump -h -S ch4_I2C.elf  > "ch4_I2C.list"
   text	   data	    bss	    dec	    hex	filename
  16824	    104	   2040	  18968	   4a18	ch4_I2C.elf
Finished building: default.size.stdout
 
Finished building: ch4_I2C.list
 
11:16:59 **** Incremental Build of configuration Debug for project ch4_I2C ****
make -j20 all 
arm-none-eabi-size  ch4_I2C.elf 
   text	   data	    bss	    dec	    hex	filename
  16824	    104	   2040	  18968	   4a18	ch4_I2C.elf
Finished building: default.size.stdout
 
11:18:28 **** Incremental Build of configuration Debug for project ch4_I2C ****
make -j20 all 
arm-none-eabi-gcc "../Core/Src/ds1302.c" -mcpu=cortex-m4 -std=gnu11 -g3 -DDEBUG -DUSE_HAL_DRIVER -DSTM32L412xx -c -I../Core/Inc -I../Drivers/STM32L4xx_HAL_Driver/Inc -I../Drivers/STM32L4xx_HAL_Driver/Inc/Legacy -I../Drivers/CMSIS/Device/ST/STM32L4xx/Include -I../Drivers/CMSIS/Include -O0 -ffunction-sections -fdata-sections -Wall -fstack-usage -fcyclomatic-complexity -MMD -MP -MF"Core/Src/ds1302.d" -MT"Core/Src/ds1302.o" --specs=nano.specs -mfpu=fpv4-sp-d16 -mfloat-abi=hard -mthumb -o "Core/Src/ds1302.o"
arm-none-eabi-gcc "../Core/Src/main.c" -mcpu=cortex-m4 -std=gnu11 -g3 -DDEBUG -DUSE_HAL_DRIVER -DSTM32L412xx -c -I../Core/Inc -I../Drivers/STM32L4xx_HAL_Driver/Inc -I../Drivers/STM32L4xx_HAL_Driver/Inc/Legacy -I../Drivers/CMSIS/Device/ST/STM32L4xx/Include -I../Drivers/CMSIS/Include -O0 -ffunction-sections -fdata-sections -Wall -fstack-usage -fcyclomatic-complexity -MMD -MP -MF"Core/Src/main.d" -MT"Core/Src/main.o" --specs=nano.specs -mfpu=fpv4-sp-d16 -mfloat-abi=hard -mthumb -o "Core/Src/main.o"
In file included from ../Core/Src/ds1302.c:2:
../Core/Inc/ds1302.h:10:1: warning: parameter names (without types) in function declaration
   10 | void burst_mode(rtc_time);
      | ^~~~
../Core/Inc/ds1302.h:11:1: warning: parameter names (without types) in function declaration
   11 | void burst_mode_printf(rtc_time);
      | ^~~~
../Core/Src/ds1302.c: In function 'days':
../Core/Src/ds1302.c:50:10: warning: returning 'const char * (*)(uint8_t)' {aka 'const char * (*)(unsigned char)'} from a function with incompatible return type 'const char *' [-Wincompatible-pointer-types]
   50 |   return days;
      |          ^~~~
../Core/Src/ds1302.c: In function 'burst_mode':
../Core/Src/ds1302.c:63:3: error: 'now' undeclared (first use in this function)
   63 |   now.sec = bcd_2_dec(DS1302_ReadByte());
      |   ^~~
../Core/Src/ds1302.c:63:3: note: each undeclared identifier is reported only once for each function it appears in
../Core/Src/ds1302.c: In function 'burst_mode_printf':
../Core/Src/ds1302.c:82:34: error: 'now' undeclared (first use in this function)
   82 |   printf("[] Read Sec: %d \r\n", now.sec);
      |                                  ^~~
make: *** [Core/Src/subdir.mk:37: Core/Src/ds1302.o] Error 1
make: *** Waiting for unfinished jobs....
In file included from ../Core/Src/main.c:30:
../Core/Inc/ds1302.h:10:1: warning: parameter names (without types) in function declaration
   10 | void burst_mode(rtc_time);
      | ^~~~
../Core/Inc/ds1302.h:11:1: warning: parameter names (without types) in function declaration
   11 | void burst_mode_printf(rtc_time);
      | ^~~~
"make -j20 all" terminated with exit code 2. Build might be incomplete.
11:19:09 **** Incremental Build of configuration Debug for project ch4_I2C ****
make -j20 all 
arm-none-eabi-gcc "../Core/Src/ds1302.c" -mcpu=cortex-m4 -std=gnu11 -g3 -DDEBUG -DUSE_HAL_DRIVER -DSTM32L412xx -c -I../Core/Inc -I../Drivers/STM32L4xx_HAL_Driver/Inc -I../Drivers/STM32L4xx_HAL_Driver/Inc/Legacy -I../Drivers/CMSIS/Device/ST/STM32L4xx/Include -I../Drivers/CMSIS/Include -O0 -ffunction-sections -fdata-sections -Wall -fstack-usage -fcyclomatic-complexity -MMD -MP -MF"Core/Src/ds1302.d" -MT"Core/Src/ds1302.o" --specs=nano.specs -mfpu=fpv4-sp-d16 -mfloat-abi=hard -mthumb -o "Core/Src/ds1302.o"
In file included from ../Core/Src/ds1302.c:2:
../Core/Inc/ds1302.h:10:1: warning: parameter names (without types) in function declaration
   10 | void burst_mode(rtc_time);
      | ^~~~
../Core/Inc/ds1302.h:11:1: warning: parameter names (without types) in function declaration
   11 | void burst_mode_printf(rtc_time);
      | ^~~~
../Core/Src/ds1302.c: In function 'days':
../Core/Src/ds1302.c:50:10: warning: returning 'const char * (*)(uint8_t)' {aka 'const char * (*)(unsigned char)'} from a function with incompatible return type 'const char *' [-Wincompatible-pointer-types]
   50 |   return days;
      |          ^~~~
../Core/Src/ds1302.c: In function 'burst_mode':
../Core/Src/ds1302.c:63:3: error: 'now' undeclared (first use in this function)
   63 |   now.sec = bcd_2_dec(DS1302_ReadByte());
      |   ^~~
../Core/Src/ds1302.c:63:3: note: each undeclared identifier is reported only once for each function it appears in
../Core/Src/ds1302.c: In function 'burst_mode_printf':
../Core/Src/ds1302.c:82:34: error: expected expression before 'rtc_time'
   82 |   printf("[] Read Sec: %d \r\n", rtc_time.sec);
      |                                  ^~~~~~~~
../Core/Src/ds1302.c:83:34: error: expected expression before 'rtc_time'
   83 |   printf("[] Read Min: %d \r\n", rtc_time.min);
      |                                  ^~~~~~~~
../Core/Src/ds1302.c:84:36: error: expected expression before 'rtc_time'
   84 |   printf("[] Read Hours: %d \r\n", rtc_time.hour);
      |                                    ^~~~~~~~
../Core/Src/ds1302.c:85:36: error: expected expression before 'rtc_time'
   85 |   printf("[] Read Dates: %d \r\n", rtc_time.Date);
      |                                    ^~~~~~~~
../Core/Src/ds1302.c:86:37: error: expected expression before 'rtc_time'
   86 |   printf("[] Read Month: %d \r\n ", rtc_time.Month);
      |                                     ^~~~~~~~
../Core/Src/ds1302.c:87:34: error: expected expression before 'rtc_time'
   87 |   printf("[] Read Day: %s \r\n", rtc_time.Day);
      |                                  ^~~~~~~~
../Core/Src/ds1302.c:88:36: error: expected expression before 'rtc_time'
   88 |   printf("[] Read Years: %d \r\n", rtc_time.Years);
      |                                    ^~~~~~~~
make: *** [Core/Src/subdir.mk:37: Core/Src/ds1302.o] Error 1
"make -j20 all" terminated with exit code 2. Build might be incomplete.
11:19:37 **** Incremental Build of configuration Debug for project ch4_I2C ****
make -j20 all 
arm-none-eabi-gcc "../Core/Src/ds1302.c" -mcpu=cortex-m4 -std=gnu11 -g3 -DDEBUG -DUSE_HAL_DRIVER -DSTM32L412xx -c -I../Core/Inc -I../Drivers/STM32L4xx_HAL_Driver/Inc -I../Drivers/STM32L4xx_HAL_Driver/Inc/Legacy -I../Drivers/CMSIS/Device/ST/STM32L4xx/Include -I../Drivers/CMSIS/Include -O0 -ffunction-sections -fdata-sections -Wall -fstack-usage -fcyclomatic-complexity -MMD -MP -MF"Core/Src/ds1302.d" -MT"Core/Src/ds1302.o" --specs=nano.specs -mfpu=fpv4-sp-d16 -mfloat-abi=hard -mthumb -o "Core/Src/ds1302.o"
In file included from ../Core/Src/ds1302.c:2:
../Core/Inc/ds1302.h:10:1: warning: parameter names (without types) in function declaration
   10 | void burst_mode(rtc_time);
      | ^~~~
../Core/Inc/ds1302.h:11:1: warning: parameter names (without types) in function declaration
   11 | void burst_mode_printf(rtc_time);
      | ^~~~
../Core/Src/ds1302.c: In function 'days':
../Core/Src/ds1302.c:50:10: warning: returning 'const char * (*)(uint8_t)' {aka 'const char * (*)(unsigned char)'} from a function with incompatible return type 'const char *' [-Wincompatible-pointer-types]
   50 |   return days;
      |          ^~~~
../Core/Src/ds1302.c: In function 'burst_mode':
../Core/Src/ds1302.c:63:3: error: 'now' undeclared (first use in this function)
   63 |   now.sec = bcd_2_dec(DS1302_ReadByte());
      |   ^~~
../Core/Src/ds1302.c:63:3: note: each undeclared identifier is reported only once for each function it appears in
../Core/Src/ds1302.c: In function 'burst_mode_printf':
../Core/Src/ds1302.c:82:36: error: 'r' is a pointer; did you mean to use '->'?
   82 |   printf("[] Read Sec: %d \r\n", *r.sec);
      |                                    ^
      |                                    ->
../Core/Src/ds1302.c:83:36: error: 'r' is a pointer; did you mean to use '->'?
   83 |   printf("[] Read Min: %d \r\n", *r.min);
      |                                    ^
      |                                    ->
../Core/Src/ds1302.c:84:38: error: 'r' is a pointer; did you mean to use '->'?
   84 |   printf("[] Read Hours: %d \r\n", *r.hour);
      |                                      ^
      |                                      ->
../Core/Src/ds1302.c:85:38: error: 'r' is a pointer; did you mean to use '->'?
   85 |   printf("[] Read Dates: %d \r\n", *r.Date);
      |                                      ^
      |                                      ->
../Core/Src/ds1302.c:86:39: error: 'r' is a pointer; did you mean to use '->'?
   86 |   printf("[] Read Month: %d \r\n ", *r.Month);
      |                                       ^
      |                                       ->
../Core/Src/ds1302.c:87:36: error: 'r' is a pointer; did you mean to use '->'?
   87 |   printf("[] Read Day: %s \r\n", *r.Day);
      |                                    ^
      |                                    ->
../Core/Src/ds1302.c:88:38: error: 'r' is a pointer; did you mean to use '->'?
   88 |   printf("[] Read Years: %d \r\n", *r.Years);
      |                                      ^
      |                                      ->
make: *** [Core/Src/subdir.mk:37: Core/Src/ds1302.o] Error 1
"make -j20 all" terminated with exit code 2. Build might be incomplete.
11:20:19 **** Incremental Build of configuration Debug for project ch4_I2C ****
make -j20 all 
arm-none-eabi-gcc "../Core/Src/ds1302.c" -mcpu=cortex-m4 -std=gnu11 -g3 -DDEBUG -DUSE_HAL_DRIVER -DSTM32L412xx -c -I../Core/Inc -I../Drivers/STM32L4xx_HAL_Driver/Inc -I../Drivers/STM32L4xx_HAL_Driver/Inc/Legacy -I../Drivers/CMSIS/Device/ST/STM32L4xx/Include -I../Drivers/CMSIS/Include -O0 -ffunction-sections -fdata-sections -Wall -fstack-usage -fcyclomatic-complexity -MMD -MP -MF"Core/Src/ds1302.d" -MT"Core/Src/ds1302.o" --specs=nano.specs -mfpu=fpv4-sp-d16 -mfloat-abi=hard -mthumb -o "Core/Src/ds1302.o"
In file included from ../Core/Src/ds1302.c:2:
../Core/Inc/ds1302.h:10:1: warning: parameter names (without types) in function declaration
   10 | void burst_mode(rtc_time);
      | ^~~~
../Core/Inc/ds1302.h:11:1: warning: parameter names (without types) in function declaration
   11 | void burst_mode_printf(rtc_time);
      | ^~~~
../Core/Src/ds1302.c: In function 'days':
../Core/Src/ds1302.c:50:10: warning: returning 'const char * (*)(uint8_t)' {aka 'const char * (*)(unsigned char)'} from a function with incompatible return type 'const char *' [-Wincompatible-pointer-types]
   50 |   return days;
      |          ^~~~
../Core/Src/ds1302.c: In function 'burst_mode':
../Core/Src/ds1302.c:63:3: error: 'now' undeclared (first use in this function)
   63 |   now.sec = bcd_2_dec(DS1302_ReadByte());
      |   ^~~
../Core/Src/ds1302.c:63:3: note: each undeclared identifier is reported only once for each function it appears in
../Core/Src/ds1302.c: In function 'burst_mode_printf':
../Core/Src/ds1302.c:87:25: warning: format '%s' expects argument of type 'char *', but argument 2 has type 'int' [-Wformat=]
   87 |   printf("[] Read Day: %s \r\n", r->Day);
      |                        ~^        ~~~~~~
      |                         |         |
      |                         char *    int
      |                        %d
make: *** [Core/Src/subdir.mk:37: Core/Src/ds1302.o] Error 1
"make -j20 all" terminated with exit code 2. Build might be incomplete.
11:21:09 **** Incremental Build of configuration Debug for project ch4_I2C ****
make -j20 all 
arm-none-eabi-gcc "../Core/Src/ds1302.c" -mcpu=cortex-m4 -std=gnu11 -g3 -DDEBUG -DUSE_HAL_DRIVER -DSTM32L412xx -c -I../Core/Inc -I../Drivers/STM32L4xx_HAL_Driver/Inc -I../Drivers/STM32L4xx_HAL_Driver/Inc/Legacy -I../Drivers/CMSIS/Device/ST/STM32L4xx/Include -I../Drivers/CMSIS/Include -O0 -ffunction-sections -fdata-sections -Wall -fstack-usage -fcyclomatic-complexity -MMD -MP -MF"Core/Src/ds1302.d" -MT"Core/Src/ds1302.o" --specs=nano.specs -mfpu=fpv4-sp-d16 -mfloat-abi=hard -mthumb -o "Core/Src/ds1302.o"
In file included from ../Core/Src/ds1302.c:2:
../Core/Inc/ds1302.h:10:1: warning: parameter names (without types) in function declaration
   10 | void burst_mode(rtc_time);
      | ^~~~
../Core/Inc/ds1302.h:11:1: warning: parameter names (without types) in function declaration
   11 | void burst_mode_printf(rtc_time);
      | ^~~~
../Core/Src/ds1302.c: In function 'days':
../Core/Src/ds1302.c:50:10: warning: returning 'const char * (*)(uint8_t)' {aka 'const char * (*)(unsigned char)'} from a function with incompatible return type 'const char *' [-Wincompatible-pointer-types]
   50 |   return days;
      |          ^~~~
../Core/Src/ds1302.c: In function 'burst_mode':
../Core/Src/ds1302.c:68:10: warning: assignment to 'uint8_t' {aka 'unsigned char'} from 'const char *' makes integer from pointer without a cast [-Wint-conversion]
   68 |   r->Day = days(DS1302_ReadByte());
      |          ^
../Core/Src/ds1302.c: In function 'burst_mode_printf':
../Core/Src/ds1302.c:87:25: warning: format '%s' expects argument of type 'char *', but argument 2 has type 'int' [-Wformat=]
   87 |   printf("[] Read Day: %s \r\n", r->Day);
      |                        ~^        ~~~~~~
      |                         |         |
      |                         char *    int
      |                        %d
arm-none-eabi-gcc -o "ch4_I2C.elf" @"objects.list"   -mcpu=cortex-m4 -T"C:\Users\CAMMSYS\STM32CubeIDE\workspace_1.19.0\ch4_I2C\STM32L412RBTXP_FLASH.ld" --specs=nosys.specs -Wl,-Map="ch4_I2C.map" -Wl,--gc-sections -static --specs=nano.specs -mfpu=fpv4-sp-d16 -mfloat-abi=hard -mthumb -Wl,--start-group -lc -lm -Wl,--end-group
Finished building target: ch4_I2C.elf
 
arm-none-eabi-size  ch4_I2C.elf 
arm-none-eabi-objdump -h -S ch4_I2C.elf  > "ch4_I2C.list"
   text	   data	    bss	    dec	    hex	filename
  16884	    104	   2040	  19028	   4a54	ch4_I2C.elf
Finished building: default.size.stdout
 
Finished building: ch4_I2C.list
 
11:21:14 **** Incremental Build of configuration Debug for project ch4_I2C ****
make -j20 all 
arm-none-eabi-size  ch4_I2C.elf 
   text	   data	    bss	    dec	    hex	filename
  16884	    104	   2040	  19028	   4a54	ch4_I2C.elf
Finished building: default.size.stdout
 
14:01:33 **** Incremental Build of configuration Debug for project ch4_I2C ****
make -j20 all 
arm-none-eabi-gcc "../Core/Src/ds1302.c" -mcpu=cortex-m4 -std=gnu11 -g3 -DDEBUG -DUSE_HAL_DRIVER -DSTM32L412xx -c -I../Core/Inc -I../Drivers/STM32L4xx_HAL_Driver/Inc -I../Drivers/STM32L4xx_HAL_Driver/Inc/Legacy -I../Drivers/CMSIS/Device/ST/STM32L4xx/Include -I../Drivers/CMSIS/Include -O0 -ffunction-sections -fdata-sections -Wall -fstack-usage -fcyclomatic-complexity -MMD -MP -MF"Core/Src/ds1302.d" -MT"Core/Src/ds1302.o" --specs=nano.specs -mfpu=fpv4-sp-d16 -mfloat-abi=hard -mthumb -o "Core/Src/ds1302.o"
arm-none-eabi-gcc "../Core/Src/main.c" -mcpu=cortex-m4 -std=gnu11 -g3 -DDEBUG -DUSE_HAL_DRIVER -DSTM32L412xx -c -I../Core/Inc -I../Drivers/STM32L4xx_HAL_Driver/Inc -I../Drivers/STM32L4xx_HAL_Driver/Inc/Legacy -I../Drivers/CMSIS/Device/ST/STM32L4xx/Include -I../Drivers/CMSIS/Include -O0 -ffunction-sections -fdata-sections -Wall -fstack-usage -fcyclomatic-complexity -MMD -MP -MF"Core/Src/main.d" -MT"Core/Src/main.o" --specs=nano.specs -mfpu=fpv4-sp-d16 -mfloat-abi=hard -mthumb -o "Core/Src/main.o"
arm-none-eabi-gcc "../Core/Src/stm32l4xx_hal_msp.c" -mcpu=cortex-m4 -std=gnu11 -g3 -DDEBUG -DUSE_HAL_DRIVER -DSTM32L412xx -c -I../Core/Inc -I../Drivers/STM32L4xx_HAL_Driver/Inc -I../Drivers/STM32L4xx_HAL_Driver/Inc/Legacy -I../Drivers/CMSIS/Device/ST/STM32L4xx/Include -I../Drivers/CMSIS/Include -O0 -ffunction-sections -fdata-sections -Wall -fstack-usage -fcyclomatic-complexity -MMD -MP -MF"Core/Src/stm32l4xx_hal_msp.d" -MT"Core/Src/stm32l4xx_hal_msp.o" --specs=nano.specs -mfpu=fpv4-sp-d16 -mfloat-abi=hard -mthumb -o "Core/Src/stm32l4xx_hal_msp.o"
arm-none-eabi-gcc "../Core/Src/stm32l4xx_it.c" -mcpu=cortex-m4 -std=gnu11 -g3 -DDEBUG -DUSE_HAL_DRIVER -DSTM32L412xx -c -I../Core/Inc -I../Drivers/STM32L4xx_HAL_Driver/Inc -I../Drivers/STM32L4xx_HAL_Driver/Inc/Legacy -I../Drivers/CMSIS/Device/ST/STM32L4xx/Include -I../Drivers/CMSIS/Include -O0 -ffunction-sections -fdata-sections -Wall -fstack-usage -fcyclomatic-complexity -MMD -MP -MF"Core/Src/stm32l4xx_it.d" -MT"Core/Src/stm32l4xx_it.o" --specs=nano.specs -mfpu=fpv4-sp-d16 -mfloat-abi=hard -mthumb -o "Core/Src/stm32l4xx_it.o"
arm-none-eabi-gcc "../Core/Src/syscalls.c" -mcpu=cortex-m4 -std=gnu11 -g3 -DDEBUG -DUSE_HAL_DRIVER -DSTM32L412xx -c -I../Core/Inc -I../Drivers/STM32L4xx_HAL_Driver/Inc -I../Drivers/STM32L4xx_HAL_Driver/Inc/Legacy -I../Drivers/CMSIS/Device/ST/STM32L4xx/Include -I../Drivers/CMSIS/Include -O0 -ffunction-sections -fdata-sections -Wall -fstack-usage -fcyclomatic-complexity -MMD -MP -MF"Core/Src/syscalls.d" -MT"Core/Src/syscalls.o" --specs=nano.specs -mfpu=fpv4-sp-d16 -mfloat-abi=hard -mthumb -o "Core/Src/syscalls.o"
arm-none-eabi-gcc "../Core/Src/sysmem.c" -mcpu=cortex-m4 -std=gnu11 -g3 -DDEBUG -DUSE_HAL_DRIVER -DSTM32L412xx -c -I../Core/Inc -I../Drivers/STM32L4xx_HAL_Driver/Inc -I../Drivers/STM32L4xx_HAL_Driver/Inc/Legacy -I../Drivers/CMSIS/Device/ST/STM32L4xx/Include -I../Drivers/CMSIS/Include -O0 -ffunction-sections -fdata-sections -Wall -fstack-usage -fcyclomatic-complexity -MMD -MP -MF"Core/Src/sysmem.d" -MT"Core/Src/sysmem.o" --specs=nano.specs -mfpu=fpv4-sp-d16 -mfloat-abi=hard -mthumb -o "Core/Src/sysmem.o"
arm-none-eabi-gcc "../Core/Src/system_stm32l4xx.c" -mcpu=cortex-m4 -std=gnu11 -g3 -DDEBUG -DUSE_HAL_DRIVER -DSTM32L412xx -c -I../Core/Inc -I../Drivers/STM32L4xx_HAL_Driver/Inc -I../Drivers/STM32L4xx_HAL_Driver/Inc/Legacy -I../Drivers/CMSIS/Device/ST/STM32L4xx/Include -I../Drivers/CMSIS/Include -O0 -ffunction-sections -fdata-sections -Wall -fstack-usage -fcyclomatic-complexity -MMD -MP -MF"Core/Src/system_stm32l4xx.d" -MT"Core/Src/system_stm32l4xx.o" --specs=nano.specs -mfpu=fpv4-sp-d16 -mfloat-abi=hard -mthumb -o "Core/Src/system_stm32l4xx.o"
arm-none-eabi-gcc "../Core/Src/tm1637.c" -mcpu=cortex-m4 -std=gnu11 -g3 -DDEBUG -DUSE_HAL_DRIVER -DSTM32L412xx -c -I../Core/Inc -I../Drivers/STM32L4xx_HAL_Driver/Inc -I../Drivers/STM32L4xx_HAL_Driver/Inc/Legacy -I../Drivers/CMSIS/Device/ST/STM32L4xx/Include -I../Drivers/CMSIS/Include -O0 -ffunction-sections -fdata-sections -Wall -fstack-usage -fcyclomatic-complexity -MMD -MP -MF"Core/Src/tm1637.d" -MT"Core/Src/tm1637.o" --specs=nano.specs -mfpu=fpv4-sp-d16 -mfloat-abi=hard -mthumb -o "Core/Src/tm1637.o"
In file included from ../Core/Src/ds1302.c:2:
../Core/Inc/ds1302.h:10:17: error: unknown type name 'rtc_time'
   10 | void burst_mode(rtc_time *r);
      |                 ^~~~~~~~
../Core/Inc/ds1302.h:11:24: error: unknown type name 'rtc_time'
   11 | void burst_mode_printf(rtc_time *r);
      |                        ^~~~~~~~
../Core/Src/ds1302.c: In function 'days':
../Core/Src/ds1302.c:50:10: warning: returning 'const char * (*)(uint8_t)' {aka 'const char * (*)(unsigned char)'} from a function with incompatible return type 'const char *' [-Wincompatible-pointer-types]
   50 |   return days;
      |          ^~~~
../Core/Src/ds1302.c: In function 'burst_mode':
../Core/Src/ds1302.c:68:10: warning: assignment to 'uint8_t' {aka 'unsigned char'} from 'const char *' makes integer from pointer without a cast [-Wint-conversion]
   68 |   r->Day = days(DS1302_ReadByte());
      |          ^
../Core/Src/ds1302.c: In function 'burst_mode_printf':
../Core/Src/ds1302.c:87:25: warning: format '%s' expects argument of type 'char *', but argument 2 has type 'int' [-Wformat=]
   87 |   printf("[] Read Day: %s \r\n", r->Day);
      |                        ~^        ~~~~~~
      |                         |         |
      |                         char *    int
      |                        %d
make: *** [Core/Src/subdir.mk:40: Core/Src/ds1302.o] Error 1
make: *** Waiting for unfinished jobs....
In file included from ../Core/Src/main.c:30:
../Core/Inc/ds1302.h:10:17: error: unknown type name 'rtc_time'
   10 | void burst_mode(rtc_time *r);
      |                 ^~~~~~~~
../Core/Inc/ds1302.h:11:24: error: unknown type name 'rtc_time'
   11 | void burst_mode_printf(rtc_time *r);
      |                        ^~~~~~~~
../Core/Src/main.c: In function 'main':
../Core/Src/main.c:154:5: warning: implicit declaration of function 'burst_mode' [-Wimplicit-function-declaration]
  154 |     burst_mode(&now);
      |     ^~~~~~~~~~
../Core/Src/main.c:155:5: warning: implicit declaration of function 'burst_mode_printf' [-Wimplicit-function-declaration]
  155 |     burst_mode_printf(&now);
      |     ^~~~~~~~~~~~~~~~~
make: *** [Core/Src/subdir.mk:40: Core/Src/main.o] Error 1
"make -j20 all" terminated with exit code 2. Build might be incomplete.
14:03:30 **** Incremental Build of configuration Debug for project ch4_I2C ****
make -j20 all 
arm-none-eabi-gcc "../Core/Src/ds1302.c" -mcpu=cortex-m4 -std=gnu11 -g3 -DDEBUG -DUSE_HAL_DRIVER -DSTM32L412xx -c -I../Core/Inc -I../Drivers/STM32L4xx_HAL_Driver/Inc -I../Drivers/STM32L4xx_HAL_Driver/Inc/Legacy -I../Drivers/CMSIS/Device/ST/STM32L4xx/Include -I../Drivers/CMSIS/Include -O0 -ffunction-sections -fdata-sections -Wall -fstack-usage -fcyclomatic-complexity -MMD -MP -MF"Core/Src/ds1302.d" -MT"Core/Src/ds1302.o" --specs=nano.specs -mfpu=fpv4-sp-d16 -mfloat-abi=hard -mthumb -o "Core/Src/ds1302.o"
arm-none-eabi-gcc "../Core/Src/main.c" -mcpu=cortex-m4 -std=gnu11 -g3 -DDEBUG -DUSE_HAL_DRIVER -DSTM32L412xx -c -I../Core/Inc -I../Drivers/STM32L4xx_HAL_Driver/Inc -I../Drivers/STM32L4xx_HAL_Driver/Inc/Legacy -I../Drivers/CMSIS/Device/ST/STM32L4xx/Include -I../Drivers/CMSIS/Include -O0 -ffunction-sections -fdata-sections -Wall -fstack-usage -fcyclomatic-complexity -MMD -MP -MF"Core/Src/main.d" -MT"Core/Src/main.o" --specs=nano.specs -mfpu=fpv4-sp-d16 -mfloat-abi=hard -mthumb -o "Core/Src/main.o"
../Core/Src/ds1302.c: In function 'days':
../Core/Src/ds1302.c:50:10: warning: returning 'const char * (*)(uint8_t)' {aka 'const char * (*)(unsigned char)'} from a function with incompatible return type 'const char *' [-Wincompatible-pointer-types]
   50 |   return days;
      |          ^~~~
../Core/Src/ds1302.c: In function 'burst_mode':
../Core/Src/ds1302.c:68:10: warning: assignment to 'uint8_t' {aka 'unsigned char'} from 'const char *' makes integer from pointer without a cast [-Wint-conversion]
   68 |   r->Day = days(DS1302_ReadByte());
      |          ^
../Core/Src/ds1302.c: In function 'burst_mode_printf':
../Core/Src/ds1302.c:87:25: warning: format '%s' expects argument of type 'char *', but argument 2 has type 'int' [-Wformat=]
   87 |   printf("[] Read Day: %s \r\n", r->Day);
      |                        ~^        ~~~~~~
      |                         |         |
      |                         char *    int
      |                        %d
arm-none-eabi-gcc -o "ch4_I2C.elf" @"objects.list"   -mcpu=cortex-m4 -T"C:\Users\CAMMSYS\STM32CubeIDE\workspace_1.19.0\ch4_I2C\STM32L412RBTXP_FLASH.ld" --specs=nosys.specs -Wl,-Map="ch4_I2C.map" -Wl,--gc-sections -static --specs=nano.specs -mfpu=fpv4-sp-d16 -mfloat-abi=hard -mthumb -Wl,--start-group -lc -lm -Wl,--end-group
Finished building target: ch4_I2C.elf
 
arm-none-eabi-size  ch4_I2C.elf 
arm-none-eabi-objdump -h -S ch4_I2C.elf  > "ch4_I2C.list"
   text	   data	    bss	    dec	    hex	filename
  16884	    104	   2040	  19028	   4a54	ch4_I2C.elf
Finished building: default.size.stdout
 
Finished building: ch4_I2C.list
 
14:17:06 **** Incremental Build of configuration Debug for project ch4_I2C ****
make -j20 all 
arm-none-eabi-gcc "../Core/Src/tm1637.c" -mcpu=cortex-m4 -std=gnu11 -g3 -DDEBUG -DUSE_HAL_DRIVER -DSTM32L412xx -c -I../Core/Inc -I../Drivers/STM32L4xx_HAL_Driver/Inc -I../Drivers/STM32L4xx_HAL_Driver/Inc/Legacy -I../Drivers/CMSIS/Device/ST/STM32L4xx/Include -I../Drivers/CMSIS/Include -O0 -ffunction-sections -fdata-sections -Wall -fstack-usage -fcyclomatic-complexity -MMD -MP -MF"Core/Src/tm1637.d" -MT"Core/Src/tm1637.o" --specs=nano.specs -mfpu=fpv4-sp-d16 -mfloat-abi=hard -mthumb -o "Core/Src/tm1637.o"
In file included from ../Core/Src/tm1637.c:1:
../Core/Inc/tm1637.h:9:23: error: unknown type name 'uint8_t'
    9 | void TM1637_WriteByte(uint8_t data);
      |                       ^~~~~~~
../Core/Inc/tm1637.h:1:1: note: 'uint8_t' is defined in header '<stdint.h>'; did you forget to '#include <stdint.h>'?
  +++ |+#include <stdint.h>
    1 | #define CLK_DIS_ON HAL_GPIO_WritePin(GPIOA, CLK_DIS_Pin, GPIO_PIN_SET);
../Core/Inc/tm1637.h:10:1: error: unknown type name 'uint8_t'
   10 | uint8_t TM1637_ReadByte(void);
      | ^~~~~~~
../Core/Inc/tm1637.h:10:1: note: 'uint8_t' is defined in header '<stdint.h>'; did you forget to '#include <stdint.h>'?
../Core/Inc/tm1637.h:12:22: error: unknown type name 'uint8_t'
   12 | void TM1637_WriteReg(uint8_t reg, uint8_t data);
      |                      ^~~~~~~
../Core/Inc/tm1637.h:12:22: note: 'uint8_t' is defined in header '<stdint.h>'; did you forget to '#include <stdint.h>'?
../Core/Inc/tm1637.h:12:35: error: unknown type name 'uint8_t'
   12 | void TM1637_WriteReg(uint8_t reg, uint8_t data);
      |                                   ^~~~~~~
../Core/Inc/tm1637.h:12:35: note: 'uint8_t' is defined in header '<stdint.h>'; did you forget to '#include <stdint.h>'?
../Core/Inc/tm1637.h:13:1: error: unknown type name 'uint8_t'
   13 | uint8_t TM1637_ReadReg(uint8_t reg);
      | ^~~~~~~
../Core/Inc/tm1637.h:13:1: note: 'uint8_t' is defined in header '<stdint.h>'; did you forget to '#include <stdint.h>'?
../Core/Inc/tm1637.h:13:24: error: unknown type name 'uint8_t'
   13 | uint8_t TM1637_ReadReg(uint8_t reg);
      |                        ^~~~~~~
../Core/Inc/tm1637.h:13:24: note: 'uint8_t' is defined in header '<stdint.h>'; did you forget to '#include <stdint.h>'?
../Core/Src/tm1637.c: In function 'TM1637_SetOutput':
../Core/Src/tm1637.c:9:3: error: unknown type name 'GPIO_InitTypeDef'
    9 |   GPIO_InitTypeDef GPIO_InitStruct = {0};
      |   ^~~~~~~~~~~~~~~~
../Core/Src/tm1637.c:10:18: error: request for member 'Pin' in something not a structure or union
   10 |   GPIO_InitStruct.Pin = DAT_DIS_Pin;
      |                  ^
../Core/Src/tm1637.c:10:25: error: 'DAT_DIS_Pin' undeclared (first use in this function)
   10 |   GPIO_InitStruct.Pin = DAT_DIS_Pin;
      |                         ^~~~~~~~~~~
../Core/Src/tm1637.c:10:25: note: each undeclared identifier is reported only once for each function it appears in
../Core/Src/tm1637.c:11:18: error: request for member 'Mode' in something not a structure or union
   11 |   GPIO_InitStruct.Mode = GPIO_MODE_OUTPUT_PP;
      |                  ^
../Core/Src/tm1637.c:11:26: error: 'GPIO_MODE_OUTPUT_PP' undeclared (first use in this function)
   11 |   GPIO_InitStruct.Mode = GPIO_MODE_OUTPUT_PP;
      |                          ^~~~~~~~~~~~~~~~~~~
../Core/Src/tm1637.c:12:18: error: request for member 'Pull' in something not a structure or union
   12 |   GPIO_InitStruct.Pull = GPIO_NOPULL;
      |                  ^
../Core/Src/tm1637.c:12:26: error: 'GPIO_NOPULL' undeclared (first use in this function)
   12 |   GPIO_InitStruct.Pull = GPIO_NOPULL;
      |                          ^~~~~~~~~~~
../Core/Src/tm1637.c:13:18: error: request for member 'Speed' in something not a structure or union
   13 |   GPIO_InitStruct.Speed = GPIO_SPEED_FREQ_LOW;
      |                  ^
../Core/Src/tm1637.c:13:27: error: 'GPIO_SPEED_FREQ_LOW' undeclared (first use in this function)
   13 |   GPIO_InitStruct.Speed = GPIO_SPEED_FREQ_LOW;
      |                           ^~~~~~~~~~~~~~~~~~~
../Core/Inc/tm1637.h:4:21: warning: implicit declaration of function 'HAL_GPIO_Init' [-Wimplicit-function-declaration]
    4 | #define GPIO_Init_A HAL_GPIO_Init(GPIOA, &GPIO_InitStruct);
      |                     ^~~~~~~~~~~~~
../Core/Src/tm1637.c:14:3: note: in expansion of macro 'GPIO_Init_A'
   14 |   GPIO_Init_A;
      |   ^~~~~~~~~~~
../Core/Inc/tm1637.h:4:35: error: 'GPIOA' undeclared (first use in this function)
    4 | #define GPIO_Init_A HAL_GPIO_Init(GPIOA, &GPIO_InitStruct);
      |                                   ^~~~~
../Core/Src/tm1637.c:14:3: note: in expansion of macro 'GPIO_Init_A'
   14 |   GPIO_Init_A;
      |   ^~~~~~~~~~~
../Core/Src/tm1637.c: In function 'TM1637_SetInput':
../Core/Src/tm1637.c:20:3: error: unknown type name 'GPIO_InitTypeDef'
   20 |   GPIO_InitTypeDef GPIO_InitStruct = {0};
      |   ^~~~~~~~~~~~~~~~
../Core/Src/tm1637.c:21:18: error: request for member 'Pin' in something not a structure or union
   21 |   GPIO_InitStruct.Pin = DAT_DIS_Pin;
      |                  ^
../Core/Src/tm1637.c:21:25: error: 'DAT_DIS_Pin' undeclared (first use in this function)
   21 |   GPIO_InitStruct.Pin = DAT_DIS_Pin;
      |                         ^~~~~~~~~~~
../Core/Src/tm1637.c:22:18: error: request for member 'Mode' in something not a structure or union
   22 |   GPIO_InitStruct.Mode = GPIO_MODE_INPUT;
      |                  ^
../Core/Src/tm1637.c:22:26: error: 'GPIO_MODE_INPUT' undeclared (first use in this function)
   22 |   GPIO_InitStruct.Mode = GPIO_MODE_INPUT;
      |                          ^~~~~~~~~~~~~~~
../Core/Src/tm1637.c:23:18: error: request for member 'Pull' in something not a structure or union
   23 |   GPIO_InitStruct.Pull = GPIO_NOPULL;
      |                  ^
../Core/Src/tm1637.c:23:26: error: 'GPIO_NOPULL' undeclared (first use in this function)
   23 |   GPIO_InitStruct.Pull = GPIO_NOPULL;
      |                          ^~~~~~~~~~~
../Core/Src/tm1637.c:24:18: error: request for member 'Speed' in something not a structure or union
   24 |   GPIO_InitStruct.Speed = GPIO_SPEED_FREQ_LOW;
      |                  ^
../Core/Src/tm1637.c:24:27: error: 'GPIO_SPEED_FREQ_LOW' undeclared (first use in this function)
   24 |   GPIO_InitStruct.Speed = GPIO_SPEED_FREQ_LOW;
      |                           ^~~~~~~~~~~~~~~~~~~
../Core/Inc/tm1637.h:4:35: error: 'GPIOA' undeclared (first use in this function)
    4 | #define GPIO_Init_A HAL_GPIO_Init(GPIOA, &GPIO_InitStruct);
      |                                   ^~~~~
../Core/Src/tm1637.c:25:3: note: in expansion of macro 'GPIO_Init_A'
   25 |   GPIO_Init_A;
      |   ^~~~~~~~~~~
../Core/Src/tm1637.c: In function 'TM1637_WriteByte':
../Core/Src/tm1637.c:44:7: warning: implicit declaration of function 'HAL_GPIO_WritePin' [-Wimplicit-function-declaration]
   44 |       HAL_GPIO_WritePin(GPIOA, DAT_DIS_Pin, GPIO_PIN_SET);
      |       ^~~~~~~~~~~~~~~~~
../Core/Src/tm1637.c:44:25: error: 'GPIOA' undeclared (first use in this function)
   44 |       HAL_GPIO_WritePin(GPIOA, DAT_DIS_Pin, GPIO_PIN_SET);
      |                         ^~~~~
../Core/Src/tm1637.c:44:32: error: 'DAT_DIS_Pin' undeclared (first use in this function)
   44 |       HAL_GPIO_WritePin(GPIOA, DAT_DIS_Pin, GPIO_PIN_SET);
      |                                ^~~~~~~~~~~
../Core/Src/tm1637.c:44:45: error: 'GPIO_PIN_SET' undeclared (first use in this function)
   44 |       HAL_GPIO_WritePin(GPIOA, DAT_DIS_Pin, GPIO_PIN_SET);
      |                                             ^~~~~~~~~~~~
[...]
../Core/Src/main.c: In function 'main':
../Core/Src/main.c:124:3: warning: implicit declaration of function 'TM1637_Start'; did you mean 'TM1637_SetInput'? [-Wimplicit-function-declaration]
  124 |   TM1637_Start();
      |   ^~~~~~~~~~~~
      |   TM1637_SetInput
../Core/Src/main.c:129:3: warning: implicit declaration of function 'TM1637_Stop'; did you mean 'TM1637_SetInput'? [-Wimplicit-function-declaration]
  129 |   TM1637_Stop();
      |   ^~~~~~~~~~~
      |   TM1637_SetInput
arm-none-eabi-gcc -o "ch4_I2C.elf" @"objects.list"   -mcpu=cortex-m4 -T"C:\Users\CAMMSYS\STM32CubeIDE\workspace_1.19.0\ch4_I2C\STM32L412RBTXP_FLASH.ld" --specs=nosys.specs -Wl,-Map="ch4_I2C.map" -Wl,--gc-sections -static --specs=nano.specs -mfpu=fpv4-sp-d16 -mfloat-abi=hard -mthumb -Wl,--start-group -lc -lm -Wl,--end-group
Finished building target: ch4_I2C.elf
 
arm-none-eabi-size  ch4_I2C.elf 
arm-none-eabi-objdump -h -S ch4_I2C.elf  > "ch4_I2C.list"
   text	   data	    bss	    dec	    hex	filename
  17236	    104	   2040	  19380	   4bb4	ch4_I2C.elf
Finished building: default.size.stdout
 
Finished building: ch4_I2C.list
 
14:50:01 **** Incremental Build of configuration Debug for project ch4_I2C ****
make -j20 all 
arm-none-eabi-size  ch4_I2C.elf 
   text	   data	    bss	    dec	    hex	filename
  17236	    104	   2040	  19380	   4bb4	ch4_I2C.elf
Finished building: default.size.stdout
 
14:51:29 **** Incremental Build of configuration Debug for project ch4_I2C ****
make -j20 all 
arm-none-eabi-size  ch4_I2C.elf 
   text	   data	    bss	    dec	    hex	filename
  17236	    104	   2040	  19380	   4bb4	ch4_I2C.elf
Finished building: default.size.stdout
 
15:40:13 **** Incremental Build of configuration Debug for project ch4_I2C ****
make -j20 all 
arm-none-eabi-gcc "../Core/Src/ds1302.c" -mcpu=cortex-m4 -std=gnu11 -g3 -DDEBUG -DUSE_HAL_DRIVER -DSTM32L412xx -c -I../Core/Inc -I../Drivers/STM32L4xx_HAL_Driver/Inc -I../Drivers/STM32L4xx_HAL_Driver/Inc/Legacy -I../Drivers/CMSIS/Device/ST/STM32L4xx/Include -I../Drivers/CMSIS/Include -O0 -ffunction-sections -fdata-sections -Wall -fstack-usage -fcyclomatic-complexity -MMD -MP -MF"Core/Src/ds1302.d" -MT"Core/Src/ds1302.o" --specs=nano.specs -mfpu=fpv4-sp-d16 -mfloat-abi=hard -mthumb -o "Core/Src/ds1302.o"
arm-none-eabi-gcc "../Core/Src/main.c" -mcpu=cortex-m4 -std=gnu11 -g3 -DDEBUG -DUSE_HAL_DRIVER -DSTM32L412xx -c -I../Core/Inc -I../Drivers/STM32L4xx_HAL_Driver/Inc -I../Drivers/STM32L4xx_HAL_Driver/Inc/Legacy -I../Drivers/CMSIS/Device/ST/STM32L4xx/Include -I../Drivers/CMSIS/Include -O0 -ffunction-sections -fdata-sections -Wall -fstack-usage -fcyclomatic-complexity -MMD -MP -MF"Core/Src/main.d" -MT"Core/Src/main.o" --specs=nano.specs -mfpu=fpv4-sp-d16 -mfloat-abi=hard -mthumb -o "Core/Src/main.o"
arm-none-eabi-gcc "../Core/Src/stm32l4xx_hal_msp.c" -mcpu=cortex-m4 -std=gnu11 -g3 -DDEBUG -DUSE_HAL_DRIVER -DSTM32L412xx -c -I../Core/Inc -I../Drivers/STM32L4xx_HAL_Driver/Inc -I../Drivers/STM32L4xx_HAL_Driver/Inc/Legacy -I../Drivers/CMSIS/Device/ST/STM32L4xx/Include -I../Drivers/CMSIS/Include -O0 -ffunction-sections -fdata-sections -Wall -fstack-usage -fcyclomatic-complexity -MMD -MP -MF"Core/Src/stm32l4xx_hal_msp.d" -MT"Core/Src/stm32l4xx_hal_msp.o" --specs=nano.specs -mfpu=fpv4-sp-d16 -mfloat-abi=hard -mthumb -o "Core/Src/stm32l4xx_hal_msp.o"
arm-none-eabi-gcc "../Core/Src/stm32l4xx_it.c" -mcpu=cortex-m4 -std=gnu11 -g3 -DDEBUG -DUSE_HAL_DRIVER -DSTM32L412xx -c -I../Core/Inc -I../Drivers/STM32L4xx_HAL_Driver/Inc -I../Drivers/STM32L4xx_HAL_Driver/Inc/Legacy -I../Drivers/CMSIS/Device/ST/STM32L4xx/Include -I../Drivers/CMSIS/Include -O0 -ffunction-sections -fdata-sections -Wall -fstack-usage -fcyclomatic-complexity -MMD -MP -MF"Core/Src/stm32l4xx_it.d" -MT"Core/Src/stm32l4xx_it.o" --specs=nano.specs -mfpu=fpv4-sp-d16 -mfloat-abi=hard -mthumb -o "Core/Src/stm32l4xx_it.o"
arm-none-eabi-gcc "../Core/Src/tm1637.c" -mcpu=cortex-m4 -std=gnu11 -g3 -DDEBUG -DUSE_HAL_DRIVER -DSTM32L412xx -c -I../Core/Inc -I../Drivers/STM32L4xx_HAL_Driver/Inc -I../Drivers/STM32L4xx_HAL_Driver/Inc/Legacy -I../Drivers/CMSIS/Device/ST/STM32L4xx/Include -I../Drivers/CMSIS/Include -O0 -ffunction-sections -fdata-sections -Wall -fstack-usage -fcyclomatic-complexity -MMD -MP -MF"Core/Src/tm1637.d" -MT"Core/Src/tm1637.o" --specs=nano.specs -mfpu=fpv4-sp-d16 -mfloat-abi=hard -mthumb -o "Core/Src/tm1637.o"
../Core/Src/ds1302.c: In function 'days':
../Core/Src/ds1302.c:50:10: warning: returning 'const char * (*)(uint8_t)' {aka 'const char * (*)(unsigned char)'} from a function with incompatible return type 'const char *' [-Wincompatible-pointer-types]
   50 |   return days;
      |          ^~~~
../Core/Src/ds1302.c: In function 'burst_mode':
../Core/Src/ds1302.c:68:10: warning: assignment to 'uint8_t' {aka 'unsigned char'} from 'const char *' makes integer from pointer without a cast [-Wint-conversion]
   68 |   r->Day = days(DS1302_ReadByte());
      |          ^
../Core/Src/ds1302.c: In function 'burst_mode_printf':
../Core/Src/ds1302.c:87:25: warning: format '%s' expects argument of type 'char *', but argument 2 has type 'int' [-Wformat=]
   87 |   printf("[] Read Day: %s \r\n", r->Day);
      |                        ~^        ~~~~~~
      |                         |         |
      |                         char *    int
      |                        %d
../Core/Src/main.c: In function 'main':
../Core/Src/main.c:124:3: warning: implicit declaration of function 'TM1637_Start'; did you mean 'TM1637_SetInput'? [-Wimplicit-function-declaration]
  124 |   TM1637_Start();
      |   ^~~~~~~~~~~~
      |   TM1637_SetInput
../Core/Src/main.c:129:3: warning: implicit declaration of function 'TM1637_Stop'; did you mean 'TM1637_SetInput'? [-Wimplicit-function-declaration]
  129 |   TM1637_Stop();
      |   ^~~~~~~~~~~
      |   TM1637_SetInput
arm-none-eabi-gcc -o "ch4_I2C.elf" @"objects.list"   -mcpu=cortex-m4 -T"C:\Users\CAMMSYS\STM32CubeIDE\workspace_1.19.0\ch4_I2C\STM32L412RBTXP_FLASH.ld" --specs=nosys.specs -Wl,-Map="ch4_I2C.map" -Wl,--gc-sections -static --specs=nano.specs -mfpu=fpv4-sp-d16 -mfloat-abi=hard -mthumb -Wl,--start-group -lc -lm -Wl,--end-group
Finished building target: ch4_I2C.elf
 
arm-none-eabi-size  ch4_I2C.elf 
arm-none-eabi-objdump -h -S ch4_I2C.elf  > "ch4_I2C.list"
   text	   data	    bss	    dec	    hex	filename
  17268	    104	   2040	  19412	   4bd4	ch4_I2C.elf
Finished building: default.size.stdout
 
Finished building: ch4_I2C.list
 
15:44:32 **** Incremental Build of configuration Debug for project ch4_I2C ****
make -j20 all 
arm-none-eabi-gcc "../Core/Src/main.c" -mcpu=cortex-m4 -std=gnu11 -g3 -DDEBUG -DUSE_HAL_DRIVER -DSTM32L412xx -c -I../Core/Inc -I../Drivers/STM32L4xx_HAL_Driver/Inc -I../Drivers/STM32L4xx_HAL_Driver/Inc/Legacy -I../Drivers/CMSIS/Device/ST/STM32L4xx/Include -I../Drivers/CMSIS/Include -O0 -ffunction-sections -fdata-sections -Wall -fstack-usage -fcyclomatic-complexity -MMD -MP -MF"Core/Src/main.d" -MT"Core/Src/main.o" --specs=nano.specs -mfpu=fpv4-sp-d16 -mfloat-abi=hard -mthumb -o "Core/Src/main.o"
../Core/Src/main.c: In function 'main':
../Core/Src/main.c:131:3: warning: implicit declaration of function 'TM1637_Start'; did you mean 'TM1637_SetInput'? [-Wimplicit-function-declaration]
  131 |   TM1637_Start();
      |   ^~~~~~~~~~~~
      |   TM1637_SetInput
../Core/Src/main.c:136:3: warning: implicit declaration of function 'TM1637_Stop'; did you mean 'TM1637_SetInput'? [-Wimplicit-function-declaration]
  136 |   TM1637_Stop();
      |   ^~~~~~~~~~~
      |   TM1637_SetInput
arm-none-eabi-gcc -o "ch4_I2C.elf" @"objects.list"   -mcpu=cortex-m4 -T"C:\Users\CAMMSYS\STM32CubeIDE\workspace_1.19.0\ch4_I2C\STM32L412RBTXP_FLASH.ld" --specs=nosys.specs -Wl,-Map="ch4_I2C.map" -Wl,--gc-sections -static --specs=nano.specs -mfpu=fpv4-sp-d16 -mfloat-abi=hard -mthumb -Wl,--start-group -lc -lm -Wl,--end-group
Finished building target: ch4_I2C.elf
 
arm-none-eabi-size  ch4_I2C.elf 
arm-none-eabi-objdump -h -S ch4_I2C.elf  > "ch4_I2C.list"
   text	   data	    bss	    dec	    hex	filename
  17268	    104	   2040	  19412	   4bd4	ch4_I2C.elf
Finished building: default.size.stdout
 
Finished building: ch4_I2C.list
 
15:46:30 **** Incremental Build of configuration Debug for project ch4_I2C ****
make -j20 all 
arm-none-eabi-gcc "../Core/Src/main.c" -mcpu=cortex-m4 -std=gnu11 -g3 -DDEBUG -DUSE_HAL_DRIVER -DSTM32L412xx -c -I../Core/Inc -I../Drivers/STM32L4xx_HAL_Driver/Inc -I../Drivers/STM32L4xx_HAL_Driver/Inc/Legacy -I../Drivers/CMSIS/Device/ST/STM32L4xx/Include -I../Drivers/CMSIS/Include -O0 -ffunction-sections -fdata-sections -Wall -fstack-usage -fcyclomatic-complexity -MMD -MP -MF"Core/Src/main.d" -MT"Core/Src/main.o" --specs=nano.specs -mfpu=fpv4-sp-d16 -mfloat-abi=hard -mthumb -o "Core/Src/main.o"
arm-none-eabi-gcc "../Core/Src/tm1637.c" -mcpu=cortex-m4 -std=gnu11 -g3 -DDEBUG -DUSE_HAL_DRIVER -DSTM32L412xx -c -I../Core/Inc -I../Drivers/STM32L4xx_HAL_Driver/Inc -I../Drivers/STM32L4xx_HAL_Driver/Inc/Legacy -I../Drivers/CMSIS/Device/ST/STM32L4xx/Include -I../Drivers/CMSIS/Include -O0 -ffunction-sections -fdata-sections -Wall -fstack-usage -fcyclomatic-complexity -MMD -MP -MF"Core/Src/tm1637.d" -MT"Core/Src/tm1637.o" --specs=nano.specs -mfpu=fpv4-sp-d16 -mfloat-abi=hard -mthumb -o "Core/Src/tm1637.o"
../Core/Src/main.c: In function 'main':
../Core/Src/main.c:131:3: warning: implicit declaration of function 'TM1637_Start'; did you mean 'TM1637_SetInput'? [-Wimplicit-function-declaration]
  131 |   TM1637_Start();
      |   ^~~~~~~~~~~~
      |   TM1637_SetInput
../Core/Src/main.c:136:3: warning: implicit declaration of function 'TM1637_Stop'; did you mean 'TM1637_SetInput'? [-Wimplicit-function-declaration]
  136 |   TM1637_Stop();
      |   ^~~~~~~~~~~
      |   TM1637_SetInput
arm-none-eabi-gcc -o "ch4_I2C.elf" @"objects.list"   -mcpu=cortex-m4 -T"C:\Users\CAMMSYS\STM32CubeIDE\workspace_1.19.0\ch4_I2C\STM32L412RBTXP_FLASH.ld" --specs=nosys.specs -Wl,-Map="ch4_I2C.map" -Wl,--gc-sections -static --specs=nano.specs -mfpu=fpv4-sp-d16 -mfloat-abi=hard -mthumb -Wl,--start-group -lc -lm -Wl,--end-group
Finished building target: ch4_I2C.elf
 
arm-none-eabi-size  ch4_I2C.elf 
arm-none-eabi-objdump -h -S ch4_I2C.elf  > "ch4_I2C.list"
   text	   data	    bss	    dec	    hex	filename
  17024	    104	   2040	  19168	   4ae0	ch4_I2C.elf
Finished building: default.size.stdout
 
Finished building: ch4_I2C.list
 
15:46:45 **** Incremental Build of configuration Debug for project ch4_I2C ****
make -j20 all 
arm-none-eabi-size  ch4_I2C.elf 
   text	   data	    bss	    dec	    hex	filename
  17024	    104	   2040	  19168	   4ae0	ch4_I2C.elf
Finished building: default.size.stdout
 
15:47:23 **** Incremental Build of configuration Debug for project ch4_I2C ****
make -j20 all 
arm-none-eabi-size  ch4_I2C.elf 
   text	   data	    bss	    dec	    hex	filename
  17024	    104	   2040	  19168	   4ae0	ch4_I2C.elf
Finished building: default.size.stdout
 
16:34:24 **** Incremental Build of configuration Debug for project ch4_I2C ****
make -j20 all 
arm-none-eabi-gcc "../Core/Src/main.c" -mcpu=cortex-m4 -std=gnu11 -g3 -DDEBUG -DUSE_HAL_DRIVER -DSTM32L412xx -c -I../Core/Inc -I../Drivers/STM32L4xx_HAL_Driver/Inc -I../Drivers/STM32L4xx_HAL_Driver/Inc/Legacy -I../Drivers/CMSIS/Device/ST/STM32L4xx/Include -I../Drivers/CMSIS/Include -O0 -ffunction-sections -fdata-sections -Wall -fstack-usage -fcyclomatic-complexity -MMD -MP -MF"Core/Src/main.d" -MT"Core/Src/main.o" --specs=nano.specs -mfpu=fpv4-sp-d16 -mfloat-abi=hard -mthumb -o "Core/Src/main.o"
../Core/Src/main.c: In function 'main':
../Core/Src/main.c:131:3: warning: implicit declaration of function 'TM1637_Start'; did you mean 'TM1637_SetInput'? [-Wimplicit-function-declaration]
  131 |   TM1637_Start();
      |   ^~~~~~~~~~~~
      |   TM1637_SetInput
../Core/Src/main.c:136:3: warning: implicit declaration of function 'TM1637_Stop'; did you mean 'TM1637_SetInput'? [-Wimplicit-function-declaration]
  136 |   TM1637_Stop();
      |   ^~~~~~~~~~~
      |   TM1637_SetInput
arm-none-eabi-gcc -o "ch4_I2C.elf" @"objects.list"   -mcpu=cortex-m4 -T"C:\Users\CAMMSYS\STM32CubeIDE\workspace_1.19.0\ch4_I2C\STM32L412RBTXP_FLASH.ld" --specs=nosys.specs -Wl,-Map="ch4_I2C.map" -Wl,--gc-sections -static --specs=nano.specs -mfpu=fpv4-sp-d16 -mfloat-abi=hard -mthumb -Wl,--start-group -lc -lm -Wl,--end-group
Finished building target: ch4_I2C.elf
 
arm-none-eabi-size  ch4_I2C.elf 
arm-none-eabi-objdump -h -S ch4_I2C.elf  > "ch4_I2C.list"
   text	   data	    bss	    dec	    hex	filename
  17024	    104	   2040	  19168	   4ae0	ch4_I2C.elf
Finished building: default.size.stdout
 
Finished building: ch4_I2C.list
 
16:35:33 **** Incremental Build of configuration Debug for project ch4_I2C ****
make -j20 all 
arm-none-eabi-size  ch4_I2C.elf 
   text	   data	    bss	    dec	    hex	filename
  17024	    104	   2040	  19168	   4ae0	ch4_I2C.elf
Finished building: default.size.stdout
 
16:36:23 **** Incremental Build of configuration Debug for project ch4_I2C ****
make -j20 all 
arm-none-eabi-gcc "../Core/Src/main.c" -mcpu=cortex-m4 -std=gnu11 -g3 -DDEBUG -DUSE_HAL_DRIVER -DSTM32L412xx -c -I../Core/Inc -I../Drivers/STM32L4xx_HAL_Driver/Inc -I../Drivers/STM32L4xx_HAL_Driver/Inc/Legacy -I../Drivers/CMSIS/Device/ST/STM32L4xx/Include -I../Drivers/CMSIS/Include -O0 -ffunction-sections -fdata-sections -Wall -fstack-usage -fcyclomatic-complexity -MMD -MP -MF"Core/Src/main.d" -MT"Core/Src/main.o" --specs=nano.specs -mfpu=fpv4-sp-d16 -mfloat-abi=hard -mthumb -o "Core/Src/main.o"
arm-none-eabi-gcc "../Core/Src/tm1637.c" -mcpu=cortex-m4 -std=gnu11 -g3 -DDEBUG -DUSE_HAL_DRIVER -DSTM32L412xx -c -I../Core/Inc -I../Drivers/STM32L4xx_HAL_Driver/Inc -I../Drivers/STM32L4xx_HAL_Driver/Inc/Legacy -I../Drivers/CMSIS/Device/ST/STM32L4xx/Include -I../Drivers/CMSIS/Include -O0 -ffunction-sections -fdata-sections -Wall -fstack-usage -fcyclomatic-complexity -MMD -MP -MF"Core/Src/tm1637.d" -MT"Core/Src/tm1637.o" --specs=nano.specs -mfpu=fpv4-sp-d16 -mfloat-abi=hard -mthumb -o "Core/Src/tm1637.o"
../Core/Src/main.c: In function 'main':
../Core/Src/main.c:131:3: warning: implicit declaration of function 'TM1637_Start'; did you mean 'TM1637_SetInput'? [-Wimplicit-function-declaration]
  131 |   TM1637_Start();
      |   ^~~~~~~~~~~~
      |   TM1637_SetInput
../Core/Src/main.c:136:3: warning: implicit declaration of function 'TM1637_Stop'; did you mean 'TM1637_SetInput'? [-Wimplicit-function-declaration]
  136 |   TM1637_Stop();
      |   ^~~~~~~~~~~
      |   TM1637_SetInput
arm-none-eabi-gcc -o "ch4_I2C.elf" @"objects.list"   -mcpu=cortex-m4 -T"C:\Users\CAMMSYS\STM32CubeIDE\workspace_1.19.0\ch4_I2C\STM32L412RBTXP_FLASH.ld" --specs=nosys.specs -Wl,-Map="ch4_I2C.map" -Wl,--gc-sections -static --specs=nano.specs -mfpu=fpv4-sp-d16 -mfloat-abi=hard -mthumb -Wl,--start-group -lc -lm -Wl,--end-group
Finished building target: ch4_I2C.elf
 
arm-none-eabi-size  ch4_I2C.elf 
arm-none-eabi-objdump -h -S ch4_I2C.elf  > "ch4_I2C.list"
   text	   data	    bss	    dec	    hex	filename
  17024	    104	   2040	  19168	   4ae0	ch4_I2C.elf
Finished building: default.size.stdout
 
Finished building: ch4_I2C.list
 
16:36:44 **** Incremental Build of configuration Debug for project ch4_I2C ****
make -j20 all 
arm-none-eabi-size  ch4_I2C.elf 
   text	   data	    bss	    dec	    hex	filename
  17024	    104	   2040	  19168	   4ae0	ch4_I2C.elf
Finished building: default.size.stdout
 
16:43:42 **** Incremental Build of configuration Debug for project ch4_I2C ****
make -j20 all 
arm-none-eabi-gcc "../Core/Src/main.c" -mcpu=cortex-m4 -std=gnu11 -g3 -DDEBUG -DUSE_HAL_DRIVER -DSTM32L412xx -c -I../Core/Inc -I../Drivers/STM32L4xx_HAL_Driver/Inc -I../Drivers/STM32L4xx_HAL_Driver/Inc/Legacy -I../Drivers/CMSIS/Device/ST/STM32L4xx/Include -I../Drivers/CMSIS/Include -O0 -ffunction-sections -fdata-sections -Wall -fstack-usage -fcyclomatic-complexity -MMD -MP -MF"Core/Src/main.d" -MT"Core/Src/main.o" --specs=nano.specs -mfpu=fpv4-sp-d16 -mfloat-abi=hard -mthumb -o "Core/Src/main.o"
arm-none-eabi-gcc "../Core/Src/tm1637.c" -mcpu=cortex-m4 -std=gnu11 -g3 -DDEBUG -DUSE_HAL_DRIVER -DSTM32L412xx -c -I../Core/Inc -I../Drivers/STM32L4xx_HAL_Driver/Inc -I../Drivers/STM32L4xx_HAL_Driver/Inc/Legacy -I../Drivers/CMSIS/Device/ST/STM32L4xx/Include -I../Drivers/CMSIS/Include -O0 -ffunction-sections -fdata-sections -Wall -fstack-usage -fcyclomatic-complexity -MMD -MP -MF"Core/Src/tm1637.d" -MT"Core/Src/tm1637.o" --specs=nano.specs -mfpu=fpv4-sp-d16 -mfloat-abi=hard -mthumb -o "Core/Src/tm1637.o"
../Core/Src/main.c: In function 'main':
../Core/Src/main.c:125:3: warning: implicit declaration of function 'TM1637_Start'; did you mean 'TM1637_SetInput'? [-Wimplicit-function-declaration]
  125 |   TM1637_Start();
      |   ^~~~~~~~~~~~
      |   TM1637_SetInput
../Core/Src/main.c:130:3: warning: implicit declaration of function 'TM1637_Stop'; did you mean 'TM1637_SetInput'? [-Wimplicit-function-declaration]
  130 |   TM1637_Stop();
      |   ^~~~~~~~~~~
      |   TM1637_SetInput
arm-none-eabi-gcc -o "ch4_I2C.elf" @"objects.list"   -mcpu=cortex-m4 -T"C:\Users\CAMMSYS\STM32CubeIDE\workspace_1.19.0\ch4_I2C\STM32L412RBTXP_FLASH.ld" --specs=nosys.specs -Wl,-Map="ch4_I2C.map" -Wl,--gc-sections -static --specs=nano.specs -mfpu=fpv4-sp-d16 -mfloat-abi=hard -mthumb -Wl,--start-group -lc -lm -Wl,--end-group
Finished building target: ch4_I2C.elf
 
arm-none-eabi-size  ch4_I2C.elf 
arm-none-eabi-objdump -h -S ch4_I2C.elf  > "ch4_I2C.list"
   text	   data	    bss	    dec	    hex	filename
  17280	    104	   2040	  19424	   4be0	ch4_I2C.elf
Finished building: default.size.stdout
 
Finished building: ch4_I2C.list
 
16:43:47 **** Incremental Build of configuration Debug for project ch4_I2C ****
make -j20 all 
arm-none-eabi-size  ch4_I2C.elf 
   text	   data	    bss	    dec	    hex	filename
  17280	    104	   2040	  19424	   4be0	ch4_I2C.elf
Finished building: default.size.stdout
 
16:45:36 **** Incremental Build of configuration Debug for project ch4_I2C ****
make -j20 all 
arm-none-eabi-size  ch4_I2C.elf 
   text	   data	    bss	    dec	    hex	filename
  17280	    104	   2040	  19424	   4be0	ch4_I2C.elf
Finished building: default.size.stdout
 
16:49:28 **** Incremental Build of configuration Debug for project ch4_I2C ****
make -j20 all 
arm-none-eabi-gcc "../Core/Src/tm1637.c" -mcpu=cortex-m4 -std=gnu11 -g3 -DDEBUG -DUSE_HAL_DRIVER -DSTM32L412xx -c -I../Core/Inc -I../Drivers/STM32L4xx_HAL_Driver/Inc -I../Drivers/STM32L4xx_HAL_Driver/Inc/Legacy -I../Drivers/CMSIS/Device/ST/STM32L4xx/Include -I../Drivers/CMSIS/Include -O0 -ffunction-sections -fdata-sections -Wall -fstack-usage -fcyclomatic-complexity -MMD -MP -MF"Core/Src/tm1637.d" -MT"Core/Src/tm1637.o" --specs=nano.specs -mfpu=fpv4-sp-d16 -mfloat-abi=hard -mthumb -o "Core/Src/tm1637.o"
arm-none-eabi-gcc -o "ch4_I2C.elf" @"objects.list"   -mcpu=cortex-m4 -T"C:\Users\CAMMSYS\STM32CubeIDE\workspace_1.19.0\ch4_I2C\STM32L412RBTXP_FLASH.ld" --specs=nosys.specs -Wl,-Map="ch4_I2C.map" -Wl,--gc-sections -static --specs=nano.specs -mfpu=fpv4-sp-d16 -mfloat-abi=hard -mthumb -Wl,--start-group -lc -lm -Wl,--end-group
Finished building target: ch4_I2C.elf
 
arm-none-eabi-size  ch4_I2C.elf 
arm-none-eabi-objdump -h -S ch4_I2C.elf  > "ch4_I2C.list"
   text	   data	    bss	    dec	    hex	filename
  17360	    104	   2040	  19504	   4c30	ch4_I2C.elf
Finished building: default.size.stdout
 
Finished building: ch4_I2C.list
 
16:49:40 **** Incremental Build of configuration Debug for project ch4_I2C ****
make -j20 all 
arm-none-eabi-size  ch4_I2C.elf 
   text	   data	    bss	    dec	    hex	filename
  17360	    104	   2040	  19504	   4c30	ch4_I2C.elf
Finished building: default.size.stdout
 
16:50:21 **** Incremental Build of configuration Debug for project ch4_I2C ****
make -j20 all 
arm-none-eabi-size  ch4_I2C.elf 
   text	   data	    bss	    dec	    hex	filename
  17360	    104	   2040	  19504	   4c30	ch4_I2C.elf
Finished building: default.size.stdout
 
