17:01:15 **** Incremental Build of configuration Debug for project L412_test_v5 ****
make -j20 all 
arm-none-eabi-gcc "../Core/Src/main.c" -mcpu=cortex-m4 -std=gnu11 -g3 -DDEBUG -DUSE_HAL_DRIVER -DSTM32L412xx -c -I../Core/Inc -I../Drivers/STM32L4xx_HAL_Driver/Inc -I../Drivers/STM32L4xx_HAL_Driver/Inc/Legacy -I../Drivers/CMSIS/Device/ST/STM32L4xx/Include -I../Drivers/CMSIS/Include -O0 -ffunction-sections -fdata-sections -Wall -fstack-usage -fcyclomatic-complexity -MMD -MP -MF"Core/Src/main.d" -MT"Core/Src/main.o" --specs=nano.specs -mfpu=fpv4-sp-d16 -mfloat-abi=hard -mthumb -o "Core/Src/main.o"
arm-none-eabi-gcc -o "L412_test_v5.elf" @"objects.list"   -mcpu=cortex-m4 -T"C:\Users\CAMMSYS\STM32CubeIDE\workspace_1.19.0\L412_test_v5\STM32L412RBTXP_FLASH.ld" --specs=nosys.specs -Wl,-Map="L412_test_v5.map" -Wl,--gc-sections -static --specs=nano.specs -mfpu=fpv4-sp-d16 -mfloat-abi=hard -mthumb -Wl,--start-group -lc -lm -Wl,--end-group
Finished building target: L412_test_v5.elf
 
arm-none-eabi-size  L412_test_v5.elf 
arm-none-eabi-objdump -h -S L412_test_v5.elf  > "L412_test_v5.list"
   text	   data	    bss	    dec	    hex	filename
  19292	     92	   2196	  21580	   544c	L412_test_v5.elf
Finished building: default.size.stdout
 
Finished building: L412_test_v5.list
 

17:01:17 Build Finished. 0 errors, 0 warnings. (took 1s.623ms)

